 BabyFirstVulCan

 Timestamp is 5980f3ee (Tue Aug  1 15:34:38 2017)

 Preferred load address is 00400000

 Start         Length     Name                   Class
 0001:00000000 0004f3d1H .textbss                DATA
 0002:00000000 0000d1b0H .text$di                CODE
 0002:0000d1b0 0009bfc0H .text$mn                CODE
 0002:000a9170 000062f0H .text$x                 CODE
 0002:000af460 0000124bH .text$yd                CODE
 0003:00000000 00000104H .CRT$XCA                DATA
 0003:00000104 00000104H .CRT$XCAA               DATA
 0003:00000208 00000104H .CRT$XCL                DATA
 0003:0000030c 00000114H .CRT$XCU                DATA
 0003:00000420 00000104H .CRT$XCZ                DATA
 0003:00000524 00000104H .CRT$XIA                DATA
 0003:00000628 00000104H .CRT$XIAA               DATA
 0003:0000072c 00000104H .CRT$XIAC               DATA
 0003:00000830 00000104H .CRT$XIC                DATA
 0003:00000934 00000104H .CRT$XIZ                DATA
 0003:00000a38 00000004H .CRT$XLA                DATA
 0003:00000a3c 00000004H .CRT$XLZ                DATA
 0003:00000a40 00000104H .CRT$XPA                DATA
 0003:00000b44 00000104H .CRT$XPZ                DATA
 0003:00000c48 00000104H .CRT$XTA                DATA
 0003:00000d4c 00000104H .CRT$XTZ                DATA
 0003:00000e50 00008620H .rdata                  DATA
 0003:00009470 0000011cH .rdata$T                DATA
 0003:0000958c 000014d4H .rdata$r                DATA
 0003:0000aa60 000001a8H .rdata$zzzdbg           DATA
 0003:0000ac08 00000104H .rtc$IAA                DATA
 0003:0000ad0c 00000104H .rtc$IMZ                DATA
 0003:0000ae10 00000104H .rtc$IZZ                DATA
 0003:0000af14 00000104H .rtc$TAA                DATA
 0003:0000b018 00000104H .rtc$TMZ                DATA
 0003:0000b11c 00000104H .rtc$TZZ                DATA
 0003:0000b220 0000689fH .xdata$x                DATA
 0003:00011abf 00000000H .edata                  DATA
 0004:00000000 0000053cH .data                   DATA
 0004:0000053c 000008c4H .data$r                 DATA
 0004:00000e00 00000540H .bss                    DATA
 0005:00000000 00000614H .idata$5                DATA
 0005:00000614 00000078H .idata$2                DATA
 0005:0000068c 00000014H .idata$3                DATA
 0005:000006a0 00000614H .idata$4                DATA
 0005:00000cb4 00002248H .idata$6                DATA
 0006:00000000 00000104H .tls                    DATA
 0006:00000104 00000104H .tls$                   DATA
 0006:00000208 00000101H .tls$ZZZ                DATA
 0007:00000000 00000104H .00cfg                  DATA
 0008:00000000 00000170H .rsrc$01                DATA
 0008:00000170 000002ccH .rsrc$02                DATA

  Address         Publics by Value              Rva+Base       Lib:Object

 0000:00000000       ___guard_iat_table         00000000     <absolute>
 0000:00000000       ___safe_se_handler_table   00000000     <absolute>
 0000:00000000       ___safe_se_handler_count   00000000     <absolute>
 0000:00000000       ___guard_fids_count        00000000     <absolute>
 0000:00000000       ___guard_fids_table        00000000     <absolute>
 0000:00000000       ___dynamic_value_reloc_table 00000000     <absolute>
 0000:00000000       ___guard_iat_count         00000000     <absolute>
 0000:00000000       ___guard_longjmp_count     00000000     <absolute>
 0000:00000000       ___guard_longjmp_table     00000000     <absolute>
 0000:0000002c       __tls_array                0000002c     <absolute>
 0000:00000100       ___guard_flags             00000100     <absolute>
 0000:00000000       ___ImageBase               00400000     <linker-defined>
 0001:00000000       __enc$textbss$begin        00401000     <linker-defined>
 0001:0004f3d1       __enc$textbss$end          004503d1     <linker-defined>
 0002:0000d2f0       ??$?0$$V@?$_Compressed_pair@U?$_Wrap_alloc@V?$allocator@D@std@@@std@@V?$_String_val@U?$_Simple_types@D@std@@@2@$00@std@@QAE@U_Zero_then_variadic_args_t@1@@Z 0045e2f0 f i v2.obj
 0002:0000d350       ??$?0$$V@?$_Compressed_pair@U?$_Wrap_alloc@V?$allocator@D@std@@@std@@V?$_Vector_val@U?$_Simple_types@D@std@@@2@$00@std@@QAE@U_Zero_then_variadic_args_t@1@@Z 0045e350 f i v2.obj
 0002:0000d3b0       ??$?0$$V@?$_Compressed_pair@U?$_Wrap_alloc@V?$allocator@PBD@std@@@std@@V?$_Vector_val@U?$_Simple_types@PBD@std@@@2@$00@std@@QAE@U_Zero_then_variadic_args_t@1@@Z 0045e3b0 f i v2.obj
 0002:0000d410       ??$?0$$V@?$_Compressed_pair@U?$_Wrap_alloc@V?$allocator@U?$_Tree_node@HPAX@std@@@std@@@std@@V?$_Tree_val@U?$_Tree_simple_types@H@std@@@2@$00@std@@QAE@U_Zero_then_variadic_args_t@1@@Z 0045e410 f i v2.obj
 0002:0000d470       ??$?0$$V@?$_Compressed_pair@U?$_Wrap_alloc@V?$allocator@U?$_Tree_node@V?$basic_string@DU?$char_traits@D@std@@V?$allocator@D@2@@std@@PAX@std@@@std@@@std@@V?$_Tree_val@U?$_Tree_simple_types@V?$basic_string@DU?$char_traits@D@std@@V?$allocator@D@2@@std@@@std@@@2@$00@std@@QAE@U_Zero_then_variadic_args_t@1@@Z 0045e470 f i v2.obj
 0002:0000d4d0       ??$?0$$V@?$_Compressed_pair@U?$_Wrap_alloc@V?$allocator@UDeviceQueueCreateInfo@vk@@@std@@@std@@V?$_Vector_val@U?$_Simple_types@UDeviceQueueCreateInfo@vk@@@std@@@2@$00@std@@QAE@U_Zero_then_variadic_args_t@1@@Z 0045e4d0 f i v2.obj
 0002:0000d530       ??$?0$$V@?$_Compressed_pair@U?$_Wrap_alloc@V?$allocator@UExtensionProperties@vk@@@std@@@std@@V?$_Vector_val@U?$_Simple_types@UExtensionProperties@vk@@@std@@@2@$00@std@@QAE@U_Zero_then_variadic_args_t@1@@Z 0045e530 f i v2.obj
 0002:0000d590       ??$?0$$V@?$_Compressed_pair@U?$_Wrap_alloc@V?$allocator@UQueueFamilyProperties@vk@@@std@@@std@@V?$_Vector_val@U?$_Simple_types@UQueueFamilyProperties@vk@@@std@@@2@$00@std@@QAE@U_Zero_then_variadic_args_t@1@@Z 0045e590 f i v2.obj
 0002:0000d5f0       ??$?0$$V@?$_Compressed_pair@U?$_Wrap_alloc@V?$allocator@USurfaceFormatKHR@vk@@@std@@@std@@V?$_Vector_val@U?$_Simple_types@USurfaceFormatKHR@vk@@@std@@@2@$00@std@@QAE@U_Zero_then_variadic_args_t@1@@Z 0045e5f0 f i v2.obj
 0002:0000d650       ??$?0$$V@?$_Compressed_pair@U?$_Wrap_alloc@V?$allocator@VCommandBuffer@vk@@@std@@@std@@V?$_Vector_val@U?$_Simple_types@VCommandBuffer@vk@@@std@@@2@$00@std@@QAE@U_Zero_then_variadic_args_t@1@@Z 0045e650 f i v2.obj
 0002:0000d6b0       ??$?0$$V@?$_Compressed_pair@U?$_Wrap_alloc@V?$allocator@VFramebuffer@vk@@@std@@@std@@V?$_Vector_val@U?$_Simple_types@VFramebuffer@vk@@@std@@@2@$00@std@@QAE@U_Zero_then_variadic_args_t@1@@Z 0045e6b0 f i v2.obj
 0002:0000d710       ??$?0$$V@?$_Compressed_pair@U?$_Wrap_alloc@V?$allocator@VImage@vk@@@std@@@std@@V?$_Vector_val@U?$_Simple_types@VImage@vk@@@std@@@2@$00@std@@QAE@U_Zero_then_variadic_args_t@1@@Z 0045e710 f i v2.obj
 0002:0000d770       ??$?0$$V@?$_Compressed_pair@U?$_Wrap_alloc@V?$allocator@VImageView@vk@@@std@@@std@@V?$_Vector_val@U?$_Simple_types@VImageView@vk@@@std@@@2@$00@std@@QAE@U_Zero_then_variadic_args_t@1@@Z 0045e770 f i v2.obj
 0002:0000d7d0       ??$?0$$V@?$_Compressed_pair@U?$_Wrap_alloc@V?$allocator@VPhysicalDevice@vk@@@std@@@std@@V?$_Vector_val@U?$_Simple_types@VPhysicalDevice@vk@@@std@@@2@$00@std@@QAE@U_Zero_then_variadic_args_t@1@@Z 0045e7d0 f i v2.obj
 0002:0000d830       ??$?0$$V@?$_Compressed_pair@U?$_Wrap_alloc@V?$allocator@W4PresentModeKHR@vk@@@std@@@std@@V?$_Vector_val@U?$_Simple_types@W4PresentModeKHR@vk@@@std@@@2@$00@std@@QAE@U_Zero_then_variadic_args_t@1@@Z 0045e830 f i v2.obj
 0002:0000d890       ??$?0AAU?$_Wrap_alloc@V?$allocator@D@std@@@std@@@?$_Wrap_alloc@V?$allocator@U_Container_proxy@std@@@std@@@std@@QAE@AAU?$_Wrap_alloc@V?$allocator@D@std@@@1@@Z 0045e890 f i v2.obj
 0002:0000d900       ??$?0AAU?$_Wrap_alloc@V?$allocator@G@std@@@std@@@?$_Wrap_alloc@V?$allocator@U_Container_proxy@std@@@std@@@std@@QAE@AAU?$_Wrap_alloc@V?$allocator@G@std@@@1@@Z 0045e900 f i v2.obj
 0002:0000d970       ??$?0AAU?$_Wrap_alloc@V?$allocator@PBD@std@@@std@@@?$_Wrap_alloc@V?$allocator@U_Container_proxy@std@@@std@@@std@@QAE@AAU?$_Wrap_alloc@V?$allocator@PBD@std@@@1@@Z 0045e970 f i v2.obj
 0002:0000d9e0       ??$?0AAU?$_Wrap_alloc@V?$allocator@TClearValue@vk@@@std@@@std@@@?$_Wrap_alloc@V?$allocator@U_Container_proxy@std@@@std@@@std@@QAE@AAU?$_Wrap_alloc@V?$allocator@TClearValue@vk@@@std@@@1@@Z 0045e9e0 f i v2.obj
 0002:0000da50       ??$?0AAU?$_Wrap_alloc@V?$allocator@U?$_Tree_node@HPAX@std@@@std@@@std@@@?$_Wrap_alloc@V?$allocator@U_Container_proxy@std@@@std@@@std@@QAE@AAU?$_Wrap_alloc@V?$allocator@U?$_Tree_node@HPAX@std@@@std@@@1@@Z 0045ea50 f i v2.obj
 0002:0000dac0       ??$?0AAU?$_Wrap_alloc@V?$allocator@U?$_Tree_node@V?$basic_string@DU?$char_traits@D@std@@V?$allocator@D@2@@std@@PAX@std@@@std@@@std@@@?$_Wrap_alloc@V?$allocator@U_Container_proxy@std@@@std@@@std@@QAE@AAU?$_Wrap_alloc@V?$allocator@U?$_Tree_node@V?$basic_string@DU?$char_traits@D@std@@V?$allocator@D@2@@std@@PAX@std@@@std@@@1@@Z 0045eac0 f i v2.obj
 0002:0000db30       ??$?0AAU?$_Wrap_alloc@V?$allocator@UAttachmentDescription@vk@@@std@@@std@@@?$_Wrap_alloc@V?$allocator@U_Container_proxy@std@@@std@@@std@@QAE@AAU?$_Wrap_alloc@V?$allocator@UAttachmentDescription@vk@@@std@@@1@@Z 0045eb30 f i v2.obj
 0002:0000dba0       ??$?0AAU?$_Wrap_alloc@V?$allocator@UDescriptorPoolSize@vk@@@std@@@std@@@?$_Wrap_alloc@V?$allocator@U_Container_proxy@std@@@std@@@std@@QAE@AAU?$_Wrap_alloc@V?$allocator@UDescriptorPoolSize@vk@@@std@@@1@@Z 0045eba0 f i v2.obj
 0002:0000dc10       ??$?0AAU?$_Wrap_alloc@V?$allocator@UDescriptorSetLayoutBinding@vk@@@std@@@std@@@?$_Wrap_alloc@V?$allocator@U_Container_proxy@std@@@std@@@std@@QAE@AAU?$_Wrap_alloc@V?$allocator@UDescriptorSetLayoutBinding@vk@@@std@@@1@@Z 0045ec10 f i v2.obj
 0002:0000dc80       ??$?0AAU?$_Wrap_alloc@V?$allocator@UDeviceQueueCreateInfo@vk@@@std@@@std@@@?$_Wrap_alloc@V?$allocator@U_Container_proxy@std@@@std@@@std@@QAE@AAU?$_Wrap_alloc@V?$allocator@UDeviceQueueCreateInfo@vk@@@std@@@1@@Z 0045ec80 f i v2.obj
 0002:0000dcf0       ??$?0AAU?$_Wrap_alloc@V?$allocator@UExtensionProperties@vk@@@std@@@std@@@?$_Wrap_alloc@V?$allocator@U_Container_proxy@std@@@std@@@std@@QAE@AAU?$_Wrap_alloc@V?$allocator@UExtensionProperties@vk@@@std@@@1@@Z 0045ecf0 f i v2.obj
 0002:0000dd60       ??$?0AAU?$_Wrap_alloc@V?$allocator@UQueueFamilyProperties@vk@@@std@@@std@@@?$_Wrap_alloc@V?$allocator@U_Container_proxy@std@@@std@@@std@@QAE@AAU?$_Wrap_alloc@V?$allocator@UQueueFamilyProperties@vk@@@std@@@1@@Z 0045ed60 f i v2.obj
 0002:0000ddd0       ??$?0AAU?$_Wrap_alloc@V?$allocator@USurfaceFormatKHR@vk@@@std@@@std@@@?$_Wrap_alloc@V?$allocator@U_Container_proxy@std@@@std@@@std@@QAE@AAU?$_Wrap_alloc@V?$allocator@USurfaceFormatKHR@vk@@@std@@@1@@Z 0045edd0 f i v2.obj
 0002:0000de40       ??$?0AAU?$_Wrap_alloc@V?$allocator@UVertex@@@std@@@std@@@?$_Wrap_alloc@V?$allocator@U_Container_proxy@std@@@std@@@std@@QAE@AAU?$_Wrap_alloc@V?$allocator@UVertex@@@std@@@1@@Z 0045ee40 f i v2.obj
 0002:0000deb0       ??$?0AAU?$_Wrap_alloc@V?$allocator@UVertexInputAttributeDescription@vk@@@std@@@std@@@?$_Wrap_alloc@V?$allocator@U_Container_proxy@std@@@std@@@std@@QAE@AAU?$_Wrap_alloc@V?$allocator@UVertexInputAttributeDescription@vk@@@std@@@1@@Z 0045eeb0 f i v2.obj
 0002:0000df20       ??$?0AAU?$_Wrap_alloc@V?$allocator@UVkLayerProperties@@@std@@@std@@@?$_Wrap_alloc@V?$allocator@U_Container_proxy@std@@@std@@@std@@QAE@AAU?$_Wrap_alloc@V?$allocator@UVkLayerProperties@@@std@@@1@@Z 0045ef20 f i v2.obj
 0002:0000df90       ??$?0AAU?$_Wrap_alloc@V?$allocator@UWriteDescriptorSet@vk@@@std@@@std@@@?$_Wrap_alloc@V?$allocator@U_Container_proxy@std@@@std@@@std@@QAE@AAU?$_Wrap_alloc@V?$allocator@UWriteDescriptorSet@vk@@@std@@@1@@Z 0045ef90 f i v2.obj
 0002:0000e000       ??$?0AAU?$_Wrap_alloc@V?$allocator@VCommandBuffer@vk@@@std@@@std@@@?$_Wrap_alloc@V?$allocator@U_Container_proxy@std@@@std@@@std@@QAE@AAU?$_Wrap_alloc@V?$allocator@VCommandBuffer@vk@@@std@@@1@@Z 0045f000 f i v2.obj
 0002:0000e070       ??$?0AAU?$_Wrap_alloc@V?$allocator@VFramebuffer@vk@@@std@@@std@@@?$_Wrap_alloc@V?$allocator@U_Container_proxy@std@@@std@@@std@@QAE@AAU?$_Wrap_alloc@V?$allocator@VFramebuffer@vk@@@std@@@1@@Z 0045f070 f i v2.obj
 0002:0000e0e0       ??$?0AAU?$_Wrap_alloc@V?$allocator@VImage@vk@@@std@@@std@@@?$_Wrap_alloc@V?$allocator@U_Container_proxy@std@@@std@@@std@@QAE@AAU?$_Wrap_alloc@V?$allocator@VImage@vk@@@std@@@1@@Z 0045f0e0 f i v2.obj
 0002:0000e150       ??$?0AAU?$_Wrap_alloc@V?$allocator@VImageView@vk@@@std@@@std@@@?$_Wrap_alloc@V?$allocator@U_Container_proxy@std@@@std@@@std@@QAE@AAU?$_Wrap_alloc@V?$allocator@VImageView@vk@@@std@@@1@@Z 0045f150 f i v2.obj
 0002:0000e1c0       ??$?0AAU?$_Wrap_alloc@V?$allocator@VPhysicalDevice@vk@@@std@@@std@@@?$_Wrap_alloc@V?$allocator@U_Container_proxy@std@@@std@@@std@@QAE@AAU?$_Wrap_alloc@V?$allocator@VPhysicalDevice@vk@@@std@@@1@@Z 0045f1c0 f i v2.obj
 0002:0000e230       ??$?0AAU?$_Wrap_alloc@V?$allocator@W4PresentModeKHR@vk@@@std@@@std@@@?$_Wrap_alloc@V?$allocator@U_Container_proxy@std@@@std@@@std@@QAE@AAU?$_Wrap_alloc@V?$allocator@W4PresentModeKHR@vk@@@std@@@1@@Z 0045f230 f i v2.obj
 0002:0000e2a0       ??$?0AAV?$_Tree_const_iterator@V?$_Tree_val@U?$_Tree_simple_types@H@std@@@std@@@std@@_NX$0A@@?$pair@V?$_Tree_const_iterator@V?$_Tree_val@U?$_Tree_simple_types@H@std@@@std@@@std@@_N@std@@QAE@AAV?$_Tree_const_iterator@V?$_Tree_val@U?$_Tree_simple_types@H@std@@@std@@@1@$$QA_N@Z 0045f2a0 f i v2.obj
 0002:0000e320       ??$?0AAV?$_Tree_const_iterator@V?$_Tree_val@U?$_Tree_simple_types@V?$basic_string@DU?$char_traits@D@std@@V?$allocator@D@2@@std@@@std@@@std@@@std@@AAV01@X$0A@@?$pair@V?$_Tree_const_iterator@V?$_Tree_val@U?$_Tree_simple_types@V?$basic_string@DU?$char_traits@D@std@@V?$allocator@D@2@@std@@@std@@@std@@@std@@V12@@std@@QAE@AAV?$_Tree_const_iterator@V?$_Tree_val@U?$_Tree_simple_types@V?$basic_string@DU?$char_traits@D@std@@V?$allocator@D@2@@std@@@std@@@std@@@1@0@Z 0045f320 f i v2.obj
 0002:0000e3f0       ??$?0AAV?$_Tree_const_iterator@V?$_Tree_val@U?$_Tree_simple_types@V?$basic_string@DU?$char_traits@D@std@@V?$allocator@D@2@@std@@@std@@@std@@@std@@_NX$0A@@?$pair@V?$_Tree_const_iterator@V?$_Tree_val@U?$_Tree_simple_types@V?$basic_string@DU?$char_traits@D@std@@V?$allocator@D@2@@std@@@std@@@std@@@std@@_N@std@@QAE@AAV?$_Tree_const_iterator@V?$_Tree_val@U?$_Tree_simple_types@V?$basic_string@DU?$char_traits@D@std@@V?$allocator@D@2@@std@@@std@@@std@@@1@$$QA_N@Z 0045f3f0 f i v2.obj
 0002:0000e470       ??$?0ABU?$less@H@std@@U_Zero_then_variadic_args_t@1@@?$_Compressed_pair@U?$less@H@std@@V?$_Compressed_pair@U?$_Wrap_alloc@V?$allocator@U?$_Tree_node@HPAX@std@@@std@@@std@@V?$_Tree_val@U?$_Tree_simple_types@H@std@@@2@$00@2@$00@std@@QAE@U_One_then_variadic_args_t@1@ABU?$less@H@1@$$QAU_Zero_then_variadic_args_t@1@@Z 0045f470 f i v2.obj
 0002:0000e4f0       ??$?0ABU?$less@V?$basic_string@DU?$char_traits@D@std@@V?$allocator@D@2@@std@@@std@@U_Zero_then_variadic_args_t@1@@?$_Compressed_pair@U?$less@V?$basic_string@DU?$char_traits@D@std@@V?$allocator@D@2@@std@@@std@@V?$_Compressed_pair@U?$_Wrap_alloc@V?$allocator@U?$_Tree_node@V?$basic_string@DU?$char_traits@D@std@@V?$allocator@D@2@@std@@PAX@std@@@std@@@std@@V?$_Tree_val@U?$_Tree_simple_types@V?$basic_string@DU?$char_traits@D@std@@V?$allocator@D@2@@std@@@std@@@2@$00@2@$00@std@@QAE@U_One_then_variadic_args_t@1@ABU?$less@V?$basic_string@DU?$char_traits@D@std@@V?$allocator@D@2@@std@@@1@$$QAU_Zero_then_variadic_args_t@1@@Z 0045f4f0 f i v2.obj
 0002:0000e570       ??$?0ABV?$allocator@D@std@@$$V@?$_Compressed_pair@U?$_Wrap_alloc@V?$allocator@D@std@@@std@@V?$_Vector_val@U?$_Simple_types@D@std@@@2@$00@std@@QAE@U_One_then_variadic_args_t@1@ABV?$allocator@D@1@@Z 0045f570 f i v2.obj
 0002:0000e5e0       ??$?0ABV?$allocator@D@std@@@?$_Wrap_alloc@V?$allocator@D@std@@@std@@QAE@ABV?$allocator@D@1@@Z 0045f5e0 f i v2.obj
 0002:0000e650       ??$?0ABV?$allocator@D@std@@X@?$_Vector_alloc@U?$_Vec_base_types@DV?$allocator@D@std@@@std@@@std@@QAE@ABV?$allocator@D@1@@Z 0045f650 f i v2.obj
 0002:0000e710       ??$?0ABV?$allocator@G@std@@$$V@?$_Compressed_pair@U?$_Wrap_alloc@V?$allocator@G@std@@@std@@V?$_Vector_val@U?$_Simple_types@G@std@@@2@$00@std@@QAE@U_One_then_variadic_args_t@1@ABV?$allocator@G@1@@Z 0045f710 f i v2.obj
 0002:0000e780       ??$?0ABV?$allocator@G@std@@@?$_Wrap_alloc@V?$allocator@G@std@@@std@@QAE@ABV?$allocator@G@1@@Z 0045f780 f i v2.obj
 0002:0000e7f0       ??$?0ABV?$allocator@G@std@@X@?$_Vector_alloc@U?$_Vec_base_types@GV?$allocator@G@std@@@std@@@std@@QAE@ABV?$allocator@G@1@@Z 0045f7f0 f i v2.obj
 0002:0000e8b0       ??$?0ABV?$allocator@PBD@std@@$$V@?$_Compressed_pair@U?$_Wrap_alloc@V?$allocator@PBD@std@@@std@@V?$_Vector_val@U?$_Simple_types@PBD@std@@@2@$00@std@@QAE@U_One_then_variadic_args_t@1@ABV?$allocator@PBD@1@@Z 0045f8b0 f i v2.obj
 0002:0000e920       ??$?0ABV?$allocator@PBD@std@@@?$_Wrap_alloc@V?$allocator@PBD@std@@@std@@QAE@ABV?$allocator@PBD@1@@Z 0045f920 f i v2.obj
 0002:0000e990       ??$?0ABV?$allocator@PBD@std@@X@?$_Vector_alloc@U?$_Vec_base_types@PBDV?$allocator@PBD@std@@@std@@@std@@QAE@ABV?$allocator@PBD@1@@Z 0045f990 f i v2.obj
 0002:0000ea50       ??$?0ABV?$allocator@TClearValue@vk@@@std@@$$V@?$_Compressed_pair@U?$_Wrap_alloc@V?$allocator@TClearValue@vk@@@std@@@std@@V?$_Vector_val@U?$_Simple_types@TClearValue@vk@@@std@@@2@$00@std@@QAE@U_One_then_variadic_args_t@1@ABV?$allocator@TClearValue@vk@@@1@@Z 0045fa50 f i v2.obj
 0002:0000eac0       ??$?0ABV?$allocator@TClearValue@vk@@@std@@@?$_Wrap_alloc@V?$allocator@TClearValue@vk@@@std@@@std@@QAE@ABV?$allocator@TClearValue@vk@@@1@@Z 0045fac0 f i v2.obj
 0002:0000eb30       ??$?0ABV?$allocator@TClearValue@vk@@@std@@X@?$_Vector_alloc@U?$_Vec_base_types@TClearValue@vk@@V?$allocator@TClearValue@vk@@@std@@@std@@@std@@QAE@ABV?$allocator@TClearValue@vk@@@1@@Z 0045fb30 f i v2.obj
 0002:0000ebf0       ??$?0ABV?$allocator@UAttachmentDescription@vk@@@std@@$$V@?$_Compressed_pair@U?$_Wrap_alloc@V?$allocator@UAttachmentDescription@vk@@@std@@@std@@V?$_Vector_val@U?$_Simple_types@UAttachmentDescription@vk@@@std@@@2@$00@std@@QAE@U_One_then_variadic_args_t@1@ABV?$allocator@UAttachmentDescription@vk@@@1@@Z 0045fbf0 f i v2.obj
 0002:0000ec60       ??$?0ABV?$allocator@UAttachmentDescription@vk@@@std@@@?$_Wrap_alloc@V?$allocator@UAttachmentDescription@vk@@@std@@@std@@QAE@ABV?$allocator@UAttachmentDescription@vk@@@1@@Z 0045fc60 f i v2.obj
 0002:0000ecd0       ??$?0ABV?$allocator@UAttachmentDescription@vk@@@std@@X@?$_Vector_alloc@U?$_Vec_base_types@UAttachmentDescription@vk@@V?$allocator@UAttachmentDescription@vk@@@std@@@std@@@std@@QAE@ABV?$allocator@UAttachmentDescription@vk@@@1@@Z 0045fcd0 f i v2.obj
 0002:0000ed90       ??$?0ABV?$allocator@UDescriptorPoolSize@vk@@@std@@$$V@?$_Compressed_pair@U?$_Wrap_alloc@V?$allocator@UDescriptorPoolSize@vk@@@std@@@std@@V?$_Vector_val@U?$_Simple_types@UDescriptorPoolSize@vk@@@std@@@2@$00@std@@QAE@U_One_then_variadic_args_t@1@ABV?$allocator@UDescriptorPoolSize@vk@@@1@@Z 0045fd90 f i v2.obj
 0002:0000ee00       ??$?0ABV?$allocator@UDescriptorPoolSize@vk@@@std@@@?$_Wrap_alloc@V?$allocator@UDescriptorPoolSize@vk@@@std@@@std@@QAE@ABV?$allocator@UDescriptorPoolSize@vk@@@1@@Z 0045fe00 f i v2.obj
 0002:0000ee70       ??$?0ABV?$allocator@UDescriptorPoolSize@vk@@@std@@X@?$_Vector_alloc@U?$_Vec_base_types@UDescriptorPoolSize@vk@@V?$allocator@UDescriptorPoolSize@vk@@@std@@@std@@@std@@QAE@ABV?$allocator@UDescriptorPoolSize@vk@@@1@@Z 0045fe70 f i v2.obj
 0002:0000ef30       ??$?0ABV?$allocator@UDescriptorSetLayoutBinding@vk@@@std@@$$V@?$_Compressed_pair@U?$_Wrap_alloc@V?$allocator@UDescriptorSetLayoutBinding@vk@@@std@@@std@@V?$_Vector_val@U?$_Simple_types@UDescriptorSetLayoutBinding@vk@@@std@@@2@$00@std@@QAE@U_One_then_variadic_args_t@1@ABV?$allocator@UDescriptorSetLayoutBinding@vk@@@1@@Z 0045ff30 f i v2.obj
 0002:0000efa0       ??$?0ABV?$allocator@UDescriptorSetLayoutBinding@vk@@@std@@@?$_Wrap_alloc@V?$allocator@UDescriptorSetLayoutBinding@vk@@@std@@@std@@QAE@ABV?$allocator@UDescriptorSetLayoutBinding@vk@@@1@@Z 0045ffa0 f i v2.obj
 0002:0000f010       ??$?0ABV?$allocator@UDescriptorSetLayoutBinding@vk@@@std@@X@?$_Vector_alloc@U?$_Vec_base_types@UDescriptorSetLayoutBinding@vk@@V?$allocator@UDescriptorSetLayoutBinding@vk@@@std@@@std@@@std@@QAE@ABV?$allocator@UDescriptorSetLayoutBinding@vk@@@1@@Z 00460010 f i v2.obj
 0002:0000f0d0       ??$?0ABV?$allocator@UVertex@@@std@@$$V@?$_Compressed_pair@U?$_Wrap_alloc@V?$allocator@UVertex@@@std@@@std@@V?$_Vector_val@U?$_Simple_types@UVertex@@@std@@@2@$00@std@@QAE@U_One_then_variadic_args_t@1@ABV?$allocator@UVertex@@@1@@Z 004600d0 f i v2.obj
 0002:0000f140       ??$?0ABV?$allocator@UVertex@@@std@@@?$_Wrap_alloc@V?$allocator@UVertex@@@std@@@std@@QAE@ABV?$allocator@UVertex@@@1@@Z 00460140 f i v2.obj
 0002:0000f1b0       ??$?0ABV?$allocator@UVertex@@@std@@X@?$_Vector_alloc@U?$_Vec_base_types@UVertex@@V?$allocator@UVertex@@@std@@@std@@@std@@QAE@ABV?$allocator@UVertex@@@1@@Z 004601b0 f i v2.obj
 0002:0000f270       ??$?0ABV?$allocator@UVertexInputAttributeDescription@vk@@@std@@$$V@?$_Compressed_pair@U?$_Wrap_alloc@V?$allocator@UVertexInputAttributeDescription@vk@@@std@@@std@@V?$_Vector_val@U?$_Simple_types@UVertexInputAttributeDescription@vk@@@std@@@2@$00@std@@QAE@U_One_then_variadic_args_t@1@ABV?$allocator@UVertexInputAttributeDescription@vk@@@1@@Z 00460270 f i v2.obj
 0002:0000f2e0       ??$?0ABV?$allocator@UVertexInputAttributeDescription@vk@@@std@@@?$_Wrap_alloc@V?$allocator@UVertexInputAttributeDescription@vk@@@std@@@std@@QAE@ABV?$allocator@UVertexInputAttributeDescription@vk@@@1@@Z 004602e0 f i v2.obj
 0002:0000f350       ??$?0ABV?$allocator@UVertexInputAttributeDescription@vk@@@std@@X@?$_Vector_alloc@U?$_Vec_base_types@UVertexInputAttributeDescription@vk@@V?$allocator@UVertexInputAttributeDescription@vk@@@std@@@std@@@std@@QAE@ABV?$allocator@UVertexInputAttributeDescription@vk@@@1@@Z 00460350 f i v2.obj
 0002:0000f410       ??$?0ABV?$allocator@UVkLayerProperties@@@std@@$$V@?$_Compressed_pair@U?$_Wrap_alloc@V?$allocator@UVkLayerProperties@@@std@@@std@@V?$_Vector_val@U?$_Simple_types@UVkLayerProperties@@@std@@@2@$00@std@@QAE@U_One_then_variadic_args_t@1@ABV?$allocator@UVkLayerProperties@@@1@@Z 00460410 f i v2.obj
 0002:0000f480       ??$?0ABV?$allocator@UVkLayerProperties@@@std@@@?$_Wrap_alloc@V?$allocator@UVkLayerProperties@@@std@@@std@@QAE@ABV?$allocator@UVkLayerProperties@@@1@@Z 00460480 f i v2.obj
 0002:0000f4f0       ??$?0ABV?$allocator@UVkLayerProperties@@@std@@X@?$_Vector_alloc@U?$_Vec_base_types@UVkLayerProperties@@V?$allocator@UVkLayerProperties@@@std@@@std@@@std@@QAE@ABV?$allocator@UVkLayerProperties@@@1@@Z 004604f0 f i v2.obj
 0002:0000f5b0       ??$?0ABV?$allocator@UWriteDescriptorSet@vk@@@std@@$$V@?$_Compressed_pair@U?$_Wrap_alloc@V?$allocator@UWriteDescriptorSet@vk@@@std@@@std@@V?$_Vector_val@U?$_Simple_types@UWriteDescriptorSet@vk@@@std@@@2@$00@std@@QAE@U_One_then_variadic_args_t@1@ABV?$allocator@UWriteDescriptorSet@vk@@@1@@Z 004605b0 f i v2.obj
 0002:0000f620       ??$?0ABV?$allocator@UWriteDescriptorSet@vk@@@std@@@?$_Wrap_alloc@V?$allocator@UWriteDescriptorSet@vk@@@std@@@std@@QAE@ABV?$allocator@UWriteDescriptorSet@vk@@@1@@Z 00460620 f i v2.obj
 0002:0000f690       ??$?0ABV?$allocator@UWriteDescriptorSet@vk@@@std@@X@?$_Vector_alloc@U?$_Vec_base_types@UWriteDescriptorSet@vk@@V?$allocator@UWriteDescriptorSet@vk@@@std@@@std@@@std@@QAE@ABV?$allocator@UWriteDescriptorSet@vk@@@1@@Z 00460690 f i v2.obj
 0002:0000f750       ??$?0ABV?$allocator@VCommandBuffer@vk@@@std@@$$V@?$_Compressed_pair@U?$_Wrap_alloc@V?$allocator@VCommandBuffer@vk@@@std@@@std@@V?$_Vector_val@U?$_Simple_types@VCommandBuffer@vk@@@std@@@2@$00@std@@QAE@U_One_then_variadic_args_t@1@ABV?$allocator@VCommandBuffer@vk@@@1@@Z 00460750 f i v2.obj
 0002:0000f7c0       ??$?0ABV?$allocator@VCommandBuffer@vk@@@std@@@?$_Wrap_alloc@V?$allocator@VCommandBuffer@vk@@@std@@@std@@QAE@ABV?$allocator@VCommandBuffer@vk@@@1@@Z 004607c0 f i v2.obj
 0002:0000f830       ??$?0ABV?$allocator@VCommandBuffer@vk@@@std@@X@?$_Vector_alloc@U?$_Vec_base_types@VCommandBuffer@vk@@V?$allocator@VCommandBuffer@vk@@@std@@@std@@@std@@QAE@ABV?$allocator@VCommandBuffer@vk@@@1@@Z 00460830 f i v2.obj
 0002:0000f8f0       ??$?0ABV?$allocator@VImageView@vk@@@std@@$$V@?$_Compressed_pair@U?$_Wrap_alloc@V?$allocator@VImageView@vk@@@std@@@std@@V?$_Vector_val@U?$_Simple_types@VImageView@vk@@@std@@@2@$00@std@@QAE@U_One_then_variadic_args_t@1@ABV?$allocator@VImageView@vk@@@1@@Z 004608f0 f i v2.obj
 0002:0000f960       ??$?0ABV?$allocator@VImageView@vk@@@std@@@?$_Wrap_alloc@V?$allocator@VImageView@vk@@@std@@@std@@QAE@ABV?$allocator@VImageView@vk@@@1@@Z 00460960 f i v2.obj
 0002:0000f9d0       ??$?0ABV?$allocator@VImageView@vk@@@std@@X@?$_Vector_alloc@U?$_Vec_base_types@VImageView@vk@@V?$allocator@VImageView@vk@@@std@@@std@@@std@@QAE@ABV?$allocator@VImageView@vk@@@1@@Z 004609d0 f i v2.obj
 0002:0000fa90       ??$?0D@?$allocator@U_Container_proxy@std@@@std@@QAE@ABV?$allocator@D@1@@Z 00460a90 f i v2.obj
 0002:0000fad0       ??$?0G@?$allocator@U_Container_proxy@std@@@std@@QAE@ABV?$allocator@G@1@@Z 00460ad0 f i v2.obj
 0002:0000fb10       ??$?0HHHH@?$tvec4@M$0A@@glm@@QAE@HHHH@Z 00460b10 f i v2.obj
 0002:0000fb90       ??$?0HHHM@?$tvec4@M$0A@@glm@@QAE@HHHM@Z 00460b90 f i v2.obj
 0002:0000fc10       ??$?0HHMH@?$tvec4@M$0A@@glm@@QAE@HHMH@Z 00460c10 f i v2.obj
 0002:0000fc90       ??$?0HMHH@?$tvec4@M$0A@@glm@@QAE@HMHH@Z 00460c90 f i v2.obj
 0002:0000fd10       ??$?0MHHH@?$tvec4@M$0A@@glm@@QAE@MHHH@Z 00460d10 f i v2.obj
 0002:0000fd90       ??$?0PBD@?$allocator@U_Container_proxy@std@@@std@@QAE@ABV?$allocator@PBD@1@@Z 00460d90 f i v2.obj
 0002:0000fdd0       ??$?0TClearValue@vk@@@?$allocator@U_Container_proxy@std@@@std@@QAE@ABV?$allocator@TClearValue@vk@@@1@@Z 00460dd0 f i v2.obj
 0002:0000fe10       ??$?0U?$_Tree_node@HPAX@std@@@?$allocator@U_Container_proxy@std@@@std@@QAE@ABV?$allocator@U?$_Tree_node@HPAX@std@@@1@@Z 00460e10 f i v2.obj
 0002:0000fe50       ??$?0U?$_Tree_node@V?$basic_string@DU?$char_traits@D@std@@V?$allocator@D@2@@std@@PAX@std@@@?$allocator@U_Container_proxy@std@@@std@@QAE@ABV?$allocator@U?$_Tree_node@V?$basic_string@DU?$char_traits@D@std@@V?$allocator@D@2@@std@@PAX@std@@@1@@Z 00460e50 f i v2.obj
 0002:0000fe90       ??$?0U?$_Wrap_alloc@V?$allocator@D@std@@@std@@$$V@?$_Compressed_pair@U?$_Wrap_alloc@V?$allocator@D@std@@@std@@V?$_String_val@U?$_Simple_types@D@std@@@2@$00@std@@QAE@U_One_then_variadic_args_t@1@$$QAU?$_Wrap_alloc@V?$allocator@D@std@@@1@@Z 00460e90 f i v2.obj
 0002:0000ff00       ??$?0U?$_Wrap_alloc@V?$allocator@D@std@@@std@@$$V@?$_Compressed_pair@U?$_Wrap_alloc@V?$allocator@D@std@@@std@@V?$_Vector_val@U?$_Simple_types@D@std@@@2@$00@std@@QAE@U_One_then_variadic_args_t@1@$$QAU?$_Wrap_alloc@V?$allocator@D@std@@@1@@Z 00460f00 f i v2.obj
 0002:0000ff70       ??$?0U?$_Wrap_alloc@V?$allocator@D@std@@@std@@X@?$_String_alloc@U?$_String_base_types@DV?$allocator@D@std@@@std@@@std@@QAE@$$QAU?$_Wrap_alloc@V?$allocator@D@std@@@1@@Z 00460f70 f i v2.obj
 0002:00010030       ??$?0U?$_Wrap_alloc@V?$allocator@D@std@@@std@@X@?$_Vector_alloc@U?$_Vec_base_types@DV?$allocator@D@std@@@std@@@std@@QAE@$$QAU?$_Wrap_alloc@V?$allocator@D@std@@@1@@Z 00461030 f i v2.obj
 0002:000100f0       ??$?0U?$_Wrap_alloc@V?$allocator@PBD@std@@@std@@$$V@?$_Compressed_pair@U?$_Wrap_alloc@V?$allocator@PBD@std@@@std@@V?$_Vector_val@U?$_Simple_types@PBD@std@@@2@$00@std@@QAE@U_One_then_variadic_args_t@1@$$QAU?$_Wrap_alloc@V?$allocator@PBD@std@@@1@@Z 004610f0 f i v2.obj
 0002:00010160       ??$?0U?$_Wrap_alloc@V?$allocator@PBD@std@@@std@@X@?$_Vector_alloc@U?$_Vec_base_types@PBDV?$allocator@PBD@std@@@std@@@std@@QAE@$$QAU?$_Wrap_alloc@V?$allocator@PBD@std@@@1@@Z 00461160 f i v2.obj
 0002:00010220       ??$?0U?$_Wrap_alloc@V?$allocator@UExtensionProperties@vk@@@std@@@std@@$$V@?$_Compressed_pair@U?$_Wrap_alloc@V?$allocator@UExtensionProperties@vk@@@std@@@std@@V?$_Vector_val@U?$_Simple_types@UExtensionProperties@vk@@@std@@@2@$00@std@@QAE@U_One_then_variadic_args_t@1@$$QAU?$_Wrap_alloc@V?$allocator@UExtensionProperties@vk@@@std@@@1@@Z 00461220 f i v2.obj
 0002:00010290       ??$?0U?$_Wrap_alloc@V?$allocator@UExtensionProperties@vk@@@std@@@std@@X@?$_Vector_alloc@U?$_Vec_base_types@UExtensionProperties@vk@@V?$allocator@UExtensionProperties@vk@@@std@@@std@@@std@@QAE@$$QAU?$_Wrap_alloc@V?$allocator@UExtensionProperties@vk@@@std@@@1@@Z 00461290 f i v2.obj
 0002:00010350       ??$?0U?$_Wrap_alloc@V?$allocator@UQueueFamilyProperties@vk@@@std@@@std@@$$V@?$_Compressed_pair@U?$_Wrap_alloc@V?$allocator@UQueueFamilyProperties@vk@@@std@@@std@@V?$_Vector_val@U?$_Simple_types@UQueueFamilyProperties@vk@@@std@@@2@$00@std@@QAE@U_One_then_variadic_args_t@1@$$QAU?$_Wrap_alloc@V?$allocator@UQueueFamilyProperties@vk@@@std@@@1@@Z 00461350 f i v2.obj
 0002:000103c0       ??$?0U?$_Wrap_alloc@V?$allocator@UQueueFamilyProperties@vk@@@std@@@std@@X@?$_Vector_alloc@U?$_Vec_base_types@UQueueFamilyProperties@vk@@V?$allocator@UQueueFamilyProperties@vk@@@std@@@std@@@std@@QAE@$$QAU?$_Wrap_alloc@V?$allocator@UQueueFamilyProperties@vk@@@std@@@1@@Z 004613c0 f i v2.obj
 0002:00010480       ??$?0U?$_Wrap_alloc@V?$allocator@USurfaceFormatKHR@vk@@@std@@@std@@$$V@?$_Compressed_pair@U?$_Wrap_alloc@V?$allocator@USurfaceFormatKHR@vk@@@std@@@std@@V?$_Vector_val@U?$_Simple_types@USurfaceFormatKHR@vk@@@std@@@2@$00@std@@QAE@U_One_then_variadic_args_t@1@$$QAU?$_Wrap_alloc@V?$allocator@USurfaceFormatKHR@vk@@@std@@@1@@Z 00461480 f i v2.obj
 0002:000104f0       ??$?0U?$_Wrap_alloc@V?$allocator@USurfaceFormatKHR@vk@@@std@@@std@@X@?$_Vector_alloc@U?$_Vec_base_types@USurfaceFormatKHR@vk@@V?$allocator@USurfaceFormatKHR@vk@@@std@@@std@@@std@@QAE@$$QAU?$_Wrap_alloc@V?$allocator@USurfaceFormatKHR@vk@@@std@@@1@@Z 004614f0 f i v2.obj
 0002:000105b0       ??$?0U?$_Wrap_alloc@V?$allocator@UVertexInputAttributeDescription@vk@@@std@@@std@@$$V@?$_Compressed_pair@U?$_Wrap_alloc@V?$allocator@UVertexInputAttributeDescription@vk@@@std@@@std@@V?$_Vector_val@U?$_Simple_types@UVertexInputAttributeDescription@vk@@@std@@@2@$00@std@@QAE@U_One_then_variadic_args_t@1@$$QAU?$_Wrap_alloc@V?$allocator@UVertexInputAttributeDescription@vk@@@std@@@1@@Z 004615b0 f i v2.obj
 0002:00010620       ??$?0U?$_Wrap_alloc@V?$allocator@UVertexInputAttributeDescription@vk@@@std@@@std@@X@?$_Vector_alloc@U?$_Vec_base_types@UVertexInputAttributeDescription@vk@@V?$allocator@UVertexInputAttributeDescription@vk@@@std@@@std@@@std@@QAE@$$QAU?$_Wrap_alloc@V?$allocator@UVertexInputAttributeDescription@vk@@@std@@@1@@Z 00461620 f i v2.obj
 0002:000106e0       ??$?0U?$_Wrap_alloc@V?$allocator@VCommandBuffer@vk@@@std@@@std@@$$V@?$_Compressed_pair@U?$_Wrap_alloc@V?$allocator@VCommandBuffer@vk@@@std@@@std@@V?$_Vector_val@U?$_Simple_types@VCommandBuffer@vk@@@std@@@2@$00@std@@QAE@U_One_then_variadic_args_t@1@$$QAU?$_Wrap_alloc@V?$allocator@VCommandBuffer@vk@@@std@@@1@@Z 004616e0 f i v2.obj
 0002:00010750       ??$?0U?$_Wrap_alloc@V?$allocator@VCommandBuffer@vk@@@std@@@std@@X@?$_Vector_alloc@U?$_Vec_base_types@VCommandBuffer@vk@@V?$allocator@VCommandBuffer@vk@@@std@@@std@@@std@@QAE@$$QAU?$_Wrap_alloc@V?$allocator@VCommandBuffer@vk@@@std@@@1@@Z 00461750 f i v2.obj
 0002:00010810       ??$?0U?$_Wrap_alloc@V?$allocator@VImage@vk@@@std@@@std@@$$V@?$_Compressed_pair@U?$_Wrap_alloc@V?$allocator@VImage@vk@@@std@@@std@@V?$_Vector_val@U?$_Simple_types@VImage@vk@@@std@@@2@$00@std@@QAE@U_One_then_variadic_args_t@1@$$QAU?$_Wrap_alloc@V?$allocator@VImage@vk@@@std@@@1@@Z 00461810 f i v2.obj
 0002:00010880       ??$?0U?$_Wrap_alloc@V?$allocator@VImage@vk@@@std@@@std@@X@?$_Vector_alloc@U?$_Vec_base_types@VImage@vk@@V?$allocator@VImage@vk@@@std@@@std@@@std@@QAE@$$QAU?$_Wrap_alloc@V?$allocator@VImage@vk@@@std@@@1@@Z 00461880 f i v2.obj
 0002:00010940       ??$?0U?$_Wrap_alloc@V?$allocator@VPhysicalDevice@vk@@@std@@@std@@$$V@?$_Compressed_pair@U?$_Wrap_alloc@V?$allocator@VPhysicalDevice@vk@@@std@@@std@@V?$_Vector_val@U?$_Simple_types@VPhysicalDevice@vk@@@std@@@2@$00@std@@QAE@U_One_then_variadic_args_t@1@$$QAU?$_Wrap_alloc@V?$allocator@VPhysicalDevice@vk@@@std@@@1@@Z 00461940 f i v2.obj
 0002:000109b0       ??$?0U?$_Wrap_alloc@V?$allocator@VPhysicalDevice@vk@@@std@@@std@@X@?$_Vector_alloc@U?$_Vec_base_types@VPhysicalDevice@vk@@V?$allocator@VPhysicalDevice@vk@@@std@@@std@@@std@@QAE@$$QAU?$_Wrap_alloc@V?$allocator@VPhysicalDevice@vk@@@std@@@1@@Z 004619b0 f i v2.obj
 0002:00010a70       ??$?0U?$_Wrap_alloc@V?$allocator@W4PresentModeKHR@vk@@@std@@@std@@$$V@?$_Compressed_pair@U?$_Wrap_alloc@V?$allocator@W4PresentModeKHR@vk@@@std@@@std@@V?$_Vector_val@U?$_Simple_types@W4PresentModeKHR@vk@@@std@@@2@$00@std@@QAE@U_One_then_variadic_args_t@1@$$QAU?$_Wrap_alloc@V?$allocator@W4PresentModeKHR@vk@@@std@@@1@@Z 00461a70 f i v2.obj
 0002:00010ae0       ??$?0U?$_Wrap_alloc@V?$allocator@W4PresentModeKHR@vk@@@std@@@std@@X@?$_Vector_alloc@U?$_Vec_base_types@W4PresentModeKHR@vk@@V?$allocator@W4PresentModeKHR@vk@@@std@@@std@@@std@@QAE@$$QAU?$_Wrap_alloc@V?$allocator@W4PresentModeKHR@vk@@@std@@@1@@Z 00461ae0 f i v2.obj
 0002:00010ba0       ??$?0U?$integral_constant@_N$00@std@@@_Any_tag@std@@QAE@$$QAU?$integral_constant@_N$00@1@@Z 00461ba0 f i v2.obj
 0002:00010be0       ??$?0UAttachmentDescription@vk@@@?$allocator@U_Container_proxy@std@@@std@@QAE@ABV?$allocator@UAttachmentDescription@vk@@@1@@Z 00461be0 f i v2.obj
 0002:00010c20       ??$?0UDescriptorPoolSize@vk@@@?$allocator@U_Container_proxy@std@@@std@@QAE@ABV?$allocator@UDescriptorPoolSize@vk@@@1@@Z 00461c20 f i v2.obj
 0002:00010c60       ??$?0UDescriptorSetLayoutBinding@vk@@@?$allocator@U_Container_proxy@std@@@std@@QAE@ABV?$allocator@UDescriptorSetLayoutBinding@vk@@@1@@Z 00461c60 f i v2.obj
 0002:00010ca0       ??$?0UDeviceQueueCreateInfo@vk@@@?$allocator@U_Container_proxy@std@@@std@@QAE@ABV?$allocator@UDeviceQueueCreateInfo@vk@@@1@@Z 00461ca0 f i v2.obj
 0002:00010ce0       ??$?0UExtensionProperties@vk@@@?$allocator@U_Container_proxy@std@@@std@@QAE@ABV?$allocator@UExtensionProperties@vk@@@1@@Z 00461ce0 f i v2.obj
 0002:00010d20       ??$?0UQueueFamilyProperties@vk@@@?$allocator@U_Container_proxy@std@@@std@@QAE@ABV?$allocator@UQueueFamilyProperties@vk@@@1@@Z 00461d20 f i v2.obj
 0002:00010d60       ??$?0USurfaceFormatKHR@vk@@@?$allocator@U_Container_proxy@std@@@std@@QAE@ABV?$allocator@USurfaceFormatKHR@vk@@@1@@Z 00461d60 f i v2.obj
 0002:00010da0       ??$?0UVertex@@@?$allocator@U_Container_proxy@std@@@std@@QAE@ABV?$allocator@UVertex@@@1@@Z 00461da0 f i v2.obj
 0002:00010de0       ??$?0UVertexInputAttributeDescription@vk@@@?$allocator@U_Container_proxy@std@@@std@@QAE@ABV?$allocator@UVertexInputAttributeDescription@vk@@@1@@Z 00461de0 f i v2.obj
 0002:00010e20       ??$?0UVkLayerProperties@@@?$allocator@U_Container_proxy@std@@@std@@QAE@ABV?$allocator@UVkLayerProperties@@@1@@Z 00461e20 f i v2.obj
 0002:00010e60       ??$?0UWriteDescriptorSet@vk@@@?$allocator@U_Container_proxy@std@@@std@@QAE@ABV?$allocator@UWriteDescriptorSet@vk@@@1@@Z 00461e60 f i v2.obj
 0002:00010ea0       ??$?0V?$_Tree_const_iterator@V?$_Tree_val@U?$_Tree_simple_types@H@std@@@std@@@std@@_NX$0A@@?$pair@V?$_Tree_const_iterator@V?$_Tree_val@U?$_Tree_simple_types@H@std@@@std@@@std@@_N@std@@QAE@$$QAV?$_Tree_const_iterator@V?$_Tree_val@U?$_Tree_simple_types@H@std@@@std@@@1@$$QA_N@Z 00461ea0 f i v2.obj
 0002:00010f20       ??$?0V?$_Tree_const_iterator@V?$_Tree_val@U?$_Tree_simple_types@V?$basic_string@DU?$char_traits@D@std@@V?$allocator@D@2@@std@@@std@@@std@@@std@@_NX$0A@@?$pair@V?$_Tree_const_iterator@V?$_Tree_val@U?$_Tree_simple_types@V?$basic_string@DU?$char_traits@D@std@@V?$allocator@D@2@@std@@@std@@@std@@@std@@_N@std@@QAE@$$QAV?$_Tree_const_iterator@V?$_Tree_val@U?$_Tree_simple_types@V?$basic_string@DU?$char_traits@D@std@@V?$allocator@D@2@@std@@@std@@@std@@@1@$$QA_N@Z 00461f20 f i v2.obj
 0002:00010fa0       ??$?0V?$_Vector_const_iterator@V?$_Vector_val@U?$_Simple_types@PBD@std@@@std@@@std@@@?$set@V?$basic_string@DU?$char_traits@D@std@@V?$allocator@D@2@@std@@U?$less@V?$basic_string@DU?$char_traits@D@std@@V?$allocator@D@2@@std@@@2@V?$allocator@V?$basic_string@DU?$char_traits@D@std@@V?$allocator@D@2@@std@@@2@@std@@QAE@V?$_Vector_const_iterator@V?$_Vector_val@U?$_Simple_types@PBD@std@@@std@@@1@0@Z 00461fa0 f i v2.obj
 0002:000110b0       ??$?0V?$allocator@D@std@@@?$_Wrap_alloc@V?$allocator@D@std@@@std@@QAE@$$QAV?$allocator@D@1@@Z 004620b0 f i v2.obj
 0002:00011120       ??$?0V?$allocator@UExtensionProperties@vk@@@std@@@?$_Wrap_alloc@V?$allocator@UExtensionProperties@vk@@@std@@@std@@QAE@$$QAV?$allocator@UExtensionProperties@vk@@@1@@Z 00462120 f i v2.obj
 0002:00011190       ??$?0V?$allocator@USurfaceFormatKHR@vk@@@std@@@?$_Wrap_alloc@V?$allocator@USurfaceFormatKHR@vk@@@std@@@std@@QAE@$$QAV?$allocator@USurfaceFormatKHR@vk@@@1@@Z 00462190 f i v2.obj
 0002:00011200       ??$?0V?$allocator@UWriteDescriptorSet@vk@@@std@@@?$ArrayProxy@$$CBUWriteDescriptorSet@vk@@@vk@@QAE@AAV?$vector@UWriteDescriptorSet@vk@@V?$allocator@UWriteDescriptorSet@vk@@@std@@@std@@@Z 00462200 f i v2.obj
 0002:00011270       ??$?0V?$allocator@VCommandBuffer@vk@@@std@@@?$ArrayProxy@$$CBVCommandBuffer@vk@@@vk@@QAE@AAV?$vector@VCommandBuffer@vk@@V?$allocator@VCommandBuffer@vk@@@std@@@std@@@Z 00462270 f i v2.obj
 0002:000112e0       ??$?0V?$allocator@VCommandBuffer@vk@@@std@@@?$_Wrap_alloc@V?$allocator@VCommandBuffer@vk@@@std@@@std@@QAE@$$QAV?$allocator@VCommandBuffer@vk@@@1@@Z 004622e0 f i v2.obj
 0002:00011350       ??$?0V?$allocator@VImage@vk@@@std@@@?$_Wrap_alloc@V?$allocator@VImage@vk@@@std@@@std@@QAE@$$QAV?$allocator@VImage@vk@@@1@@Z 00462350 f i v2.obj
 0002:000113c0       ??$?0V?$allocator@VPhysicalDevice@vk@@@std@@@?$_Wrap_alloc@V?$allocator@VPhysicalDevice@vk@@@std@@@std@@QAE@$$QAV?$allocator@VPhysicalDevice@vk@@@1@@Z 004623c0 f i v2.obj
 0002:00011430       ??$?0V?$allocator@W4PresentModeKHR@vk@@@std@@@?$_Wrap_alloc@V?$allocator@W4PresentModeKHR@vk@@@std@@@std@@QAE@$$QAV?$allocator@W4PresentModeKHR@vk@@@1@@Z 00462430 f i v2.obj
 0002:000114a0       ??$?0VCommandBuffer@vk@@@?$allocator@U_Container_proxy@std@@@std@@QAE@ABV?$allocator@VCommandBuffer@vk@@@1@@Z 004624a0 f i v2.obj
 0002:000114e0       ??$?0VFramebuffer@vk@@@?$allocator@U_Container_proxy@std@@@std@@QAE@ABV?$allocator@VFramebuffer@vk@@@1@@Z 004624e0 f i v2.obj
 0002:00011520       ??$?0VImage@vk@@@?$allocator@U_Container_proxy@std@@@std@@QAE@ABV?$allocator@VImage@vk@@@1@@Z 00462520 f i v2.obj
 0002:00011560       ??$?0VImageView@vk@@@?$allocator@U_Container_proxy@std@@@std@@QAE@ABV?$allocator@VImageView@vk@@@1@@Z 00462560 f i v2.obj
 0002:000115a0       ??$?0VPhysicalDevice@vk@@@?$allocator@U_Container_proxy@std@@@std@@QAE@ABV?$allocator@VPhysicalDevice@vk@@@1@@Z 004625a0 f i v2.obj
 0002:000115e0       ??$?0W4PresentModeKHR@vk@@@?$allocator@U_Container_proxy@std@@@std@@QAE@ABV?$allocator@W4PresentModeKHR@vk@@@1@@Z 004625e0 f i v2.obj
 0002:00011620       ??$?0_JX@?$duration@_JU?$ratio@$00$0DLJKMKAA@@std@@@chrono@std@@QAE@AB_J@Z 00462620 f i v2.obj
 0002:00011670       ??$?0_JX@?$duration@_JU?$ratio@$00$0DOI@@std@@@chrono@std@@QAE@AB_J@Z 00462670 f i v2.obj
 0002:000116c0       ??$?6U?$char_traits@D@std@@@std@@YAAAV?$basic_ostream@DU?$char_traits@D@std@@@0@AAV10@D@Z 004626c0 f i v2.obj
 0002:00011b10       ?setFloat32@ClearColorValue@vk@@QAEAAT12@V?$array@M$03@std@@@Z 00462b10 f i v2.obj
 0002:00011b70       ?shrink_to_fit@?$basic_string@DU?$char_traits@D@std@@V?$allocator@D@2@@std@@QAEXXZ 00462b70 f i v2.obj
 0002:00011c30       ??$?6U?$char_traits@D@std@@@std@@YAAAV?$basic_ostream@DU?$char_traits@D@std@@@0@AAV10@PBD@Z 00462c30 f i v2.obj
 0002:000120d0       ?setupDebugCallback@VulkanTestV2@@AAEXXZ 004630d0 f i v2.obj
 0002:000121f0       ??$?8DD@std@@YA_NABV?$allocator@D@0@0@Z 004631f0 f i v2.obj
 0002:00012220       ??$?8PBDPBD@std@@YA_NABV?$allocator@PBD@0@0@Z 00463220 f i v2.obj
 0002:00012250       ??$?8USurfaceFormatKHR@vk@@U01@@std@@YA_NABV?$allocator@USurfaceFormatKHR@vk@@@0@0@Z 00463250 f i v2.obj
 0002:00012280       ??$?8V?$allocator@D@std@@V01@@std@@YA_NABU?$_Wrap_alloc@V?$allocator@D@std@@@0@0@Z 00463280 f i v2.obj
 0002:000122e0       ??$?8V?$allocator@PBD@std@@V01@@std@@YA_NABU?$_Wrap_alloc@V?$allocator@PBD@std@@@0@0@Z 004632e0 f i v2.obj
 0002:00012340       ??$?8V?$allocator@USurfaceFormatKHR@vk@@@std@@V01@@std@@YA_NABU?$_Wrap_alloc@V?$allocator@USurfaceFormatKHR@vk@@@std@@@0@0@Z 00463340 f i v2.obj
 0002:000123a0       ??$?8V?$allocator@VCommandBuffer@vk@@@std@@V01@@std@@YA_NABU?$_Wrap_alloc@V?$allocator@VCommandBuffer@vk@@@std@@@0@0@Z 004633a0 f i v2.obj
 0002:00012400       ??$?8V?$allocator@VImage@vk@@@std@@V01@@std@@YA_NABU?$_Wrap_alloc@V?$allocator@VImage@vk@@@std@@@0@0@Z 00463400 f i v2.obj
 0002:00012460       ??$?8V?$allocator@W4PresentModeKHR@vk@@@std@@V01@@std@@YA_NABU?$_Wrap_alloc@V?$allocator@W4PresentModeKHR@vk@@@std@@@0@0@Z 00463460 f i v2.obj
 0002:000124c0       ??$?8VCommandBuffer@vk@@V01@@std@@YA_NABV?$allocator@VCommandBuffer@vk@@@0@0@Z 004634c0 f i v2.obj
 0002:000124f0       ??$?8VImage@vk@@V01@@std@@YA_NABV?$allocator@VImage@vk@@@0@0@Z 004634f0 f i v2.obj
 0002:00012520       ??$?8W4PresentModeKHR@vk@@W401@@std@@YA_NABV?$allocator@W4PresentModeKHR@vk@@@0@0@Z 00463520 f i v2.obj
 0002:00012550       ??$?9V?$allocator@D@std@@V01@@std@@YA_NABU?$_Wrap_alloc@V?$allocator@D@std@@@0@0@Z 00463550 f i v2.obj
 0002:000125d0       ??$?9V?$allocator@PBD@std@@V01@@std@@YA_NABU?$_Wrap_alloc@V?$allocator@PBD@std@@@0@0@Z 004635d0 f i v2.obj
 0002:00012650       ??$?9V?$allocator@USurfaceFormatKHR@vk@@@std@@V01@@std@@YA_NABU?$_Wrap_alloc@V?$allocator@USurfaceFormatKHR@vk@@@std@@@0@0@Z 00463650 f i v2.obj
 0002:000126d0       ??$?9V?$allocator@VCommandBuffer@vk@@@std@@V01@@std@@YA_NABU?$_Wrap_alloc@V?$allocator@VCommandBuffer@vk@@@std@@@0@0@Z 004636d0 f i v2.obj
 0002:00012750       ??$?9V?$allocator@VImage@vk@@@std@@V01@@std@@YA_NABU?$_Wrap_alloc@V?$allocator@VImage@vk@@@std@@@0@0@Z 00463750 f i v2.obj
 0002:000127d0       ??$?9V?$allocator@W4PresentModeKHR@vk@@@std@@V01@@std@@YA_NABU?$_Wrap_alloc@V?$allocator@W4PresentModeKHR@vk@@@std@@@0@0@Z 004637d0 f i v2.obj
 0002:00012850       ??$?DM$0A@@glm@@YA?AU?$tvec3@M$0A@@0@ABU10@0@Z 00463850 f i v2.obj
 0002:000128f0       ??$?DM$0A@@glm@@YA?AU?$tvec3@M$0A@@0@ABU10@M@Z 004638f0 f i v2.obj
 0002:00012990       ??$?DM$0A@@glm@@YA?AU?$tvec3@M$0A@@0@MABU10@@Z 00463990 f i v2.obj
 0002:00012a30       ??$?DM$0A@@glm@@YA?AU?$tvec4@M$0A@@0@ABU10@M@Z 00463a30 f i v2.obj
 0002:00012ae0       ??$?GM$0A@@glm@@YA?AU?$tvec3@M$0A@@0@ABU10@0@Z 00463ae0 f i v2.obj
 0002:00012b80       ??$?GUsteady_clock@chrono@std@@V?$duration@_JU?$ratio@$00$0DLJKMKAA@@std@@@12@V312@@chrono@std@@YA?AV?$duration@_JU?$ratio@$00$0DLJKMKAA@@std@@@01@ABV?$time_point@Usteady_clock@chrono@std@@V?$duration@_JU?$ratio@$00$0DLJKMKAA@@std@@@23@@01@0@Z 00463b80 f i v2.obj
 0002:00012c00       ??$?G_JU?$ratio@$00$0DLJKMKAA@@std@@_JU01@@chrono@std@@YA?AV?$duration@_JU?$ratio@$00$0DLJKMKAA@@std@@@01@ABV201@0@Z 00463c00 f i v2.obj
 0002:00012cc0       ??$?HDU?$char_traits@D@std@@V?$allocator@D@1@@std@@YA?AV?$basic_string@DU?$char_traits@D@std@@V?$allocator@D@2@@0@$$QAV10@ABV10@@Z 00463cc0 f i v2.obj
 0002:00012d50       ??$?HDU?$char_traits@D@std@@V?$allocator@D@1@@std@@YA?AV?$basic_string@DU?$char_traits@D@std@@V?$allocator@D@2@@0@$$QAV10@QBD@Z 00463d50 f i v2.obj
 0002:00012de0       ??$?HDU?$char_traits@D@std@@V?$allocator@D@1@@std@@YA?AV?$basic_string@DU?$char_traits@D@std@@V?$allocator@D@2@@0@QBDABV10@@Z 00463de0 f i v2.obj
 0002:00012f40       ??$?HM$0A@@glm@@YA?AU?$tvec4@M$0A@@0@ABU10@0@Z 00463f40 f i v2.obj
 0002:00012ff0       ??$?MDU?$char_traits@D@std@@V?$allocator@D@1@@std@@YA_NABV?$basic_string@DU?$char_traits@D@std@@V?$allocator@D@2@@0@0@Z 00463ff0 f i v2.obj
 0002:00013070       ??$?RABIABI@?$less@X@std@@QBE_NABI0@Z 00464070 f i v2.obj
 0002:000130e0       ??$?XM@?$tvec4@M$0A@@glm@@QAEAAU01@M@Z 004640e0 f i v2.obj
 0002:00013180       ??$?YM@?$tvec4@M$0A@@glm@@QAEAAU01@ABU01@@Z 00464180 f i v2.obj
 0002:00013240       ??$_Buynode@ABH@?$_Tree_comp_alloc@V?$_Tset_traits@HU?$less@H@std@@V?$allocator@H@2@$0A@@std@@@std@@QAEPAU?$_Tree_node@HPAX@1@ABH@Z 00464240 f i v2.obj
 0002:00013390       ??$_Buynode@ABQBD@?$_Tree_comp_alloc@V?$_Tset_traits@V?$basic_string@DU?$char_traits@D@std@@V?$allocator@D@2@@std@@U?$less@V?$basic_string@DU?$char_traits@D@std@@V?$allocator@D@2@@std@@@2@V?$allocator@V?$basic_string@DU?$char_traits@D@std@@V?$allocator@D@2@@std@@@2@$0A@@std@@@std@@QAEPAU?$_Tree_node@V?$basic_string@DU?$char_traits@D@std@@V?$allocator@D@2@@std@@PAX@1@ABQBD@Z 00464390 f i v2.obj
 0002:000134e0       ??$_Buynode_if_nil@AAH@?$_Tree@V?$_Tset_traits@HU?$less@H@std@@V?$allocator@H@2@$0A@@std@@@std@@IAEPAU?$_Tree_node@HPAX@1@PAU21@AAH@Z 004644e0 f i v2.obj
 0002:00013520       ??$_Buynode_if_nil@AAV?$basic_string@DU?$char_traits@D@std@@V?$allocator@D@2@@std@@@?$_Tree@V?$_Tset_traits@V?$basic_string@DU?$char_traits@D@std@@V?$allocator@D@2@@std@@U?$less@V?$basic_string@DU?$char_traits@D@std@@V?$allocator@D@2@@std@@@2@V?$allocator@V?$basic_string@DU?$char_traits@D@std@@V?$allocator@D@2@@std@@@2@$0A@@std@@@std@@IAEPAU?$_Tree_node@V?$basic_string@DU?$char_traits@D@std@@V?$allocator@D@2@@std@@PAX@1@PAU21@AAV?$basic_string@DU?$char_traits@D@std@@V?$allocator@D@2@@1@@Z 00464520 f i v2.obj
 0002:00013560       ??$_Copy_memmove@PAPBDPAPBD@std@@YAPAPBDPAPBD00@Z 00464560 f i v2.obj
 0002:000135f0       ??$_Copy_memmove@PAUExtensionProperties@vk@@PAU12@@std@@YAPAUExtensionProperties@vk@@PAU12@00@Z 004645f0 f i v2.obj
 0002:00013680       ??$_Copy_memmove@PAUSurfaceFormatKHR@vk@@PAU12@@std@@YAPAUSurfaceFormatKHR@vk@@PAU12@00@Z 00464680 f i v2.obj
 0002:00013710       ??$_Copy_memmove@PAW4PresentModeKHR@vk@@PAW412@@std@@YAPAW4PresentModeKHR@vk@@PAW412@00@Z 00464710 f i v2.obj
 0002:000137a0       ??$_Copy_memmove@PBGPAG@std@@YAPAGPBG0PAG@Z 004647a0 f i v2.obj
 0002:00013830       ??$_Copy_memmove@PBQBDPAPBD@std@@YAPAPBDPBQBD0PAPBD@Z 00464830 f i v2.obj
 0002:000138c0       ??$_Debug_lt@ABIABI@std@@YA_NABI0PB_WI@Z 004648c0 f i v2.obj
 0002:00013970       ??$_Debug_lt_pred@AAU?$less@H@std@@ABHABH@std@@YA_NAAU?$less@H@0@ABH1PB_WI@Z 00464970 f i v2.obj
 0002:00013a80       ??$_Debug_lt_pred@AAU?$less@V?$basic_string@DU?$char_traits@D@std@@V?$allocator@D@2@@std@@@std@@ABV?$basic_string@DU?$char_traits@D@std@@V?$allocator@D@2@@2@ABV32@@std@@YA_NAAU?$less@V?$basic_string@DU?$char_traits@D@std@@V?$allocator@D@2@@std@@@0@ABV?$basic_string@DU?$char_traits@D@std@@V?$allocator@D@2@@0@1PB_WI@Z 00464a80 f i v2.obj
 0002:00013b90       ??$_Debug_lt_pred@ABU?$less@V?$basic_string@DU?$char_traits@D@std@@V?$allocator@D@2@@std@@@std@@ABV?$basic_string@DU?$char_traits@D@std@@V?$allocator@D@2@@2@ABV32@@std@@YA_NABU?$less@V?$basic_string@DU?$char_traits@D@std@@V?$allocator@D@2@@std@@@0@ABV?$basic_string@DU?$char_traits@D@std@@V?$allocator@D@2@@0@1PB_WI@Z 00464b90 f i v2.obj
 0002:00013ca0       ??$_Debug_lt_pred@U?$less@X@std@@ABIABI@std@@YA_N$$QAU?$less@X@0@ABI1PB_WI@Z 00464ca0 f i v2.obj
 0002:00013db0       ??$_Debug_range2@PBH@std@@YAXPBH0PB_WIUrandom_access_iterator_tag@0@@Z 00464db0 f i v2.obj
 0002:00013e60       ??$_Debug_range2@PBW4Result@vk@@@std@@YAXPBW4Result@vk@@0PB_WIUrandom_access_iterator_tag@0@@Z 00464e60 f i v2.obj
 0002:00013f10       ??$_Debug_range2@V?$_Vector_const_iterator@V?$_Vector_val@U?$_Simple_types@PBD@std@@@std@@@std@@@std@@YAXV?$_Vector_const_iterator@V?$_Vector_val@U?$_Simple_types@PBD@std@@@std@@@0@0PB_WIUrandom_access_iterator_tag@0@@Z 00464f10 f i v2.obj
 0002:00014020       ??$_Debug_range@PBH@std@@YAXPBH0PB_WI@Z 00465020 f i v2.obj
 0002:00014090       ??$_Debug_range@PBW4Result@vk@@@std@@YAXPBW4Result@vk@@0PB_WI@Z 00465090 f i v2.obj
 0002:00014100       ??$_Debug_range@V?$_Vector_const_iterator@V?$_Vector_val@U?$_Simple_types@PBD@std@@@std@@@std@@@std@@YAXV?$_Vector_const_iterator@V?$_Vector_val@U?$_Simple_types@PBD@std@@@std@@@0@0PB_WI@Z 00465100 f i v2.obj
 0002:00014210       ??$_Destroy_range1@V?$allocator@D@std@@PAD@std@@YAXPAD0AAU?$_Wrap_alloc@V?$allocator@D@std@@@0@U?$integral_constant@_N$00@0@@Z 00465210 f i v2.obj
 0002:00014240       ??$_Destroy_range1@V?$allocator@G@std@@PAG@std@@YAXPAG0AAU?$_Wrap_alloc@V?$allocator@G@std@@@0@U?$integral_constant@_N$00@0@@Z 00465240 f i v2.obj
 0002:00014270       ??$_Destroy_range1@V?$allocator@PBD@std@@PAPBD@std@@YAXPAPBD0AAU?$_Wrap_alloc@V?$allocator@PBD@std@@@0@U?$integral_constant@_N$00@0@@Z 00465270 f i v2.obj
 0002:000142a0       ??$_Destroy_range1@V?$allocator@TClearValue@vk@@@std@@PATClearValue@vk@@@std@@YAXPATClearValue@vk@@0AAU?$_Wrap_alloc@V?$allocator@TClearValue@vk@@@std@@@0@U?$integral_constant@_N$00@0@@Z 004652a0 f i v2.obj
 0002:000142d0       ??$_Destroy_range1@V?$allocator@UAttachmentDescription@vk@@@std@@PAUAttachmentDescription@vk@@@std@@YAXPAUAttachmentDescription@vk@@0AAU?$_Wrap_alloc@V?$allocator@UAttachmentDescription@vk@@@std@@@0@U?$integral_constant@_N$00@0@@Z 004652d0 f i v2.obj
 0002:00014300       ??$_Destroy_range1@V?$allocator@UDescriptorPoolSize@vk@@@std@@PAUDescriptorPoolSize@vk@@@std@@YAXPAUDescriptorPoolSize@vk@@0AAU?$_Wrap_alloc@V?$allocator@UDescriptorPoolSize@vk@@@std@@@0@U?$integral_constant@_N$00@0@@Z 00465300 f i v2.obj
 0002:00014330       ??$_Destroy_range1@V?$allocator@UDescriptorSetLayoutBinding@vk@@@std@@PAUDescriptorSetLayoutBinding@vk@@@std@@YAXPAUDescriptorSetLayoutBinding@vk@@0AAU?$_Wrap_alloc@V?$allocator@UDescriptorSetLayoutBinding@vk@@@std@@@0@U?$integral_constant@_N$00@0@@Z 00465330 f i v2.obj
 0002:00014360       ??$_Destroy_range1@V?$allocator@UDeviceQueueCreateInfo@vk@@@std@@PAUDeviceQueueCreateInfo@vk@@@std@@YAXPAUDeviceQueueCreateInfo@vk@@0AAU?$_Wrap_alloc@V?$allocator@UDeviceQueueCreateInfo@vk@@@std@@@0@U?$integral_constant@_N$00@0@@Z 00465360 f i v2.obj
 0002:00014390       ??$_Destroy_range1@V?$allocator@UExtensionProperties@vk@@@std@@PAUExtensionProperties@vk@@@std@@YAXPAUExtensionProperties@vk@@0AAU?$_Wrap_alloc@V?$allocator@UExtensionProperties@vk@@@std@@@0@U?$integral_constant@_N$00@0@@Z 00465390 f i v2.obj
 0002:000143c0       ??$_Destroy_range1@V?$allocator@UQueueFamilyProperties@vk@@@std@@PAUQueueFamilyProperties@vk@@@std@@YAXPAUQueueFamilyProperties@vk@@0AAU?$_Wrap_alloc@V?$allocator@UQueueFamilyProperties@vk@@@std@@@0@U?$integral_constant@_N$00@0@@Z 004653c0 f i v2.obj
 0002:000143f0       ??$_Destroy_range1@V?$allocator@USurfaceFormatKHR@vk@@@std@@PAUSurfaceFormatKHR@vk@@@std@@YAXPAUSurfaceFormatKHR@vk@@0AAU?$_Wrap_alloc@V?$allocator@USurfaceFormatKHR@vk@@@std@@@0@U?$integral_constant@_N$00@0@@Z 004653f0 f i v2.obj
 0002:00014420       ??$_Destroy_range1@V?$allocator@UVertex@@@std@@PAUVertex@@@std@@YAXPAUVertex@@0AAU?$_Wrap_alloc@V?$allocator@UVertex@@@std@@@0@U?$integral_constant@_N$00@0@@Z 00465420 f i v2.obj
 0002:00014450       ??$_Destroy_range1@V?$allocator@UVertexInputAttributeDescription@vk@@@std@@PAUVertexInputAttributeDescription@vk@@@std@@YAXPAUVertexInputAttributeDescription@vk@@0AAU?$_Wrap_alloc@V?$allocator@UVertexInputAttributeDescription@vk@@@std@@@0@U?$integral_constant@_N$00@0@@Z 00465450 f i v2.obj
 0002:00014480       ??$_Destroy_range1@V?$allocator@UVkLayerProperties@@@std@@PAUVkLayerProperties@@@std@@YAXPAUVkLayerProperties@@0AAU?$_Wrap_alloc@V?$allocator@UVkLayerProperties@@@std@@@0@U?$integral_constant@_N$00@0@@Z 00465480 f i v2.obj
 0002:000144b0       ??$_Destroy_range1@V?$allocator@UWriteDescriptorSet@vk@@@std@@PAUWriteDescriptorSet@vk@@@std@@YAXPAUWriteDescriptorSet@vk@@0AAU?$_Wrap_alloc@V?$allocator@UWriteDescriptorSet@vk@@@std@@@0@U?$integral_constant@_N$00@0@@Z 004654b0 f i v2.obj
 0002:000144e0       ??$_Destroy_range1@V?$allocator@VCommandBuffer@vk@@@std@@PAVCommandBuffer@vk@@@std@@YAXPAVCommandBuffer@vk@@0AAU?$_Wrap_alloc@V?$allocator@VCommandBuffer@vk@@@std@@@0@U?$integral_constant@_N$00@0@@Z 004654e0 f i v2.obj
 0002:00014510       ??$_Destroy_range1@V?$allocator@VFramebuffer@vk@@@std@@PAVFramebuffer@vk@@@std@@YAXPAVFramebuffer@vk@@0AAU?$_Wrap_alloc@V?$allocator@VFramebuffer@vk@@@std@@@0@U?$integral_constant@_N$00@0@@Z 00465510 f i v2.obj
 0002:00014540       ??$_Destroy_range1@V?$allocator@VImage@vk@@@std@@PAVImage@vk@@@std@@YAXPAVImage@vk@@0AAU?$_Wrap_alloc@V?$allocator@VImage@vk@@@std@@@0@U?$integral_constant@_N$00@0@@Z 00465540 f i v2.obj
 0002:00014570       ??$_Destroy_range1@V?$allocator@VImageView@vk@@@std@@PAVImageView@vk@@@std@@YAXPAVImageView@vk@@0AAU?$_Wrap_alloc@V?$allocator@VImageView@vk@@@std@@@0@U?$integral_constant@_N$00@0@@Z 00465570 f i v2.obj
 0002:000145a0       ??$_Destroy_range1@V?$allocator@VPhysicalDevice@vk@@@std@@PAVPhysicalDevice@vk@@@std@@YAXPAVPhysicalDevice@vk@@0AAU?$_Wrap_alloc@V?$allocator@VPhysicalDevice@vk@@@std@@@0@U?$integral_constant@_N$00@0@@Z 004655a0 f i v2.obj
 0002:000145d0       ??$_Destroy_range1@V?$allocator@W4PresentModeKHR@vk@@@std@@PAW4PresentModeKHR@vk@@@std@@YAXPAW4PresentModeKHR@vk@@0AAU?$_Wrap_alloc@V?$allocator@W4PresentModeKHR@vk@@@std@@@0@U?$integral_constant@_N$00@0@@Z 004655d0 f i v2.obj
 0002:00014600       ??$_Destroy_range@V?$allocator@D@std@@PAD@std@@YAXPAD0AAU?$_Wrap_alloc@V?$allocator@D@std@@@0@@Z 00465600 f i v2.obj
 0002:00014670       ??$_Destroy_range@V?$allocator@G@std@@PAG@std@@YAXPAG0AAU?$_Wrap_alloc@V?$allocator@G@std@@@0@@Z 00465670 f i v2.obj
 0002:000146e0       ??$_Destroy_range@V?$allocator@PBD@std@@PAPBD@std@@YAXPAPBD0AAU?$_Wrap_alloc@V?$allocator@PBD@std@@@0@@Z 004656e0 f i v2.obj
 0002:00014750       ??$_Destroy_range@V?$allocator@TClearValue@vk@@@std@@PATClearValue@vk@@@std@@YAXPATClearValue@vk@@0AAU?$_Wrap_alloc@V?$allocator@TClearValue@vk@@@std@@@0@@Z 00465750 f i v2.obj
 0002:000147c0       ??$_Destroy_range@V?$allocator@UAttachmentDescription@vk@@@std@@PAUAttachmentDescription@vk@@@std@@YAXPAUAttachmentDescription@vk@@0AAU?$_Wrap_alloc@V?$allocator@UAttachmentDescription@vk@@@std@@@0@@Z 004657c0 f i v2.obj
 0002:00014830       ??$_Destroy_range@V?$allocator@UDescriptorPoolSize@vk@@@std@@PAUDescriptorPoolSize@vk@@@std@@YAXPAUDescriptorPoolSize@vk@@0AAU?$_Wrap_alloc@V?$allocator@UDescriptorPoolSize@vk@@@std@@@0@@Z 00465830 f i v2.obj
 0002:000148a0       ??$_Destroy_range@V?$allocator@UDescriptorSetLayoutBinding@vk@@@std@@PAUDescriptorSetLayoutBinding@vk@@@std@@YAXPAUDescriptorSetLayoutBinding@vk@@0AAU?$_Wrap_alloc@V?$allocator@UDescriptorSetLayoutBinding@vk@@@std@@@0@@Z 004658a0 f i v2.obj
 0002:00014910       ??$_Destroy_range@V?$allocator@UDeviceQueueCreateInfo@vk@@@std@@PAUDeviceQueueCreateInfo@vk@@@std@@YAXPAUDeviceQueueCreateInfo@vk@@0AAU?$_Wrap_alloc@V?$allocator@UDeviceQueueCreateInfo@vk@@@std@@@0@@Z 00465910 f i v2.obj
 0002:00014980       ??$_Destroy_range@V?$allocator@UExtensionProperties@vk@@@std@@PAUExtensionProperties@vk@@@std@@YAXPAUExtensionProperties@vk@@0AAU?$_Wrap_alloc@V?$allocator@UExtensionProperties@vk@@@std@@@0@@Z 00465980 f i v2.obj
 0002:000149f0       ??$_Destroy_range@V?$allocator@UQueueFamilyProperties@vk@@@std@@PAUQueueFamilyProperties@vk@@@std@@YAXPAUQueueFamilyProperties@vk@@0AAU?$_Wrap_alloc@V?$allocator@UQueueFamilyProperties@vk@@@std@@@0@@Z 004659f0 f i v2.obj
 0002:00014a60       ??$_Destroy_range@V?$allocator@USurfaceFormatKHR@vk@@@std@@PAUSurfaceFormatKHR@vk@@@std@@YAXPAUSurfaceFormatKHR@vk@@0AAU?$_Wrap_alloc@V?$allocator@USurfaceFormatKHR@vk@@@std@@@0@@Z 00465a60 f i v2.obj
 0002:00014ad0       ??$_Destroy_range@V?$allocator@UVertex@@@std@@PAUVertex@@@std@@YAXPAUVertex@@0AAU?$_Wrap_alloc@V?$allocator@UVertex@@@std@@@0@@Z 00465ad0 f i v2.obj
 0002:00014b40       ??$_Destroy_range@V?$allocator@UVertexInputAttributeDescription@vk@@@std@@PAUVertexInputAttributeDescription@vk@@@std@@YAXPAUVertexInputAttributeDescription@vk@@0AAU?$_Wrap_alloc@V?$allocator@UVertexInputAttributeDescription@vk@@@std@@@0@@Z 00465b40 f i v2.obj
 0002:00014bb0       ??$_Destroy_range@V?$allocator@UVkLayerProperties@@@std@@PAUVkLayerProperties@@@std@@YAXPAUVkLayerProperties@@0AAU?$_Wrap_alloc@V?$allocator@UVkLayerProperties@@@std@@@0@@Z 00465bb0 f i v2.obj
 0002:00014c20       ??$_Destroy_range@V?$allocator@UWriteDescriptorSet@vk@@@std@@PAUWriteDescriptorSet@vk@@@std@@YAXPAUWriteDescriptorSet@vk@@0AAU?$_Wrap_alloc@V?$allocator@UWriteDescriptorSet@vk@@@std@@@0@@Z 00465c20 f i v2.obj
 0002:00014c90       ??$_Destroy_range@V?$allocator@VCommandBuffer@vk@@@std@@PAVCommandBuffer@vk@@@std@@YAXPAVCommandBuffer@vk@@0AAU?$_Wrap_alloc@V?$allocator@VCommandBuffer@vk@@@std@@@0@@Z 00465c90 f i v2.obj
 0002:00014d00       ??$_Destroy_range@V?$allocator@VFramebuffer@vk@@@std@@PAVFramebuffer@vk@@@std@@YAXPAVFramebuffer@vk@@0AAU?$_Wrap_alloc@V?$allocator@VFramebuffer@vk@@@std@@@0@@Z 00465d00 f i v2.obj
 0002:00014d70       ??$_Destroy_range@V?$allocator@VImage@vk@@@std@@PAVImage@vk@@@std@@YAXPAVImage@vk@@0AAU?$_Wrap_alloc@V?$allocator@VImage@vk@@@std@@@0@@Z 00465d70 f i v2.obj
 0002:00014de0       ??$_Destroy_range@V?$allocator@VImageView@vk@@@std@@PAVImageView@vk@@@std@@YAXPAVImageView@vk@@0AAU?$_Wrap_alloc@V?$allocator@VImageView@vk@@@std@@@0@@Z 00465de0 f i v2.obj
 0002:00014e50       ??$_Destroy_range@V?$allocator@VPhysicalDevice@vk@@@std@@PAVPhysicalDevice@vk@@@std@@YAXPAVPhysicalDevice@vk@@0AAU?$_Wrap_alloc@V?$allocator@VPhysicalDevice@vk@@@std@@@0@@Z 00465e50 f i v2.obj
 0002:00014ec0       ??$_Destroy_range@V?$allocator@W4PresentModeKHR@vk@@@std@@PAW4PresentModeKHR@vk@@@std@@YAXPAW4PresentModeKHR@vk@@0AAU?$_Wrap_alloc@V?$allocator@W4PresentModeKHR@vk@@@std@@@0@@Z 00465ec0 f i v2.obj
 0002:00014f30       ??$_Distance1@PBG@std@@YAHPBG0Urandom_access_iterator_tag@0@@Z 00465f30 f i v2.obj
 0002:00014f70       ??$_Distance1@PBQBD@std@@YAHPBQBD0Urandom_access_iterator_tag@0@@Z 00465f70 f i v2.obj
 0002:00014fb0       ??$_Distance1@PBUAttachmentDescription@vk@@@std@@YAHPBUAttachmentDescription@vk@@0Urandom_access_iterator_tag@0@@Z 00465fb0 f i v2.obj
 0002:00014ff0       ??$_Distance1@PBUDescriptorSetLayoutBinding@vk@@@std@@YAHPBUDescriptorSetLayoutBinding@vk@@0Urandom_access_iterator_tag@0@@Z 00465ff0 f i v2.obj
 0002:00015030       ??$_Distance1@PBUVertex@@@std@@YAHPBUVertex@@0Urandom_access_iterator_tag@0@@Z 00466030 f i v2.obj
 0002:00015070       ??$_Distance1@PBVImageView@vk@@@std@@YAHPBVImageView@vk@@0Urandom_access_iterator_tag@0@@Z 00466070 f i v2.obj
 0002:000150b0       ??$_Distance1@V?$_Tree_const_iterator@V?$_Tree_val@U?$_Tree_simple_types@V?$basic_string@DU?$char_traits@D@std@@V?$allocator@D@2@@std@@@std@@@std@@@std@@@std@@YAHV?$_Tree_const_iterator@V?$_Tree_val@U?$_Tree_simple_types@V?$basic_string@DU?$char_traits@D@std@@V?$allocator@D@2@@std@@@std@@@std@@@0@0Uinput_iterator_tag@0@@Z 004660b0 f i v2.obj
 0002:000151a0       ??$_Emplace_back_with_unused_capacity@ABQBD@?$vector@PBDV?$allocator@PBD@std@@@std@@AAEXABQBD@Z 004661a0 f i v2.obj
 0002:00015280       ??$_Emplace_back_with_unused_capacity@ABUDeviceQueueCreateInfo@vk@@@?$vector@UDeviceQueueCreateInfo@vk@@V?$allocator@UDeviceQueueCreateInfo@vk@@@std@@@std@@AAEXABUDeviceQueueCreateInfo@vk@@@Z 00466280 f i v2.obj
 0002:00015360       ??$_Eqrange@V?$basic_string@DU?$char_traits@D@std@@V?$allocator@D@2@@std@@@?$_Tree@V?$_Tset_traits@V?$basic_string@DU?$char_traits@D@std@@V?$allocator@D@2@@std@@U?$less@V?$basic_string@DU?$char_traits@D@std@@V?$allocator@D@2@@std@@@2@V?$allocator@V?$basic_string@DU?$char_traits@D@std@@V?$allocator@D@2@@std@@@2@$0A@@std@@@std@@IAE?AU?$pair@V?$_Tree_const_iterator@V?$_Tree_val@U?$_Tree_simple_types@V?$basic_string@DU?$char_traits@D@std@@V?$allocator@D@2@@std@@@std@@@std@@@std@@V12@@1@ABV?$basic_string@DU?$char_traits@D@std@@V?$allocator@D@2@@1@@Z 00466360 f i v2.obj
 0002:000154d0       ?sin@@YAMM@Z               004664d0 f i v2.obj
 0002:00015520       ??$_Eqrange@V?$basic_string@DU?$char_traits@D@std@@V?$allocator@D@2@@std@@@?$_Tree@V?$_Tset_traits@V?$basic_string@DU?$char_traits@D@std@@V?$allocator@D@2@@std@@U?$less@V?$basic_string@DU?$char_traits@D@std@@V?$allocator@D@2@@std@@@2@V?$allocator@V?$basic_string@DU?$char_traits@D@std@@V?$allocator@D@2@@std@@@2@$0A@@std@@@std@@IBE?AU?$pair@V?$_Tree_const_iterator@V?$_Tree_val@U?$_Tree_simple_types@V?$basic_string@DU?$char_traits@D@std@@V?$allocator@D@2@@std@@@std@@@std@@@std@@V12@@1@ABV?$basic_string@DU?$char_traits@D@std@@V?$allocator@D@2@@1@@Z 00466520 f i v2.obj
 0002:000158b0       ??$_Fgetc@D@std@@YA_NAADPAU_iobuf@@@Z 004668b0 f i v2.obj
 0002:00015930       ??$_Find_unchecked1@PBW4Result@vk@@W412@@std@@YAPBW4Result@vk@@PBW412@0ABW412@U?$integral_constant@_N$0A@@0@@Z 00466930 f i v2.obj
 0002:00015990       ??$_Find_unchecked@PBW4Result@vk@@W412@@std@@YAPBW4Result@vk@@PBW412@0ABW412@@Z 00466990 f i v2.obj
 0002:00015a00       ??$_Fputc@D@std@@YA_NDPAU_iobuf@@@Z 00466a00 f i v2.obj
 0002:00015a90       ??$_Immortalize@V_Generic_error_category@std@@@std@@YAAAV_Generic_error_category@0@XZ 00466a90 f i v2.obj
 0002:00015b90       ??$_Immortalize@V_System_error_category@std@@@std@@YAAAV_System_error_category@0@XZ 00466b90 f i v2.obj
 0002:00015c90       ??$_Insert_at@AAHPAU?$_Tree_node@HPAX@std@@@?$_Tree@V?$_Tset_traits@HU?$less@H@std@@V?$allocator@H@2@$0A@@std@@@std@@IAE?AV?$_Tree_const_iterator@V?$_Tree_val@U?$_Tree_simple_types@H@std@@@std@@@1@_NPAU?$_Tree_node@HPAX@1@AAH1@Z 00466c90 f i v2.obj
 0002:00016250       ??$_Insert_at@AAV?$basic_string@DU?$char_traits@D@std@@V?$allocator@D@2@@std@@PAU?$_Tree_node@V?$basic_string@DU?$char_traits@D@std@@V?$allocator@D@2@@std@@PAX@2@@?$_Tree@V?$_Tset_traits@V?$basic_string@DU?$char_traits@D@std@@V?$allocator@D@2@@std@@U?$less@V?$basic_string@DU?$char_traits@D@std@@V?$allocator@D@2@@std@@@2@V?$allocator@V?$basic_string@DU?$char_traits@D@std@@V?$allocator@D@2@@std@@@2@$0A@@std@@@std@@IAE?AV?$_Tree_const_iterator@V?$_Tree_val@U?$_Tree_simple_types@V?$basic_string@DU?$char_traits@D@std@@V?$allocator@D@2@@std@@@std@@@std@@@1@_NPAU?$_Tree_node@V?$basic_string@DU?$char_traits@D@std@@V?$allocator@D@2@@std@@PAX@1@AAV?$basic_string@DU?$char_traits@D@std@@V?$allocator@D@2@@1@1@Z 00467250 f i v2.obj
 0002:00016810       ??$_Insert_hint@AAHPAU?$_Tree_node@HPAX@std@@@?$_Tree@V?$_Tset_traits@HU?$less@H@std@@V?$allocator@H@2@$0A@@std@@@std@@IAE?AV?$_Tree_const_iterator@V?$_Tree_val@U?$_Tree_simple_types@H@std@@@std@@@1@V21@AAHPAU?$_Tree_node@HPAX@1@@Z 00467810 f i v2.obj
 0002:00017da0       ??$_Insert_hint@AAV?$basic_string@DU?$char_traits@D@std@@V?$allocator@D@2@@std@@PAU?$_Tree_node@V?$basic_string@DU?$char_traits@D@std@@V?$allocator@D@2@@std@@PAX@2@@?$_Tree@V?$_Tset_traits@V?$basic_string@DU?$char_traits@D@std@@V?$allocator@D@2@@std@@U?$less@V?$basic_string@DU?$char_traits@D@std@@V?$allocator@D@2@@std@@@2@V?$allocator@V?$basic_string@DU?$char_traits@D@std@@V?$allocator@D@2@@std@@@2@$0A@@std@@@std@@IAE?AV?$_Tree_const_iterator@V?$_Tree_val@U?$_Tree_simple_types@V?$basic_string@DU?$char_traits@D@std@@V?$allocator@D@2@@std@@@std@@@std@@@1@V21@AAV?$basic_string@DU?$char_traits@D@std@@V?$allocator@D@2@@1@PAU?$_Tree_node@V?$basic_string@DU?$char_traits@D@std@@V?$allocator@D@2@@std@@PAX@1@@Z 00468da0 f i v2.obj
 0002:000192a0       ?system_category@std@@YAABVerror_category@1@XZ 0046a2a0 f i v2.obj
 0002:00019330       ??$_Insert_nohint@AAHPAU?$_Tree_node@HPAX@std@@@?$_Tree@V?$_Tset_traits@HU?$less@H@std@@V?$allocator@H@2@$0A@@std@@@std@@IAE?AU?$pair@V?$_Tree_const_iterator@V?$_Tree_val@U?$_Tree_simple_types@H@std@@@std@@@std@@_N@1@_NAAHPAU?$_Tree_node@HPAX@1@@Z 0046a330 f i v2.obj
 0002:00019a00       ??$_Insert_nohint@AAV?$basic_string@DU?$char_traits@D@std@@V?$allocator@D@2@@std@@PAU?$_Tree_node@V?$basic_string@DU?$char_traits@D@std@@V?$allocator@D@2@@std@@PAX@2@@?$_Tree@V?$_Tset_traits@V?$basic_string@DU?$char_traits@D@std@@V?$allocator@D@2@@std@@U?$less@V?$basic_string@DU?$char_traits@D@std@@V?$allocator@D@2@@std@@@2@V?$allocator@V?$basic_string@DU?$char_traits@D@std@@V?$allocator@D@2@@std@@@2@$0A@@std@@@std@@IAE?AU?$pair@V?$_Tree_const_iterator@V?$_Tree_val@U?$_Tree_simple_types@V?$basic_string@DU?$char_traits@D@std@@V?$allocator@D@2@@std@@@std@@@std@@@std@@_N@1@_NAAV?$basic_string@DU?$char_traits@D@std@@V?$allocator@D@2@@1@PAU?$_Tree_node@V?$basic_string@DU?$char_traits@D@std@@V?$allocator@D@2@@std@@PAX@1@@Z 0046aa00 f i v2.obj
 0002:0001a070       _sqrtf                     0046b070 f i v2.obj
 0002:0001a0d0       ??$_Min_value@I@std@@YAABIABI0@Z 0046b0d0 f i v2.obj
 0002:0001a140       ??$_Pocma@U?$_Wrap_alloc@V?$allocator@D@std@@@std@@@std@@YAXAAU?$_Wrap_alloc@V?$allocator@D@std@@@0@0@Z 0046b140 f i v2.obj
 0002:0001a1d0       ??$_Pocma@U?$_Wrap_alloc@V?$allocator@D@std@@@std@@@std@@YAXAAU?$_Wrap_alloc@V?$allocator@D@std@@@0@0U?$integral_constant@_N$00@0@@Z 0046b1d0 f i v2.obj
 0002:0001a260       ??$_Pocma@U?$_Wrap_alloc@V?$allocator@PBD@std@@@std@@@std@@YAXAAU?$_Wrap_alloc@V?$allocator@PBD@std@@@0@0@Z 0046b260 f i v2.obj
 0002:0001a2f0       ??$_Pocma@U?$_Wrap_alloc@V?$allocator@PBD@std@@@std@@@std@@YAXAAU?$_Wrap_alloc@V?$allocator@PBD@std@@@0@0U?$integral_constant@_N$00@0@@Z 0046b2f0 f i v2.obj
 0002:0001a380       ??$_Pocma@U?$_Wrap_alloc@V?$allocator@USurfaceFormatKHR@vk@@@std@@@std@@@std@@YAXAAU?$_Wrap_alloc@V?$allocator@USurfaceFormatKHR@vk@@@std@@@0@0@Z 0046b380 f i v2.obj
 0002:0001a410       ??$_Pocma@U?$_Wrap_alloc@V?$allocator@USurfaceFormatKHR@vk@@@std@@@std@@@std@@YAXAAU?$_Wrap_alloc@V?$allocator@USurfaceFormatKHR@vk@@@std@@@0@0U?$integral_constant@_N$00@0@@Z 0046b410 f i v2.obj
 0002:0001a4a0       ??$_Pocma@U?$_Wrap_alloc@V?$allocator@VCommandBuffer@vk@@@std@@@std@@@std@@YAXAAU?$_Wrap_alloc@V?$allocator@VCommandBuffer@vk@@@std@@@0@0@Z 0046b4a0 f i v2.obj
 0002:0001a530       ??$_Pocma@U?$_Wrap_alloc@V?$allocator@VCommandBuffer@vk@@@std@@@std@@@std@@YAXAAU?$_Wrap_alloc@V?$allocator@VCommandBuffer@vk@@@std@@@0@0U?$integral_constant@_N$00@0@@Z 0046b530 f i v2.obj
 0002:0001a5c0       ??$_Pocma@U?$_Wrap_alloc@V?$allocator@VImage@vk@@@std@@@std@@@std@@YAXAAU?$_Wrap_alloc@V?$allocator@VImage@vk@@@std@@@0@0@Z 0046b5c0 f i v2.obj
 0002:0001a650       ??$_Pocma@U?$_Wrap_alloc@V?$allocator@VImage@vk@@@std@@@std@@@std@@YAXAAU?$_Wrap_alloc@V?$allocator@VImage@vk@@@std@@@0@0U?$integral_constant@_N$00@0@@Z 0046b650 f i v2.obj
 0002:0001a6e0       ??$_Pocma@U?$_Wrap_alloc@V?$allocator@W4PresentModeKHR@vk@@@std@@@std@@@std@@YAXAAU?$_Wrap_alloc@V?$allocator@W4PresentModeKHR@vk@@@std@@@0@0@Z 0046b6e0 f i v2.obj
 0002:0001a770       ??$_Pocma@U?$_Wrap_alloc@V?$allocator@W4PresentModeKHR@vk@@@std@@@std@@@std@@YAXAAU?$_Wrap_alloc@V?$allocator@W4PresentModeKHR@vk@@@std@@@0@0U?$integral_constant@_N$00@0@@Z 0046b770 f i v2.obj
 0002:0001a800       ??$_Pocs@U?$_Wrap_alloc@V?$allocator@D@std@@@std@@@std@@YAXAAU?$_Wrap_alloc@V?$allocator@D@std@@@0@0@Z 0046b800 f i v2.obj
 0002:0001a890       ??$_Pocs@U?$_Wrap_alloc@V?$allocator@D@std@@@std@@@std@@YAXAAU?$_Wrap_alloc@V?$allocator@D@std@@@0@0U?$integral_constant@_N$0A@@0@@Z 0046b890 f i v2.obj
 0002:0001a980       ??$_Ptr_copy_cat@$$CBGG@std@@YA?AU_Really_trivial_ptr_iterator_tag@0@ABQBGABQAG@Z 0046b980 f i v2.obj
 0002:0001a9c0       ??$_Ptr_copy_cat@$$CBUAttachmentDescription@vk@@U12@@std@@YA?AU_General_ptr_iterator_tag@0@ABQBUAttachmentDescription@vk@@ABQAU23@@Z 0046b9c0 f i v2.obj
 0002:0001aa00       ??$_Ptr_copy_cat@$$CBUDescriptorSetLayoutBinding@vk@@U12@@std@@YA?AU_General_ptr_iterator_tag@0@ABQBUDescriptorSetLayoutBinding@vk@@ABQAU23@@Z 0046ba00 f i v2.obj
 0002:0001aa40       ??$_Ptr_copy_cat@$$CBUVertex@@U1@@std@@YA?AU_Trivially_copyable_ptr_iterator_tag@0@ABQBUVertex@@ABQAU2@@Z 0046ba40 f i v2.obj
 0002:0001aa80       ??$_Ptr_copy_cat@$$CBVImageView@vk@@V12@@std@@YA?AU_Trivially_copyable_ptr_iterator_tag@0@ABQBVImageView@vk@@ABQAV23@@Z 0046ba80 f i v2.obj
 0002:0001aac0       ??$_Ptr_copy_cat@QBDPBD@std@@YA?AU_Really_trivial_ptr_iterator_tag@0@ABQBQBDABQAPBD@Z 0046bac0 f i v2.obj
 0002:0001ab00       ??$_Ptr_copy_cat@UDeviceQueueCreateInfo@vk@@U12@@std@@YA?AU_General_ptr_iterator_tag@0@ABQAUDeviceQueueCreateInfo@vk@@0@Z 0046bb00 f i v2.obj
 0002:0001ab40       ??$_Ptr_copy_cat@UExtensionProperties@vk@@U12@@std@@YA?AU_Really_trivial_ptr_iterator_tag@0@ABQAUExtensionProperties@vk@@0@Z 0046bb40 f i v2.obj
 0002:0001ab80       ??$_Ptr_copy_cat@UQueueFamilyProperties@vk@@U12@@std@@YA?AU_General_ptr_iterator_tag@0@ABQAUQueueFamilyProperties@vk@@0@Z 0046bb80 f i v2.obj
 0002:0001abc0       ??$_Ptr_copy_cat@USurfaceFormatKHR@vk@@U12@@std@@YA?AU_Really_trivial_ptr_iterator_tag@0@ABQAUSurfaceFormatKHR@vk@@0@Z 0046bbc0 f i v2.obj
 0002:0001ac00       ??$_Ptr_copy_cat@VCommandBuffer@vk@@V12@@std@@YA?AU_Trivially_copyable_ptr_iterator_tag@0@ABQAVCommandBuffer@vk@@0@Z 0046bc00 f i v2.obj
 0002:0001ac40       ??$_Ptr_copy_cat@VImage@vk@@V12@@std@@YA?AU_Trivially_copyable_ptr_iterator_tag@0@ABQAVImage@vk@@0@Z 0046bc40 f i v2.obj
 0002:0001ac80       ??$_Ptr_copy_cat@VPhysicalDevice@vk@@V12@@std@@YA?AU_Trivially_copyable_ptr_iterator_tag@0@ABQAVPhysicalDevice@vk@@0@Z 0046bc80 f i v2.obj
 0002:0001acc0       ??$_Ptr_copy_cat@W4PresentModeKHR@vk@@W412@@std@@YA?AU_Really_trivial_ptr_iterator_tag@0@ABQAW4PresentModeKHR@vk@@0@Z 0046bcc0 f i v2.obj
 0002:0001ad00       ??$_Ptr_move_cat@PBDPBD@std@@YA?AU_Really_trivial_ptr_iterator_tag@0@ABQAPBD0@Z 0046bd00 f i v2.obj
 0002:0001ad40       ??$_Ptr_move_cat@UExtensionProperties@vk@@U12@@std@@YA?AU_Really_trivial_ptr_iterator_tag@0@ABQAUExtensionProperties@vk@@0@Z 0046bd40 f i v2.obj
 0002:0001ad80       ??$_Ptr_move_cat@USurfaceFormatKHR@vk@@U12@@std@@YA?AU_Really_trivial_ptr_iterator_tag@0@ABQAUSurfaceFormatKHR@vk@@0@Z 0046bd80 f i v2.obj
 0002:0001adc0       ??$_Ptr_move_cat@VCommandBuffer@vk@@V12@@std@@YA?AU_Trivially_copyable_ptr_iterator_tag@0@ABQAVCommandBuffer@vk@@0@Z 0046bdc0 f i v2.obj
 0002:0001ae00       ??$_Ptr_move_cat@VFramebuffer@vk@@V12@@std@@YA?AU_Trivially_copyable_ptr_iterator_tag@0@ABQAVFramebuffer@vk@@0@Z 0046be00 f i v2.obj
 0002:0001ae40       ??$_Ptr_move_cat@VImage@vk@@V12@@std@@YA?AU_Trivially_copyable_ptr_iterator_tag@0@ABQAVImage@vk@@0@Z 0046be40 f i v2.obj
 0002:0001ae80       ??$_Ptr_move_cat@VImageView@vk@@V12@@std@@YA?AU_Trivially_copyable_ptr_iterator_tag@0@ABQAVImageView@vk@@0@Z 0046be80 f i v2.obj
 0002:0001aec0       ??$_Ptr_move_cat@VPhysicalDevice@vk@@V12@@std@@YA?AU_Trivially_copyable_ptr_iterator_tag@0@ABQAVPhysicalDevice@vk@@0@Z 0046bec0 f i v2.obj
 0002:0001af00       ??$_Ptr_move_cat@W4PresentModeKHR@vk@@W412@@std@@YA?AU_Really_trivial_ptr_iterator_tag@0@ABQAW4PresentModeKHR@vk@@0@Z 0046bf00 f i v2.obj
 0002:0001af40       ??$_Range_construct_or_tidy@PBG@?$vector@GV?$allocator@G@std@@@std@@AAEXPBG0Uforward_iterator_tag@1@@Z 0046bf40 f i v2.obj
 0002:0001b070       ??$_Range_construct_or_tidy@PBQBD@?$vector@PBDV?$allocator@PBD@std@@@std@@AAEXPBQBD0Uforward_iterator_tag@1@@Z 0046c070 f i v2.obj
 0002:0001b1a0       ??$_Range_construct_or_tidy@PBUAttachmentDescription@vk@@@?$vector@UAttachmentDescription@vk@@V?$allocator@UAttachmentDescription@vk@@@std@@@std@@AAEXPBUAttachmentDescription@vk@@0Uforward_iterator_tag@1@@Z 0046c1a0 f i v2.obj
 0002:0001b2d0       ??$_Range_construct_or_tidy@PBUDescriptorSetLayoutBinding@vk@@@?$vector@UDescriptorSetLayoutBinding@vk@@V?$allocator@UDescriptorSetLayoutBinding@vk@@@std@@@std@@AAEXPBUDescriptorSetLayoutBinding@vk@@0Uforward_iterator_tag@1@@Z 0046c2d0 f i v2.obj
 0002:0001b400       ??$_Range_construct_or_tidy@PBUVertex@@@?$vector@UVertex@@V?$allocator@UVertex@@@std@@@std@@AAEXPBUVertex@@0Uforward_iterator_tag@1@@Z 0046c400 f i v2.obj
 0002:0001b530       ??$_Range_construct_or_tidy@PBVImageView@vk@@@?$vector@VImageView@vk@@V?$allocator@VImageView@vk@@@std@@@std@@AAEXPBVImageView@vk@@0Uforward_iterator_tag@1@@Z 0046c530 f i v2.obj
 0002:0001b660       ??$_Rechecked@PAGPAG@std@@YAAAPAGAAPAGPAG@Z 0046c660 f i v2.obj
 0002:0001b6a0       ??$_Rechecked@PAPBDPAPBD@std@@YAAAPAPBDAAPAPBDPAPBD@Z 0046c6a0 f i v2.obj
 0002:0001b6e0       ??$_Rechecked@PAUAttachmentDescription@vk@@PAU12@@std@@YAAAPAUAttachmentDescription@vk@@AAPAU12@PAU12@@Z 0046c6e0 f i v2.obj
 0002:0001b720       ??$_Rechecked@PAUDescriptorSetLayoutBinding@vk@@PAU12@@std@@YAAAPAUDescriptorSetLayoutBinding@vk@@AAPAU12@PAU12@@Z 0046c720 f i v2.obj
 0002:0001b760       ??$_Rechecked@PAUDeviceQueueCreateInfo@vk@@PAU12@@std@@YAAAPAUDeviceQueueCreateInfo@vk@@AAPAU12@PAU12@@Z 0046c760 f i v2.obj
 0002:0001b7a0       ??$_Rechecked@PAUExtensionProperties@vk@@PAU12@@std@@YAAAPAUExtensionProperties@vk@@AAPAU12@PAU12@@Z 0046c7a0 f i v2.obj
 0002:0001b7e0       ??$_Rechecked@PAUQueueFamilyProperties@vk@@PAU12@@std@@YAAAPAUQueueFamilyProperties@vk@@AAPAU12@PAU12@@Z 0046c7e0 f i v2.obj
 0002:0001b820       ??$_Rechecked@PAUSurfaceFormatKHR@vk@@PAU12@@std@@YAAAPAUSurfaceFormatKHR@vk@@AAPAU12@PAU12@@Z 0046c820 f i v2.obj
 0002:0001b860       ??$_Rechecked@PAUVertex@@PAU1@@std@@YAAAPAUVertex@@AAPAU1@PAU1@@Z 0046c860 f i v2.obj
 0002:0001b8a0       ??$_Rechecked@PAVCommandBuffer@vk@@PAV12@@std@@YAAAPAVCommandBuffer@vk@@AAPAV12@PAV12@@Z 0046c8a0 f i v2.obj
 0002:0001b8e0       ??$_Rechecked@PAVFramebuffer@vk@@PAV12@@std@@YAAAPAVFramebuffer@vk@@AAPAV12@PAV12@@Z 0046c8e0 f i v2.obj
 0002:0001b920       ??$_Rechecked@PAVImage@vk@@PAV12@@std@@YAAAPAVImage@vk@@AAPAV12@PAV12@@Z 0046c920 f i v2.obj
 0002:0001b960       ??$_Rechecked@PAVImageView@vk@@PAV12@@std@@YAAAPAVImageView@vk@@AAPAV12@PAV12@@Z 0046c960 f i v2.obj
 0002:0001b9a0       ??$_Rechecked@PAVPhysicalDevice@vk@@PAV12@@std@@YAAAPAVPhysicalDevice@vk@@AAPAV12@PAV12@@Z 0046c9a0 f i v2.obj
 0002:0001b9e0       ??$_Rechecked@PAW4PresentModeKHR@vk@@PAW412@@std@@YAAAPAW4PresentModeKHR@vk@@AAPAW412@PAW412@@Z 0046c9e0 f i v2.obj
 0002:0001ba20       ??$_Rechecked@PBW4Result@vk@@PBW412@@std@@YAAAPBW4Result@vk@@AAPBW412@PBW412@@Z 0046ca20 f i v2.obj
 0002:0001bc80       ?vkDestroyDebugReportCallbackEXT@@YAXAAVInstance@vk@@PAVDebugReportCallbackEXT@2@PAUAllocationCallbacks@2@@Z 0046cc80 f   v2.obj
 0002:0001bf30       _tanf                      0046cf30 f i v2.obj
 0002:0001d280       ??$_Traits_compare@U?$char_traits@D@std@@@std@@YAHQBDI0I@Z 0046e280 f i v2.obj
 0002:0001d330       ??$_Ucopy@PAUExtensionProperties@vk@@@?$vector@UExtensionProperties@vk@@V?$allocator@UExtensionProperties@vk@@@std@@@std@@AAEPAUExtensionProperties@vk@@PAU23@00@Z 0046e330 f i v2.obj
 0002:0001d3a0       ??$_Ucopy@PAUSurfaceFormatKHR@vk@@@?$vector@USurfaceFormatKHR@vk@@V?$allocator@USurfaceFormatKHR@vk@@@std@@@std@@AAEPAUSurfaceFormatKHR@vk@@PAU23@00@Z 0046e3a0 f i v2.obj
 0002:0001d410       ??$_Ucopy@PAVCommandBuffer@vk@@@?$vector@VCommandBuffer@vk@@V?$allocator@VCommandBuffer@vk@@@std@@@std@@AAEPAVCommandBuffer@vk@@PAV23@00@Z 0046e410 f i v2.obj
 0002:0001d480       ??$_Ucopy@PAVImage@vk@@@?$vector@VImage@vk@@V?$allocator@VImage@vk@@@std@@@std@@AAEPAVImage@vk@@PAV23@00@Z 0046e480 f i v2.obj
 0002:0001d4f0       ??$_Ucopy@PAVPhysicalDevice@vk@@@?$vector@VPhysicalDevice@vk@@V?$allocator@VPhysicalDevice@vk@@@std@@@std@@AAEPAVPhysicalDevice@vk@@PAV23@00@Z 0046e4f0 f i v2.obj
 0002:0001d560       ??$_Ucopy@PAW4PresentModeKHR@vk@@@?$vector@W4PresentModeKHR@vk@@V?$allocator@W4PresentModeKHR@vk@@@std@@@std@@AAEPAW4PresentModeKHR@vk@@PAW423@00@Z 0046e560 f i v2.obj
 0002:0001d5d0       ??$_Ucopy@PBG@?$vector@GV?$allocator@G@std@@@std@@AAEPAGPBG0PAG@Z 0046e5d0 f i v2.obj
 0002:0001d640       ??$_Ucopy@PBQBD@?$vector@PBDV?$allocator@PBD@std@@@std@@AAEPAPBDPBQBD0PAPBD@Z 0046e640 f i v2.obj
 0002:0001d6b0       ??$_Ucopy@PBUAttachmentDescription@vk@@@?$vector@UAttachmentDescription@vk@@V?$allocator@UAttachmentDescription@vk@@@std@@@std@@AAEPAUAttachmentDescription@vk@@PBU23@0PAU23@@Z 0046e6b0 f i v2.obj
 0002:0001d720       ??$_Ucopy@PBUDescriptorSetLayoutBinding@vk@@@?$vector@UDescriptorSetLayoutBinding@vk@@V?$allocator@UDescriptorSetLayoutBinding@vk@@@std@@@std@@AAEPAUDescriptorSetLayoutBinding@vk@@PBU23@0PAU23@@Z 0046e720 f i v2.obj
 0002:0001d790       ??$_Ucopy@PBUVertex@@@?$vector@UVertex@@V?$allocator@UVertex@@@std@@@std@@AAEPAUVertex@@PBU2@0PAU2@@Z 0046e790 f i v2.obj
 0002:0001d800       ??$_Ucopy@PBVImageView@vk@@@?$vector@VImageView@vk@@V?$allocator@VImageView@vk@@@std@@@std@@AAEPAVImageView@vk@@PBV23@0PAV23@@Z 0046e800 f i v2.obj
 0002:0001d870       ??$_Unchecked@PAG@std@@YAPAGPAG@Z 0046e870 f i v2.obj
 0002:0001d8b0       ??$_Unchecked@PAPBD@std@@YAPAPBDPAPBD@Z 0046e8b0 f i v2.obj
 0002:0001d8f0       ??$_Unchecked@PAUAttachmentDescription@vk@@@std@@YAPAUAttachmentDescription@vk@@PAU12@@Z 0046e8f0 f i v2.obj
 0002:0001d930       ??$_Unchecked@PAUDescriptorSetLayoutBinding@vk@@@std@@YAPAUDescriptorSetLayoutBinding@vk@@PAU12@@Z 0046e930 f i v2.obj
 0002:0001d970       ??$_Unchecked@PAUDeviceQueueCreateInfo@vk@@@std@@YAPAUDeviceQueueCreateInfo@vk@@PAU12@@Z 0046e970 f i v2.obj
 0002:0001d9b0       ??$_Unchecked@PAUExtensionProperties@vk@@@std@@YAPAUExtensionProperties@vk@@PAU12@@Z 0046e9b0 f i v2.obj
 0002:0001d9f0       ??$_Unchecked@PAUQueueFamilyProperties@vk@@@std@@YAPAUQueueFamilyProperties@vk@@PAU12@@Z 0046e9f0 f i v2.obj
 0002:0001da30       ??$_Unchecked@PAUSurfaceFormatKHR@vk@@@std@@YAPAUSurfaceFormatKHR@vk@@PAU12@@Z 0046ea30 f i v2.obj
 0002:0001da70       ??$_Unchecked@PAUVertex@@@std@@YAPAUVertex@@PAU1@@Z 0046ea70 f i v2.obj
 0002:0001dab0       ??$_Unchecked@PAVCommandBuffer@vk@@@std@@YAPAVCommandBuffer@vk@@PAV12@@Z 0046eab0 f i v2.obj
 0002:0001daf0       ??$_Unchecked@PAVFramebuffer@vk@@@std@@YAPAVFramebuffer@vk@@PAV12@@Z 0046eaf0 f i v2.obj
 0002:0001db30       ??$_Unchecked@PAVImage@vk@@@std@@YAPAVImage@vk@@PAV12@@Z 0046eb30 f i v2.obj
 0002:0001db70       ??$_Unchecked@PAVImageView@vk@@@std@@YAPAVImageView@vk@@PAV12@@Z 0046eb70 f i v2.obj
 0002:0001dbb0       ??$_Unchecked@PAVPhysicalDevice@vk@@@std@@YAPAVPhysicalDevice@vk@@PAV12@@Z 0046ebb0 f i v2.obj
 0002:0001dbf0       ??$_Unchecked@PAW4PresentModeKHR@vk@@@std@@YAPAW4PresentModeKHR@vk@@PAW412@@Z 0046ebf0 f i v2.obj
 0002:0001dc30       ??$_Unchecked@PBG@std@@YAPBGPBG@Z 0046ec30 f i v2.obj
 0002:0001dc70       ??$_Unchecked@PBQBD@std@@YAPBQBDPBQBD@Z 0046ec70 f i v2.obj
 0002:0001dcb0       ??$_Unchecked@PBUAttachmentDescription@vk@@@std@@YAPBUAttachmentDescription@vk@@PBU12@@Z 0046ecb0 f i v2.obj
 0002:0001dcf0       ??$_Unchecked@PBUDescriptorSetLayoutBinding@vk@@@std@@YAPBUDescriptorSetLayoutBinding@vk@@PBU12@@Z 0046ecf0 f i v2.obj
 0002:0001dd30       ??$_Unchecked@PBUVertex@@@std@@YAPBUVertex@@PBU1@@Z 0046ed30 f i v2.obj
 0002:0001dd70       ??$_Unchecked@PBVImageView@vk@@@std@@YAPBVImageView@vk@@PBV12@@Z 0046ed70 f i v2.obj
 0002:0001ddb0       ??$_Unchecked@PBW4Result@vk@@@std@@YAPBW4Result@vk@@PBW412@@Z 0046edb0 f i v2.obj
 0002:0001ddf0       ??$_Unfancy@$$CBD@std@@YAPBDPBD@Z 0046edf0 f i v2.obj
 0002:0001de30       ??$_Unfancy@D@std@@YAPADPAD@Z 0046ee30 f i v2.obj
 0002:0001de70       ??$_Unfancy@PBD@std@@YAPAPBDPAPBD@Z 0046ee70 f i v2.obj
 0002:0001deb0       ??$_Unfancy@TClearValue@vk@@@std@@YAPATClearValue@vk@@PAT12@@Z 0046eeb0 f i v2.obj
 0002:0001def0       ??$_Unfancy@UAttachmentDescription@vk@@@std@@YAPAUAttachmentDescription@vk@@PAU12@@Z 0046eef0 f i v2.obj
 0002:0001df30       ??$_Unfancy@UDescriptorPoolSize@vk@@@std@@YAPAUDescriptorPoolSize@vk@@PAU12@@Z 0046ef30 f i v2.obj
 0002:0001df70       ??$_Unfancy@UDescriptorSetLayoutBinding@vk@@@std@@YAPAUDescriptorSetLayoutBinding@vk@@PAU12@@Z 0046ef70 f i v2.obj
 0002:0001dfb0       ??$_Unfancy@UDeviceQueueCreateInfo@vk@@@std@@YAPAUDeviceQueueCreateInfo@vk@@PAU12@@Z 0046efb0 f i v2.obj
 0002:0001dff0       ??$_Unfancy@UExtensionProperties@vk@@@std@@YAPAUExtensionProperties@vk@@PAU12@@Z 0046eff0 f i v2.obj
 0002:0001e030       ??$_Unfancy@UQueueFamilyProperties@vk@@@std@@YAPAUQueueFamilyProperties@vk@@PAU12@@Z 0046f030 f i v2.obj
 0002:0001e070       ??$_Unfancy@USurfaceFormatKHR@vk@@@std@@YAPAUSurfaceFormatKHR@vk@@PAU12@@Z 0046f070 f i v2.obj
 0002:0001e0b0       ??$_Unfancy@UVertex@@@std@@YAPAUVertex@@PAU1@@Z 0046f0b0 f i v2.obj
 0002:0001e0f0       ??$_Unfancy@UVertexInputAttributeDescription@vk@@@std@@YAPAUVertexInputAttributeDescription@vk@@PAU12@@Z 0046f0f0 f i v2.obj
 0002:0001e130       ??$_Unfancy@UVkLayerProperties@@@std@@YAPAUVkLayerProperties@@PAU1@@Z 0046f130 f i v2.obj
 0002:0001e170       ??$_Unfancy@UWriteDescriptorSet@vk@@@std@@YAPAUWriteDescriptorSet@vk@@PAU12@@Z 0046f170 f i v2.obj
 0002:0001e1b0       ??$_Unfancy@U_Container_proxy@std@@@std@@YAPAU_Container_proxy@0@PAU10@@Z 0046f1b0 f i v2.obj
 0002:0001e1f0       ??$_Unfancy@VCommandBuffer@vk@@@std@@YAPAVCommandBuffer@vk@@PAV12@@Z 0046f1f0 f i v2.obj
 0002:0001e230       ??$_Unfancy@VFramebuffer@vk@@@std@@YAPAVFramebuffer@vk@@PAV12@@Z 0046f230 f i v2.obj
 0002:0001e270       ??$_Unfancy@VImage@vk@@@std@@YAPAVImage@vk@@PAV12@@Z 0046f270 f i v2.obj
[...]
 0005:00000140       __imp_?setg@?$basic_streambuf@DU?$char_traits@D@std@@@std@@IAEXPAD00@Z 00516140     msvcprtd:MSVCP140D.dll
 0005:00000144       __imp_?egptr@?$basic_streambuf@DU?$char_traits@D@std@@@std@@IBEPADXZ 00516144     msvcprtd:MSVCP140D.dll
 0005:00000148       __imp_?pptr@?$basic_streambuf@DU?$char_traits@D@std@@@std@@IBEPADXZ 00516148     msvcprtd:MSVCP140D.dll
 0005:0000014c       __imp_?gptr@?$basic_streambuf@DU?$char_traits@D@std@@@std@@IBEPADXZ 0051614c     msvcprtd:MSVCP140D.dll
 0005:00000150       __imp_?eback@?$basic_streambuf@DU?$char_traits@D@std@@@std@@IBEPADXZ 00516150     msvcprtd:MSVCP140D.dll
 0005:00000154       __imp_?sputn@?$basic_streambuf@DU?$char_traits@D@std@@@std@@QAE_JPBD_J@Z 00516154     msvcprtd:MSVCP140D.dll
 0005:00000158       __imp_?sputc@?$basic_streambuf@DU?$char_traits@D@std@@@std@@QAEHD@Z 00516158     msvcprtd:MSVCP140D.dll
 0005:0000015c       __imp_?getloc@?$basic_streambuf@DU?$char_traits@D@std@@@std@@QBE?AVlocale@2@XZ 0051615c     msvcprtd:MSVCP140D.dll
 0005:00000160       __imp_??1?$basic_streambuf@DU?$char_traits@D@std@@@std@@UAE@XZ 00516160     msvcprtd:MSVCP140D.dll
 0005:00000164       __imp_??0?$basic_streambuf@DU?$char_traits@D@std@@@std@@IAE@XZ 00516164     msvcprtd:MSVCP140D.dll
 0005:00000168       __imp_?width@ios_base@std@@QAE_J_J@Z 00516168     msvcprtd:MSVCP140D.dll
 0005:0000016c       __imp_?width@ios_base@std@@QBE_JXZ 0051616c     msvcprtd:MSVCP140D.dll
 0005:00000170       __imp_?flags@ios_base@std@@QBEHXZ 00516170     msvcprtd:MSVCP140D.dll
 0005:00000174       __imp_?good@ios_base@std@@QBE_NXZ 00516174     msvcprtd:MSVCP140D.dll
 0005:00000178       __imp_?_Winerror_message@std@@YAKKPADK@Z 00516178     msvcprtd:MSVCP140D.dll
 0005:0000017c       __imp_?_Winerror_map@std@@YAHH@Z 0051617c     msvcprtd:MSVCP140D.dll
 0005:00000180       __imp_?_Syserror_map@std@@YAPBDH@Z 00516180     msvcprtd:MSVCP140D.dll
 0005:00000184       __imp_?_Getcat@?$codecvt@DDU_Mbstatet@@@std@@SAIPAPBVfacet@locale@2@PBV42@@Z 00516184     msvcprtd:MSVCP140D.dll
 0005:00000188       __imp_?unshift@?$codecvt@DDU_Mbstatet@@@std@@QBEHAAU_Mbstatet@@PAD1AAPAD@Z 00516188     msvcprtd:MSVCP140D.dll
 0005:0000018c       __imp_?out@?$codecvt@DDU_Mbstatet@@@std@@QBEHAAU_Mbstatet@@PBD1AAPBDPAD3AAPAD@Z 0051618c     msvcprtd:MSVCP140D.dll
 0005:00000190       __imp_?in@?$codecvt@DDU_Mbstatet@@@std@@QBEHAAU_Mbstatet@@PBD1AAPBDPAD3AAPAD@Z 00516190     msvcprtd:MSVCP140D.dll
 0005:00000194       __imp_?always_noconv@codecvt_base@std@@QBE_NXZ 00516194     msvcprtd:MSVCP140D.dll
 0005:00000198       __imp_?cerr@std@@3V?$basic_ostream@DU?$char_traits@D@std@@@1@A 00516198     msvcprtd:MSVCP140D.dll
 0005:0000019c       __imp_?read@?$basic_istream@DU?$char_traits@D@std@@@std@@QAEAAV12@PAD_J@Z 0051619c     msvcprtd:MSVCP140D.dll
 0005:000001a0       __imp_??0_Lockit@std@@QAE@H@Z 005161a0     msvcprtd:MSVCP140D.dll
 0005:000001a4       __imp_??1_Lockit@std@@QAE@XZ 005161a4     msvcprtd:MSVCP140D.dll
 0005:000001a8       __imp_?uncaught_exception@std@@YA_NXZ 005161a8     msvcprtd:MSVCP140D.dll
 0005:000001ac       __imp_?_Debug_message@std@@YAXPB_W0I@Z 005161ac     msvcprtd:MSVCP140D.dll
 0005:000001b0       __imp_?_Xbad_alloc@std@@YAXXZ 005161b0     msvcprtd:MSVCP140D.dll
 0005:000001b4       __imp_?_Xlength_error@std@@YAXPBD@Z 005161b4     msvcprtd:MSVCP140D.dll
 0005:000001b8       __imp_?_Xout_of_range@std@@YAXPBD@Z 005161b8     msvcprtd:MSVCP140D.dll
 0005:000001bc       __imp_??Bid@locale@std@@QAEIXZ 005161bc     msvcprtd:MSVCP140D.dll
 0005:000001c0       __imp_?_Getgloballocale@locale@std@@CAPAV_Locimp@12@XZ 005161c0     msvcprtd:MSVCP140D.dll
 0005:000001c4       \177MSVCP140D_NULL_THUNK_DATA 005161c4     msvcprtd:MSVCP140D.dll
 0005:00000220       __imp__SDL_GetWindowWMInfo 00516220     SDL2:SDL2.dll
 0005:00000224       __imp__SDL_Quit            00516224     SDL2:SDL2.dll
 0005:00000228       __imp__SDL_Init            00516228     SDL2:SDL2.dll
 0005:0000022c       __imp__SDL_Delay           0051622c     SDL2:SDL2.dll
 0005:00000230       __imp__SDL_PollEvent       00516230     SDL2:SDL2.dll
 0005:00000234       __imp__SDL_DestroyWindow   00516234     SDL2:SDL2.dll
 0005:00000238       __imp__SDL_GetWindowSize   00516238     SDL2:SDL2.dll
 0005:0000023c       __imp__SDL_CreateWindow    0051623c     SDL2:SDL2.dll
 0005:00000240       \177SDL2_NULL_THUNK_DATA   00516240     SDL2:SDL2.dll
 0005:00000270       __imp____vcrt_LoadLibraryExW 00516270     vcruntimed:VCRUNTIME140D.dll
 0005:00000274       __imp____vcrt_GetModuleHandleW 00516274     vcruntimed:VCRUNTIME140D.dll
 0005:00000278       __imp____vcrt_GetModuleFileNameW 00516278     vcruntimed:VCRUNTIME140D.dll
 0005:0000027c       __imp___except_handler4_common 0051627c     vcruntimed:VCRUNTIME140D.dll
 0005:00000280       __imp____std_type_info_destroy_list 00516280     vcruntimed:VCRUNTIME140D.dll
 0005:00000284       __imp____vcrt_InitializeCriticalSectionEx 00516284     vcruntimed:VCRUNTIME140D.dll
 0005:00000288       __imp____CxxFrameHandler3  00516288     vcruntimed:VCRUNTIME140D.dll
 0005:0000028c       __imp___CxxThrowException@8 0051628c     vcruntimed:VCRUNTIME140D.dll
 0005:00000290       __imp____std_exception_destroy 00516290     vcruntimed:VCRUNTIME140D.dll
 0005:00000294       __imp____std_exception_copy 00516294     vcruntimed:VCRUNTIME140D.dll
 0005:00000298       __imp__memset              00516298     vcruntimed:VCRUNTIME140D.dll
 0005:0000029c       __imp__memmove             0051629c     vcruntimed:VCRUNTIME140D.dll
 0005:000002a0       __imp__memcpy              005162a0     vcruntimed:VCRUNTIME140D.dll
 0005:000002a4       __imp__memcmp              005162a4     vcruntimed:VCRUNTIME140D.dll
 0005:000002a8       __imp___purecall           005162a8     vcruntimed:VCRUNTIME140D.dll
 0005:000002ac       \177VCRUNTIME140D_NULL_THUNK_DATA 005162ac     vcruntimed:VCRUNTIME140D.dll
 0005:000002e4       __imp___seh_filter_dll     005162e4     ucrtd:ucrtbased.dll
 0005:000002e8       __imp___callnewh           005162e8     ucrtd:ucrtbased.dll
 0005:000002ec       __imp____p__commode        005162ec     ucrtd:ucrtbased.dll
 0005:000002f0       __imp___set_new_mode       005162f0     ucrtd:ucrtbased.dll
 0005:000002f4       __imp___configthreadlocale 005162f4     ucrtd:ucrtbased.dll
 0005:000002f8       __imp___register_thread_local_exe_atexit_callback 005162f8     ucrtd:ucrtbased.dll
 0005:000002fc       __imp___c_exit             005162fc     ucrtd:ucrtbased.dll
 0005:00000300       __imp___cexit              00516300     ucrtd:ucrtbased.dll
 0005:00000304       __imp____p___argv          00516304     ucrtd:ucrtbased.dll
 0005:00000308       __imp____p___argc          00516308     ucrtd:ucrtbased.dll
 0005:0000030c       __imp___initialize_onexit_table 0051630c     ucrtd:ucrtbased.dll
 0005:00000310       __imp___exit               00516310     ucrtd:ucrtbased.dll
 0005:00000314       __imp__exit                00516314     ucrtd:ucrtbased.dll
 0005:00000318       __imp___initterm_e         00516318     ucrtd:ucrtbased.dll
 0005:0000031c       __imp___initterm           0051631c     ucrtd:ucrtbased.dll
 0005:00000320       __imp___get_initial_narrow_environment 00516320     ucrtd:ucrtbased.dll
 0005:00000324       __imp___initialize_narrow_environment 00516324     ucrtd:ucrtbased.dll
 0005:00000328       __imp___configure_narrow_argv 00516328     ucrtd:ucrtbased.dll
 0005:0000032c       __imp____setusermatherr    0051632c     ucrtd:ucrtbased.dll
 0005:00000330       __imp___set_app_type       00516330     ucrtd:ucrtbased.dll
 0005:00000334       __imp___seh_filter_exe     00516334     ucrtd:ucrtbased.dll
 0005:00000338       __imp___malloc_dbg         00516338     ucrtd:ucrtbased.dll
 0005:0000033c       __imp___free_dbg           0051633c     ucrtd:ucrtbased.dll
 0005:00000340       __imp___CrtDbgReportW      00516340     ucrtd:ucrtbased.dll
 0005:00000344       __imp___unlock_file        00516344     ucrtd:ucrtbased.dll
 0005:00000348       __imp___lock_file          00516348     ucrtd:ucrtbased.dll
 0005:0000034c       __imp__ungetc              0051634c     ucrtd:ucrtbased.dll
 0005:00000350       __imp__setvbuf             00516350     ucrtd:ucrtbased.dll
 0005:00000354       __imp__fwrite              00516354     ucrtd:ucrtbased.dll
 0005:00000358       __imp__ftell               00516358     ucrtd:ucrtbased.dll
 0005:0000035c       __imp___register_onexit_function 0051635c     ucrtd:ucrtbased.dll
 0005:00000360       __imp___execute_onexit_table 00516360     ucrtd:ucrtbased.dll
 0005:00000364       __imp___crt_atexit         00516364     ucrtd:ucrtbased.dll
 0005:00000368       __imp___crt_at_quick_exit  00516368     ucrtd:ucrtbased.dll
 0005:0000036c       __imp___CrtDbgReport       0051636c     ucrtd:ucrtbased.dll
 0005:00000370       __imp___except1            00516370     ucrtd:ucrtbased.dll
 0005:00000374       __imp___controlfp_s        00516374     ucrtd:ucrtbased.dll
 0005:00000378       __imp__terminate           00516378     ucrtd:ucrtbased.dll
 0005:0000037c       __imp__strcpy_s            0051637c     ucrtd:ucrtbased.dll
 0005:00000380       __imp__strcat_s            00516380     ucrtd:ucrtbased.dll
 0005:00000384       __imp____stdio_common_vsprintf_s 00516384     ucrtd:ucrtbased.dll
 0005:00000388       __imp___wmakepath_s        00516388     ucrtd:ucrtbased.dll
 0005:0000038c       __imp___wsplitpath_s       0051638c     ucrtd:ucrtbased.dll
 0005:00000390       __imp__wcscpy_s            00516390     ucrtd:ucrtbased.dll
 0005:00000394       __imp___set_fmode          00516394     ucrtd:ucrtbased.dll
 0005:00000398       __imp___invalid_parameter  00516398     ucrtd:ucrtbased.dll
 0005:0000039c       __imp___invalid_parameter_noinfo 0051639c     ucrtd:ucrtbased.dll
 0005:000003a0       __imp__free                005163a0     ucrtd:ucrtbased.dll
 0005:000003a4       __imp__malloc              005163a4     ucrtd:ucrtbased.dll
 0005:000003a8       __imp__realloc             005163a8     ucrtd:ucrtbased.dll
 0005:000003ac       __imp___errno              005163ac     ucrtd:ucrtbased.dll
 0005:000003b0       __imp__abs                 005163b0     ucrtd:ucrtbased.dll
 0005:000003b4       __imp___lrotl              005163b4     ucrtd:ucrtbased.dll
 0005:000003b8       __imp__strtol              005163b8     ucrtd:ucrtbased.dll
 0005:000003bc       __imp__cos                 005163bc     ucrtd:ucrtbased.dll
 0005:000003c0       __imp__pow                 005163c0     ucrtd:ucrtbased.dll
 0005:000003c4       __imp__sin                 005163c4     ucrtd:ucrtbased.dll
 0005:000003c8       __imp__sqrt                005163c8     ucrtd:ucrtbased.dll
 0005:000003cc       __imp__tan                 005163cc     ucrtd:ucrtbased.dll
 0005:000003d0       __imp__ldexp               005163d0     ucrtd:ucrtbased.dll
 0005:000003d4       __imp___wassert            005163d4     ucrtd:ucrtbased.dll
 0005:000003d8       __imp__strcmp              005163d8     ucrtd:ucrtbased.dll
 0005:000003dc       __imp__strlen              005163dc     ucrtd:ucrtbased.dll
 0005:000003e0       __imp__strncmp             005163e0     ucrtd:ucrtbased.dll
 0005:000003e4       __imp___get_stream_buffer_pointers 005163e4     ucrtd:ucrtbased.dll
 0005:000003e8       __imp__fopen_s             005163e8     ucrtd:ucrtbased.dll
 0005:000003ec       __imp__fclose              005163ec     ucrtd:ucrtbased.dll
 0005:000003f0       __imp__feof                005163f0     ucrtd:ucrtbased.dll
 0005:000003f4       __imp__fflush              005163f4     ucrtd:ucrtbased.dll
 0005:000003f8       __imp__fgetc               005163f8     ucrtd:ucrtbased.dll
 0005:000003fc       __imp__fgetpos             005163fc     ucrtd:ucrtbased.dll
 0005:00000400       __imp__fputc               00516400     ucrtd:ucrtbased.dll
 0005:00000404       __imp__fread               00516404     ucrtd:ucrtbased.dll
 0005:00000408       __imp__fsetpos             00516408     ucrtd:ucrtbased.dll
 0005:0000040c       __imp__fseek               0051640c     ucrtd:ucrtbased.dll
 0005:00000410       __imp___fseeki64           00516410     ucrtd:ucrtbased.dll
 0005:00000414       \177ucrtbased_NULL_THUNK_DATA 00516414     ucrtd:ucrtbased.dll
 0005:0000047c       __imp__vkCreateShaderModule@16 0051647c     vulkan-1:vulkan-1.dll
 0005:00000480       __imp__vkDestroyShaderModule@16 00516480     vulkan-1:vulkan-1.dll
 0005:00000484       __imp__vkCreateGraphicsPipelines@28 00516484     vulkan-1:vulkan-1.dll
 0005:00000488       __imp__vkDestroyPipeline@16 00516488     vulkan-1:vulkan-1.dll
 0005:0000048c       __imp__vkCreatePipelineLayout@16 0051648c     vulkan-1:vulkan-1.dll
 0005:00000490       __imp__vkDestroyPipelineLayout@16 00516490     vulkan-1:vulkan-1.dll
 0005:00000494       __imp__vkCreateSampler@16  00516494     vulkan-1:vulkan-1.dll
 0005:00000498       __imp__vkDestroySampler@16 00516498     vulkan-1:vulkan-1.dll
 0005:0000049c       __imp__vkCreateDescriptorSetLayout@16 0051649c     vulkan-1:vulkan-1.dll
 0005:000004a0       __imp__vkDestroyDescriptorSetLayout@16 005164a0     vulkan-1:vulkan-1.dll
 0005:000004a4       __imp__vkCreateDescriptorPool@16 005164a4     vulkan-1:vulkan-1.dll
 0005:000004a8       __imp__vkDestroyDescriptorPool@16 005164a8     vulkan-1:vulkan-1.dll
 0005:000004ac       __imp__vkAllocateDescriptorSets@12 005164ac     vulkan-1:vulkan-1.dll
 0005:000004b0       __imp__vkUpdateDescriptorSets@20 005164b0     vulkan-1:vulkan-1.dll
 0005:000004b4       __imp__vkCreateFramebuffer@16 005164b4     vulkan-1:vulkan-1.dll
 0005:000004b8       __imp__vkDestroyFramebuffer@16 005164b8     vulkan-1:vulkan-1.dll
 0005:000004bc       __imp__vkCreateRenderPass@16 005164bc     vulkan-1:vulkan-1.dll
 0005:000004c0       __imp__vkDestroyRenderPass@16 005164c0     vulkan-1:vulkan-1.dll
 0005:000004c4       __imp__vkCreateCommandPool@16 005164c4     vulkan-1:vulkan-1.dll
 0005:000004c8       __imp__vkDestroyCommandPool@16 005164c8     vulkan-1:vulkan-1.dll
 0005:000004cc       __imp__vkAllocateCommandBuffers@12 005164cc     vulkan-1:vulkan-1.dll
 0005:000004d0       __imp__vkFreeCommandBuffers@20 005164d0     vulkan-1:vulkan-1.dll
 0005:000004d4       __imp__vkBeginCommandBuffer@8 005164d4     vulkan-1:vulkan-1.dll
 0005:000004d8       __imp__vkEndCommandBuffer@4 005164d8     vulkan-1:vulkan-1.dll
 0005:000004dc       __imp__vkCmdBindPipeline@16 005164dc     vulkan-1:vulkan-1.dll
 0005:000004e0       __imp__vkCmdBindDescriptorSets@36 005164e0     vulkan-1:vulkan-1.dll
 0005:000004e4       __imp__vkCmdBindIndexBuffer@24 005164e4     vulkan-1:vulkan-1.dll
 0005:000004e8       __imp__vkCmdBindVertexBuffers@20 005164e8     vulkan-1:vulkan-1.dll
 0005:000004ec       __imp__vkCmdDrawIndexed@24 005164ec     vulkan-1:vulkan-1.dll
 0005:000004f0       __imp__vkCmdCopyBuffer@28  005164f0     vulkan-1:vulkan-1.dll
 0005:000004f4       __imp__vkCmdCopyBufferToImage@32 005164f4     vulkan-1:vulkan-1.dll
 0005:000004f8       __imp__vkCmdPipelineBarrier@40 005164f8     vulkan-1:vulkan-1.dll
 0005:000004fc       __imp__vkCmdBeginRenderPass@12 005164fc     vulkan-1:vulkan-1.dll
 0005:00000500       __imp__vkCmdEndRenderPass@4 00516500     vulkan-1:vulkan-1.dll
 0005:00000504       __imp__vkDestroySurfaceKHR@16 00516504     vulkan-1:vulkan-1.dll
 0005:00000508       __imp__vkGetPhysicalDeviceSurfaceSupportKHR@20 00516508     vulkan-1:vulkan-1.dll
 0005:0000050c       __imp__vkGetPhysicalDeviceSurfaceCapabilitiesKHR@16 0051650c     vulkan-1:vulkan-1.dll
 0005:00000510       __imp__vkGetPhysicalDeviceSurfaceFormatsKHR@20 00516510     vulkan-1:vulkan-1.dll
 0005:00000514       __imp__vkGetPhysicalDeviceSurfacePresentModesKHR@20 00516514     vulkan-1:vulkan-1.dll
 0005:00000518       __imp__vkCreateSwapchainKHR@16 00516518     vulkan-1:vulkan-1.dll
 0005:0000051c       __imp__vkDestroySwapchainKHR@16 0051651c     vulkan-1:vulkan-1.dll
 0005:00000520       __imp__vkGetSwapchainImagesKHR@20 00516520     vulkan-1:vulkan-1.dll
 0005:00000524       __imp__vkAcquireNextImageKHR@40 00516524     vulkan-1:vulkan-1.dll
 0005:00000528       __imp__vkQueuePresentKHR@8 00516528     vulkan-1:vulkan-1.dll
 0005:0000052c       __imp__vkCreateWin32SurfaceKHR@16 0051652c     vulkan-1:vulkan-1.dll
 0005:00000530       __imp__vkDestroyImageView@16 00516530     vulkan-1:vulkan-1.dll
 0005:00000534       __imp__vkCreateImageView@16 00516534     vulkan-1:vulkan-1.dll
 0005:00000538       __imp__vkDestroyImage@16   00516538     vulkan-1:vulkan-1.dll
 0005:0000053c       __imp__vkCreateImage@16    0051653c     vulkan-1:vulkan-1.dll
 0005:00000540       __imp__vkDestroyBuffer@16  00516540     vulkan-1:vulkan-1.dll
 0005:00000544       __imp__vkCreateBuffer@16   00516544     vulkan-1:vulkan-1.dll
 0005:00000548       __imp__vkDestroySemaphore@16 00516548     vulkan-1:vulkan-1.dll
 0005:0000054c       __imp__vkCreateSemaphore@16 0051654c     vulkan-1:vulkan-1.dll
 0005:00000550       __imp__vkGetImageMemoryRequirements@16 00516550     vulkan-1:vulkan-1.dll
 0005:00000554       __imp__vkGetBufferMemoryRequirements@16 00516554     vulkan-1:vulkan-1.dll
 0005:00000558       __imp__vkBindImageMemory@28 00516558     vulkan-1:vulkan-1.dll
 0005:0000055c       __imp__vkBindBufferMemory@28 0051655c     vulkan-1:vulkan-1.dll
 0005:00000560       __imp__vkUnmapMemory@12    00516560     vulkan-1:vulkan-1.dll
 0005:00000564       __imp__vkMapMemory@36      00516564     vulkan-1:vulkan-1.dll
 0005:00000568       __imp__vkFreeMemory@16     00516568     vulkan-1:vulkan-1.dll
 0005:0000056c       __imp__vkAllocateMemory@16 0051656c     vulkan-1:vulkan-1.dll
 0005:00000570       __imp__vkDeviceWaitIdle@4  00516570     vulkan-1:vulkan-1.dll
 0005:00000574       __imp__vkQueueWaitIdle@4   00516574     vulkan-1:vulkan-1.dll
 0005:00000578       __imp__vkQueueSubmit@20    00516578     vulkan-1:vulkan-1.dll
 0005:0000057c       __imp__vkGetDeviceQueue@16 0051657c     vulkan-1:vulkan-1.dll
 0005:00000580       __imp__vkEnumerateInstanceLayerProperties@8 00516580     vulkan-1:vulkan-1.dll
 0005:00000584       __imp__vkEnumerateDeviceExtensionProperties@16 00516584     vulkan-1:vulkan-1.dll
 0005:00000588       __imp__vkDestroyDevice@8   00516588     vulkan-1:vulkan-1.dll
 0005:0000058c       __imp__vkCreateDevice@16   0051658c     vulkan-1:vulkan-1.dll
 0005:00000590       __imp__vkGetInstanceProcAddr@8 00516590     vulkan-1:vulkan-1.dll
 0005:00000594       __imp__vkGetPhysicalDeviceMemoryProperties@8 00516594     vulkan-1:vulkan-1.dll
 0005:00000598       __imp__vkGetPhysicalDeviceQueueFamilyProperties@12 00516598     vulkan-1:vulkan-1.dll
 0005:0000059c       __imp__vkGetPhysicalDeviceFeatures@8 0051659c     vulkan-1:vulkan-1.dll
 0005:000005a0       __imp__vkEnumeratePhysicalDevices@12 005165a0     vulkan-1:vulkan-1.dll
 0005:000005a4       __imp__vkDestroyInstance@8 005165a4     vulkan-1:vulkan-1.dll
 0005:000005a8       __imp__vkCreateInstance@12 005165a8     vulkan-1:vulkan-1.dll
 0005:000005ac       \177vulkan-1_NULL_THUNK_DATA 005165ac     vulkan-1:vulkan-1.dll
 0005:00000614       __IMPORT_DESCRIPTOR_vulkan-1 00516614     vulkan-1:vulkan-1.dll
 0005:00000628       __IMPORT_DESCRIPTOR_SDL2   00516628     SDL2:SDL2.dll
 0005:0000063c       __IMPORT_DESCRIPTOR_KERNEL32 0051663c     kernel32:KERNEL32.dll
 0005:00000650       __IMPORT_DESCRIPTOR_MSVCP140D 00516650     msvcprtd:MSVCP140D.dll
 0005:00000664       __IMPORT_DESCRIPTOR_VCRUNTIME140D 00516664     vcruntimed:VCRUNTIME140D.dll
 0005:00000678       __IMPORT_DESCRIPTOR_ucrtbased 00516678     ucrtd:ucrtbased.dll
 0005:0000068c       __NULL_IMPORT_DESCRIPTOR   0051668c     vulkan-1:vulkan-1.dll
 0006:00000000       __tls_start                00519000     MSVCRTD:tlssup.obj
 0006:00000104       __Init_thread_epoch        00519104     MSVCRTD:thread_safe_statics.obj
 0006:00000208       __tls_end                  00519208     MSVCRTD:tlssup.obj
 0007:00000000       ___guard_check_icall_fptr  0051a000     MSVCRTD:guard_support.obj
