 BabyFirstVulCan

 Timestamp is 5980f3ee (Tue Aug  1 15:34:38 2017)

 Preferred load address is 00400000

 Start         Length     Name                   Class
 0001:00000000 0004f3d1H .textbss                DATA
 0002:00000000 0000d1b0H .text$di                CODE
 0002:0000d1b0 0009bfc0H .text$mn                CODE
 0002:000a9170 000062f0H .text$x                 CODE
 0002:000af460 0000124bH .text$yd                CODE
 0003:00000000 00000104H .CRT$XCA                DATA
 0003:00000104 00000104H .CRT$XCAA               DATA
 0003:00000208 00000104H .CRT$XCL                DATA
 0003:0000030c 00000114H .CRT$XCU                DATA
 0003:00000420 00000104H .CRT$XCZ                DATA
 0003:00000524 00000104H .CRT$XIA                DATA
 0003:00000628 00000104H .CRT$XIAA               DATA
 0003:0000072c 00000104H .CRT$XIAC               DATA
 0003:00000830 00000104H .CRT$XIC                DATA
 0003:00000934 00000104H .CRT$XIZ                DATA
 0003:00000a38 00000004H .CRT$XLA                DATA
 0003:00000a3c 00000004H .CRT$XLZ                DATA
 0003:00000a40 00000104H .CRT$XPA                DATA
 0003:00000b44 00000104H .CRT$XPZ                DATA
 0003:00000c48 00000104H .CRT$XTA                DATA
 0003:00000d4c 00000104H .CRT$XTZ                DATA
 0003:00000e50 00008620H .rdata                  DATA
 0003:00009470 0000011cH .rdata$T                DATA
 0003:0000958c 000014d4H .rdata$r                DATA
 0003:0000aa60 000001a8H .rdata$zzzdbg           DATA
 0003:0000ac08 00000104H .rtc$IAA                DATA
 0003:0000ad0c 00000104H .rtc$IMZ                DATA
 0003:0000ae10 00000104H .rtc$IZZ                DATA
 0003:0000af14 00000104H .rtc$TAA                DATA
 0003:0000b018 00000104H .rtc$TMZ                DATA
 0003:0000b11c 00000104H .rtc$TZZ                DATA
 0003:0000b220 0000689fH .xdata$x                DATA
 0003:00011abf 00000000H .edata                  DATA
 0004:00000000 0000053cH .data                   DATA
 0004:0000053c 000008c4H .data$r                 DATA
 0004:00000e00 00000540H .bss                    DATA
 0005:00000000 00000614H .idata$5                DATA
 0005:00000614 00000078H .idata$2                DATA
 0005:0000068c 00000014H .idata$3                DATA
 0005:000006a0 00000614H .idata$4                DATA
 0005:00000cb4 00002248H .idata$6                DATA
 0006:00000000 00000104H .tls                    DATA
 0006:00000104 00000104H .tls$                   DATA
 0006:00000208 00000101H .tls$ZZZ                DATA
 0007:00000000 00000104H .00cfg                  DATA
 0008:00000000 00000170H .rsrc$01                DATA
 0008:00000170 000002ccH .rsrc$02                DATA

  Address         Publics by Value              Rva+Base       Lib:Object

 0000:00000000       ___guard_iat_table         00000000     <absolute>
 0000:00000000       ___safe_se_handler_table   00000000     <absolute>
 0000:00000000       ___safe_se_handler_count   00000000     <absolute>
 0000:00000000       ___guard_fids_count        00000000     <absolute>
 0000:00000000       ___guard_fids_table        00000000     <absolute>
 0000:00000000       ___dynamic_value_reloc_table 00000000     <absolute>
 0000:00000000       ___guard_iat_count         00000000     <absolute>
 0000:00000000       ___guard_longjmp_count     00000000     <absolute>
 0000:00000000       ___guard_longjmp_table     00000000     <absolute>
 0000:0000002c       __tls_array                0000002c     <absolute>
 0000:00000100       ___guard_flags             00000100     <absolute>
 0000:00000000       ___ImageBase               00400000     <linker-defined>
 0001:00000000       __enc$textbss$begin        00401000     <linker-defined>
 0001:0004f3d1       __enc$textbss$end          004503d1     <linker-defined>
 0002:0000d2f0       public: __thiscall std::_Compressed_pair<struct std::_Wrap_alloc<class std::allocator<char> >,class std::_String_val<struct std::_Simple_types<char> >,1>::_Compressed_pair<struct std::_Wrap_alloc<class std::allocator<char> >,class std::_String_val<struct std::_Simple_types<char> >,1><>(struct std::_Zero_then_variadic_args_t) 0045e2f0 f i v2.obj
 0002:0000d350       public: __thiscall std::_Compressed_pair<struct std::_Wrap_alloc<class std::allocator<char> >,class std::_Vector_val<struct std::_Simple_types<char> >,1>::_Compressed_pair<struct std::_Wrap_alloc<class std::allocator<char> >,class std::_Vector_val<struct std::_Simple_types<char> >,1><>(struct std::_Zero_then_variadic_args_t) 0045e350 f i v2.obj
 0002:0000d3b0       public: __thiscall std::_Compressed_pair<struct std::_Wrap_alloc<class std::allocator<char const *> >,class std::_Vector_val<struct std::_Simple_types<char const *> >,1>::_Compressed_pair<struct std::_Wrap_alloc<class std::allocator<char const *> >,class std::_Vector_val<struct std::_Simple_types<char const *> >,1><>(struct std::_Zero_then_variadic_args_t) 0045e3b0 f i v2.obj
 0002:0000d410       public: __thiscall std::_Compressed_pair<struct std::_Wrap_alloc<class std::allocator<struct std::_Tree_node<int,void *> > >,class std::_Tree_val<struct std::_Tree_simple_types<int> >,1>::_Compressed_pair<struct std::_Wrap_alloc<class std::allocator<struct std::_Tree_node<int,void *> > >,class std::_Tree_val<struct std::_Tree_simple_types<int> >,1><>(struct std::_Zero_then_variadic_args_t) 0045e410 f i v2.obj
 0002:0000d470       public: __thiscall std::_Compressed_pair<struct std::_Wrap_alloc<class std::allocator<struct std::_Tree_node<class std::basic_string<char,struct std::char_traits<char>,class std::allocator<char> >,void *> > >,class std::_Tree_val<struct std::_Tree_simple_types<class std::basic_string<char,struct std::char_traits<char>,class std::allocator<char> > > >,1>::_Compressed_pair<struct std::_Wrap_alloc<class std::allocator<struct std::_Tree_node<class std::basic_string<char,struct std::char_traits<char>,class std::allocator<char> >,void *> > >,class std::_Tree_val<struct std::_Tree_simple_types<class std::basic_string<char,struct std::char_traits<char>,class std::allocator<char> > > >,1><>(struct std::_Zero_then_variadic_args_t) 0045e470 f i v2.obj
 0002:0000d4d0       public: __thiscall std::_Compressed_pair<struct std::_Wrap_alloc<class std::allocator<struct vk::DeviceQueueCreateInfo> >,class std::_Vector_val<struct std::_Simple_types<struct vk::DeviceQueueCreateInfo> >,1>::_Compressed_pair<struct std::_Wrap_alloc<class std::allocator<struct vk::DeviceQueueCreateInfo> >,class std::_Vector_val<struct std::_Simple_types<struct vk::DeviceQueueCreateInfo> >,1><>(struct std::_Zero_then_variadic_args_t) 0045e4d0 f i v2.obj
 0002:0000d530       public: __thiscall std::_Compressed_pair<struct std::_Wrap_alloc<class std::allocator<struct vk::ExtensionProperties> >,class std::_Vector_val<struct std::_Simple_types<struct vk::ExtensionProperties> >,1>::_Compressed_pair<struct std::_Wrap_alloc<class std::allocator<struct vk::ExtensionProperties> >,class std::_Vector_val<struct std::_Simple_types<struct vk::ExtensionProperties> >,1><>(struct std::_Zero_then_variadic_args_t) 0045e530 f i v2.obj
 0002:0000d590       public: __thiscall std::_Compressed_pair<struct std::_Wrap_alloc<class std::allocator<struct vk::QueueFamilyProperties> >,class std::_Vector_val<struct std::_Simple_types<struct vk::QueueFamilyProperties> >,1>::_Compressed_pair<struct std::_Wrap_alloc<class std::allocator<struct vk::QueueFamilyProperties> >,class std::_Vector_val<struct std::_Simple_types<struct vk::QueueFamilyProperties> >,1><>(struct std::_Zero_then_variadic_args_t) 0045e590 f i v2.obj
 0002:0000d5f0       public: __thiscall std::_Compressed_pair<struct std::_Wrap_alloc<class std::allocator<struct vk::SurfaceFormatKHR> >,class std::_Vector_val<struct std::_Simple_types<struct vk::SurfaceFormatKHR> >,1>::_Compressed_pair<struct std::_Wrap_alloc<class std::allocator<struct vk::SurfaceFormatKHR> >,class std::_Vector_val<struct std::_Simple_types<struct vk::SurfaceFormatKHR> >,1><>(struct std::_Zero_then_variadic_args_t) 0045e5f0 f i v2.obj
 0002:0000d650       public: __thiscall std::_Compressed_pair<struct std::_Wrap_alloc<class std::allocator<class vk::CommandBuffer> >,class std::_Vector_val<struct std::_Simple_types<class vk::CommandBuffer> >,1>::_Compressed_pair<struct std::_Wrap_alloc<class std::allocator<class vk::CommandBuffer> >,class std::_Vector_val<struct std::_Simple_types<class vk::CommandBuffer> >,1><>(struct std::_Zero_then_variadic_args_t) 0045e650 f i v2.obj
 0002:0000d6b0       public: __thiscall std::_Compressed_pair<struct std::_Wrap_alloc<class std::allocator<class vk::Framebuffer> >,class std::_Vector_val<struct std::_Simple_types<class vk::Framebuffer> >,1>::_Compressed_pair<struct std::_Wrap_alloc<class std::allocator<class vk::Framebuffer> >,class std::_Vector_val<struct std::_Simple_types<class vk::Framebuffer> >,1><>(struct std::_Zero_then_variadic_args_t) 0045e6b0 f i v2.obj
 0002:0000d710       public: __thiscall std::_Compressed_pair<struct std::_Wrap_alloc<class std::allocator<class vk::Image> >,class std::_Vector_val<struct std::_Simple_types<class vk::Image> >,1>::_Compressed_pair<struct std::_Wrap_alloc<class std::allocator<class vk::Image> >,class std::_Vector_val<struct std::_Simple_types<class vk::Image> >,1><>(struct std::_Zero_then_variadic_args_t) 0045e710 f i v2.obj
 0002:0000d770       public: __thiscall std::_Compressed_pair<struct std::_Wrap_alloc<class std::allocator<class vk::ImageView> >,class std::_Vector_val<struct std::_Simple_types<class vk::ImageView> >,1>::_Compressed_pair<struct std::_Wrap_alloc<class std::allocator<class vk::ImageView> >,class std::_Vector_val<struct std::_Simple_types<class vk::ImageView> >,1><>(struct std::_Zero_then_variadic_args_t) 0045e770 f i v2.obj
 0002:0000d7d0       public: __thiscall std::_Compressed_pair<struct std::_Wrap_alloc<class std::allocator<class vk::PhysicalDevice> >,class std::_Vector_val<struct std::_Simple_types<class vk::PhysicalDevice> >,1>::_Compressed_pair<struct std::_Wrap_alloc<class std::allocator<class vk::PhysicalDevice> >,class std::_Vector_val<struct std::_Simple_types<class vk::PhysicalDevice> >,1><>(struct std::_Zero_then_variadic_args_t) 0045e7d0 f i v2.obj
 0002:0000d830       public: __thiscall std::_Compressed_pair<struct std::_Wrap_alloc<class std::allocator<enum vk::PresentModeKHR> >,class std::_Vector_val<struct std::_Simple_types<enum vk::PresentModeKHR> >,1>::_Compressed_pair<struct std::_Wrap_alloc<class std::allocator<enum vk::PresentModeKHR> >,class std::_Vector_val<struct std::_Simple_types<enum vk::PresentModeKHR> >,1><>(struct std::_Zero_then_variadic_args_t) 0045e830 f i v2.obj
 0002:0000d890       public: __thiscall std::_Wrap_alloc<class std::allocator<struct std::_Container_proxy> >::_Wrap_alloc<class std::allocator<struct std::_Container_proxy> ><struct std::_Wrap_alloc<class std::allocator<char> > &>(struct std::_Wrap_alloc<class std::allocator<char> > &) 0045e890 f i v2.obj
 0002:0000d900       public: __thiscall std::_Wrap_alloc<class std::allocator<struct std::_Container_proxy> >::_Wrap_alloc<class std::allocator<struct std::_Container_proxy> ><struct std::_Wrap_alloc<class std::allocator<unsigned short> > &>(struct std::_Wrap_alloc<class std::allocator<unsigned short> > &) 0045e900 f i v2.obj
 0002:0000d970       public: __thiscall std::_Wrap_alloc<class std::allocator<struct std::_Container_proxy> >::_Wrap_alloc<class std::allocator<struct std::_Container_proxy> ><struct std::_Wrap_alloc<class std::allocator<char const *> > &>(struct std::_Wrap_alloc<class std::allocator<char const *> > &) 0045e970 f i v2.obj
 0002:0000d9e0       public: __thiscall std::_Wrap_alloc<class std::allocator<struct std::_Container_proxy> >::_Wrap_alloc<class std::allocator<struct std::_Container_proxy> ><struct std::_Wrap_alloc<class std::allocator<union vk::ClearValue> > &>(struct std::_Wrap_alloc<class std::allocator<union vk::ClearValue> > &) 0045e9e0 f i v2.obj
 0002:0000da50       public: __thiscall std::_Wrap_alloc<class std::allocator<struct std::_Container_proxy> >::_Wrap_alloc<class std::allocator<struct std::_Container_proxy> ><struct std::_Wrap_alloc<class std::allocator<struct std::_Tree_node<int,void *> > > &>(struct std::_Wrap_alloc<class std::allocator<struct std::_Tree_node<int,void *> > > &) 0045ea50 f i v2.obj
 0002:0000dac0       public: __thiscall std::_Wrap_alloc<class std::allocator<struct std::_Container_proxy> >::_Wrap_alloc<class std::allocator<struct std::_Container_proxy> ><struct std::_Wrap_alloc<class std::allocator<struct std::_Tree_node<class std::basic_string<char,struct std::char_traits<char>,class std::allocator<char> >,void *> > > &>(struct std::_Wrap_alloc<class std::allocator<struct std::_Tree_node<class std::basic_string<char,struct std::char_traits<char>,class std::allocator<char> >,void *> > > &) 0045eac0 f i v2.obj
 0002:0000db30       public: __thiscall std::_Wrap_alloc<class std::allocator<struct std::_Container_proxy> >::_Wrap_alloc<class std::allocator<struct std::_Container_proxy> ><struct std::_Wrap_alloc<class std::allocator<struct vk::AttachmentDescription> > &>(struct std::_Wrap_alloc<class std::allocator<struct vk::AttachmentDescription> > &) 0045eb30 f i v2.obj
 0002:0000dba0       public: __thiscall std::_Wrap_alloc<class std::allocator<struct std::_Container_proxy> >::_Wrap_alloc<class std::allocator<struct std::_Container_proxy> ><struct std::_Wrap_alloc<class std::allocator<struct vk::DescriptorPoolSize> > &>(struct std::_Wrap_alloc<class std::allocator<struct vk::DescriptorPoolSize> > &) 0045eba0 f i v2.obj
 0002:0000dc10       public: __thiscall std::_Wrap_alloc<class std::allocator<struct std::_Container_proxy> >::_Wrap_alloc<class std::allocator<struct std::_Container_proxy> ><struct std::_Wrap_alloc<class std::allocator<struct vk::DescriptorSetLayoutBinding> > &>(struct std::_Wrap_alloc<class std::allocator<struct vk::DescriptorSetLayoutBinding> > &) 0045ec10 f i v2.obj
 0002:0000dc80       public: __thiscall std::_Wrap_alloc<class std::allocator<struct std::_Container_proxy> >::_Wrap_alloc<class std::allocator<struct std::_Container_proxy> ><struct std::_Wrap_alloc<class std::allocator<struct vk::DeviceQueueCreateInfo> > &>(struct std::_Wrap_alloc<class std::allocator<struct vk::DeviceQueueCreateInfo> > &) 0045ec80 f i v2.obj
 0002:0000dcf0       public: __thiscall std::_Wrap_alloc<class std::allocator<struct std::_Container_proxy> >::_Wrap_alloc<class std::allocator<struct std::_Container_proxy> ><struct std::_Wrap_alloc<class std::allocator<struct vk::ExtensionProperties> > &>(struct std::_Wrap_alloc<class std::allocator<struct vk::ExtensionProperties> > &) 0045ecf0 f i v2.obj
 0002:0000dd60       public: __thiscall std::_Wrap_alloc<class std::allocator<struct std::_Container_proxy> >::_Wrap_alloc<class std::allocator<struct std::_Container_proxy> ><struct std::_Wrap_alloc<class std::allocator<struct vk::QueueFamilyProperties> > &>(struct std::_Wrap_alloc<class std::allocator<struct vk::QueueFamilyProperties> > &) 0045ed60 f i v2.obj
 0002:0000ddd0       public: __thiscall std::_Wrap_alloc<class std::allocator<struct std::_Container_proxy> >::_Wrap_alloc<class std::allocator<struct std::_Container_proxy> ><struct std::_Wrap_alloc<class std::allocator<struct vk::SurfaceFormatKHR> > &>(struct std::_Wrap_alloc<class std::allocator<struct vk::SurfaceFormatKHR> > &) 0045edd0 f i v2.obj
 0002:0000de40       public: __thiscall std::_Wrap_alloc<class std::allocator<struct std::_Container_proxy> >::_Wrap_alloc<class std::allocator<struct std::_Container_proxy> ><struct std::_Wrap_alloc<class std::allocator<struct Vertex> > &>(struct std::_Wrap_alloc<class std::allocator<struct Vertex> > &) 0045ee40 f i v2.obj
 0002:0000deb0       public: __thiscall std::_Wrap_alloc<class std::allocator<struct std::_Container_proxy> >::_Wrap_alloc<class std::allocator<struct std::_Container_proxy> ><struct std::_Wrap_alloc<class std::allocator<struct vk::VertexInputAttributeDescription> > &>(struct std::_Wrap_alloc<class std::allocator<struct vk::VertexInputAttributeDescription> > &) 0045eeb0 f i v2.obj
 0002:0000df20       public: __thiscall std::_Wrap_alloc<class std::allocator<struct std::_Container_proxy> >::_Wrap_alloc<class std::allocator<struct std::_Container_proxy> ><struct std::_Wrap_alloc<class std::allocator<struct VkLayerProperties> > &>(struct std::_Wrap_alloc<class std::allocator<struct VkLayerProperties> > &) 0045ef20 f i v2.obj
 0002:0000df90       public: __thiscall std::_Wrap_alloc<class std::allocator<struct std::_Container_proxy> >::_Wrap_alloc<class std::allocator<struct std::_Container_proxy> ><struct std::_Wrap_alloc<class std::allocator<struct vk::WriteDescriptorSet> > &>(struct std::_Wrap_alloc<class std::allocator<struct vk::WriteDescriptorSet> > &) 0045ef90 f i v2.obj
 0002:0000e000       public: __thiscall std::_Wrap_alloc<class std::allocator<struct std::_Container_proxy> >::_Wrap_alloc<class std::allocator<struct std::_Container_proxy> ><struct std::_Wrap_alloc<class std::allocator<class vk::CommandBuffer> > &>(struct std::_Wrap_alloc<class std::allocator<class vk::CommandBuffer> > &) 0045f000 f i v2.obj
 0002:0000e070       public: __thiscall std::_Wrap_alloc<class std::allocator<struct std::_Container_proxy> >::_Wrap_alloc<class std::allocator<struct std::_Container_proxy> ><struct std::_Wrap_alloc<class std::allocator<class vk::Framebuffer> > &>(struct std::_Wrap_alloc<class std::allocator<class vk::Framebuffer> > &) 0045f070 f i v2.obj
 0002:0000e0e0       public: __thiscall std::_Wrap_alloc<class std::allocator<struct std::_Container_proxy> >::_Wrap_alloc<class std::allocator<struct std::_Container_proxy> ><struct std::_Wrap_alloc<class std::allocator<class vk::Image> > &>(struct std::_Wrap_alloc<class std::allocator<class vk::Image> > &) 0045f0e0 f i v2.obj
 0002:0000e150       public: __thiscall std::_Wrap_alloc<class std::allocator<struct std::_Container_proxy> >::_Wrap_alloc<class std::allocator<struct std::_Container_proxy> ><struct std::_Wrap_alloc<class std::allocator<class vk::ImageView> > &>(struct std::_Wrap_alloc<class std::allocator<class vk::ImageView> > &) 0045f150 f i v2.obj
 0002:0000e1c0       public: __thiscall std::_Wrap_alloc<class std::allocator<struct std::_Container_proxy> >::_Wrap_alloc<class std::allocator<struct std::_Container_proxy> ><struct std::_Wrap_alloc<class std::allocator<class vk::PhysicalDevice> > &>(struct std::_Wrap_alloc<class std::allocator<class vk::PhysicalDevice> > &) 0045f1c0 f i v2.obj
 0002:0000e230       public: __thiscall std::_Wrap_alloc<class std::allocator<struct std::_Container_proxy> >::_Wrap_alloc<class std::allocator<struct std::_Container_proxy> ><struct std::_Wrap_alloc<class std::allocator<enum vk::PresentModeKHR> > &>(struct std::_Wrap_alloc<class std::allocator<enum vk::PresentModeKHR> > &) 0045f230 f i v2.obj
 0002:0000e2a0       public: __thiscall std::pair<class std::_Tree_const_iterator<class std::_Tree_val<struct std::_Tree_simple_types<int> > >,bool>::pair<class std::_Tree_const_iterator<class std::_Tree_val<struct std::_Tree_simple_types<int> > >,bool><class std::_Tree_const_iterator<class std::_Tree_val<struct std::_Tree_simple_types<int> > > &,bool,void,0>(class std::_Tree_const_iterator<class std::_Tree_val<struct std::_Tree_simple_types<int> > > &,bool &&) 0045f2a0 f i v2.obj
 0002:0000e320       public: __thiscall std::pair<class std::_Tree_const_iterator<class std::_Tree_val<struct std::_Tree_simple_types<class std::basic_string<char,struct std::char_traits<char>,class std::allocator<char> > > > >,class std::_Tree_const_iterator<class std::_Tree_val<struct std::_Tree_simple_types<class std::basic_string<char,struct std::char_traits<char>,class std::allocator<char> > > > > >::pair<class std::_Tree_const_iterator<class std::_Tree_val<struct std::_Tree_simple_types<class std::basic_string<char,struct std::char_traits<char>,class std::allocator<char> > > > >,class std::_Tree_const_iterator<class std::_Tree_val<struct std::_Tree_simple_types<class std::basic_string<char,struct std::char_traits<char>,class std::allocator<char> > > > > ><class std::_Tree_const_iterator<class std::_Tree_val<struct std::_Tree_simple_types<class std::basic_string<char,struct std::char_traits<char>,class std::allocator<char> > > > > &,class std::_Tree_const_iterator<class std::_Tree_val<struct std::_Tree_simple_types<class std::basic_string<char,struct std::char_traits<char>,class std::allocator<char> > > > > &,void,0>(class std::_Tree_const_iterator<class std::_Tree_val<struct std::_Tree_simple_types<class std::basic_string<char,struct std::char_traits<char>,class std::allocator<char> > > > > &,class std::_Tree_const_iterator<class std::_Tree_val<struct std::_Tree_simple_types<class std::basic_string<char,struct std::char_traits<char>,class std::allocator<char> > > > > &) 0045f320 f i v2.obj
 0002:0000e3f0       public: __thiscall std::pair<class std::_Tree_const_iterator<class std::_Tree_val<struct std::_Tree_simple_types<class std::basic_string<char,struct std::char_traits<char>,class std::allocator<char> > > > >,bool>::pair<class std::_Tree_const_iterator<class std::_Tree_val<struct std::_Tree_simple_types<class std::basic_string<char,struct std::char_traits<char>,class std::allocator<char> > > > >,bool><class std::_Tree_const_iterator<class std::_Tree_val<struct std::_Tree_simple_types<class std::basic_string<char,struct std::char_traits<char>,class std::allocator<char> > > > > &,bool,void,0>(class std::_Tree_const_iterator<class std::_Tree_val<struct std::_Tree_simple_types<class std::basic_string<char,struct std::char_traits<char>,class std::allocator<char> > > > > &,bool &&) 0045f3f0 f i v2.obj
 0002:0000e470       public: __thiscall std::_Compressed_pair<struct std::less<int>,class std::_Compressed_pair<struct std::_Wrap_alloc<class std::allocator<struct std::_Tree_node<int,void *> > >,class std::_Tree_val<struct std::_Tree_simple_types<int> >,1>,1>::_Compressed_pair<struct std::less<int>,class std::_Compressed_pair<struct std::_Wrap_alloc<class std::allocator<struct std::_Tree_node<int,void *> > >,class std::_Tree_val<struct std::_Tree_simple_types<int> >,1>,1><struct std::less<int> const &,struct std::_Zero_then_variadic_args_t>(struct std::_One_then_variadic_args_t,struct std::less<int> const &,struct std::_Zero_then_variadic_args_t &&) 0045f470 f i v2.obj
 0002:0000e4f0       public: __thiscall std::_Compressed_pair<struct std::less<class std::basic_string<char,struct std::char_traits<char>,class std::allocator<char> > >,class std::_Compressed_pair<struct std::_Wrap_alloc<class std::allocator<struct std::_Tree_node<class std::basic_string<char,struct std::char_traits<char>,class std::allocator<char> >,void *> > >,class std::_Tree_val<struct std::_Tree_simple_types<class std::basic_string<char,struct std::char_traits<char>,class std::allocator<char> > > >,1>,1>::_Compressed_pair<struct std::less<class std::basic_string<char,struct std::char_traits<char>,class std::allocator<char> > >,class std::_Compressed_pair<struct std::_Wrap_alloc<class std::allocator<struct std::_Tree_node<class std::basic_string<char,struct std::char_traits<char>,class std::allocator<char> >,void *> > >,class std::_Tree_val<struct std::_Tree_simple_types<class std::basic_string<char,struct std::char_traits<char>,class std::allocator<char> > > >,1>,1><struct std::less<class std::basic_string<char,struct std::char_traits<char>,class std::allocator<char> > > const &,struct std::_Zero_then_variadic_args_t>(struct std::_One_then_variadic_args_t,struct std::less<class std::basic_string<char,struct std::char_traits<char>,class std::allocator<char> > > const &,struct std::_Zero_then_variadic_args_t &&) 0045f4f0 f i v2.obj
 0002:0000e570       public: __thiscall std::_Compressed_pair<struct std::_Wrap_alloc<class std::allocator<char> >,class std::_Vector_val<struct std::_Simple_types<char> >,1>::_Compressed_pair<struct std::_Wrap_alloc<class std::allocator<char> >,class std::_Vector_val<struct std::_Simple_types<char> >,1><class std::allocator<char> const &>(struct std::_One_then_variadic_args_t,class std::allocator<char> const &) 0045f570 f i v2.obj
 0002:0000e5e0       public: __thiscall std::_Wrap_alloc<class std::allocator<char> >::_Wrap_alloc<class std::allocator<char> ><class std::allocator<char> const &>(class std::allocator<char> const &) 0045f5e0 f i v2.obj
 0002:0000e650       public: __thiscall std::_Vector_alloc<struct std::_Vec_base_types<char,class std::allocator<char> > >::_Vector_alloc<struct std::_Vec_base_types<char,class std::allocator<char> > ><class std::allocator<char> const &,void>(class std::allocator<char> const &) 0045f650 f i v2.obj
 0002:0000e710       public: __thiscall std::_Compressed_pair<struct std::_Wrap_alloc<class std::allocator<unsigned short> >,class std::_Vector_val<struct std::_Simple_types<unsigned short> >,1>::_Compressed_pair<struct std::_Wrap_alloc<class std::allocator<unsigned short> >,class std::_Vector_val<struct std::_Simple_types<unsigned short> >,1><class std::allocator<unsigned short> const &>(struct std::_One_then_variadic_args_t,class std::allocator<unsigned short> const &) 0045f710 f i v2.obj
 0002:0000e780       public: __thiscall std::_Wrap_alloc<class std::allocator<unsigned short> >::_Wrap_alloc<class std::allocator<unsigned short> ><class std::allocator<unsigned short> const &>(class std::allocator<unsigned short> const &) 0045f780 f i v2.obj
 0002:0000e7f0       public: __thiscall std::_Vector_alloc<struct std::_Vec_base_types<unsigned short,class std::allocator<unsigned short> > >::_Vector_alloc<struct std::_Vec_base_types<unsigned short,class std::allocator<unsigned short> > ><class std::allocator<unsigned short> const &,void>(class std::allocator<unsigned short> const &) 0045f7f0 f i v2.obj
 0002:0000e8b0       public: __thiscall std::_Compressed_pair<struct std::_Wrap_alloc<class std::allocator<char const *> >,class std::_Vector_val<struct std::_Simple_types<char const *> >,1>::_Compressed_pair<struct std::_Wrap_alloc<class std::allocator<char const *> >,class std::_Vector_val<struct std::_Simple_types<char const *> >,1><class std::allocator<char const *> const &>(struct std::_One_then_variadic_args_t,class std::allocator<char const *> const &) 0045f8b0 f i v2.obj
 0002:0000e920       public: __thiscall std::_Wrap_alloc<class std::allocator<char const *> >::_Wrap_alloc<class std::allocator<char const *> ><class std::allocator<char const *> const &>(class std::allocator<char const *> const &) 0045f920 f i v2.obj
 0002:0000e990       public: __thiscall std::_Vector_alloc<struct std::_Vec_base_types<char const *,class std::allocator<char const *> > >::_Vector_alloc<struct std::_Vec_base_types<char const *,class std::allocator<char const *> > ><class std::allocator<char const *> const &,void>(class std::allocator<char const *> const &) 0045f990 f i v2.obj
 0002:0000ea50       public: __thiscall std::_Compressed_pair<struct std::_Wrap_alloc<class std::allocator<union vk::ClearValue> >,class std::_Vector_val<struct std::_Simple_types<union vk::ClearValue> >,1>::_Compressed_pair<struct std::_Wrap_alloc<class std::allocator<union vk::ClearValue> >,class std::_Vector_val<struct std::_Simple_types<union vk::ClearValue> >,1><class std::allocator<union vk::ClearValue> const &>(struct std::_One_then_variadic_args_t,class std::allocator<union vk::ClearValue> const &) 0045fa50 f i v2.obj
 0002:0000eac0       public: __thiscall std::_Wrap_alloc<class std::allocator<union vk::ClearValue> >::_Wrap_alloc<class std::allocator<union vk::ClearValue> ><class std::allocator<union vk::ClearValue> const &>(class std::allocator<union vk::ClearValue> const &) 0045fac0 f i v2.obj
 0002:0000eb30       public: __thiscall std::_Vector_alloc<struct std::_Vec_base_types<union vk::ClearValue,class std::allocator<union vk::ClearValue> > >::_Vector_alloc<struct std::_Vec_base_types<union vk::ClearValue,class std::allocator<union vk::ClearValue> > ><class std::allocator<union vk::ClearValue> const &,void>(class std::allocator<union vk::ClearValue> const &) 0045fb30 f i v2.obj
 0002:0000ebf0       public: __thiscall std::_Compressed_pair<struct std::_Wrap_alloc<class std::allocator<struct vk::AttachmentDescription> >,class std::_Vector_val<struct std::_Simple_types<struct vk::AttachmentDescription> >,1>::_Compressed_pair<struct std::_Wrap_alloc<class std::allocator<struct vk::AttachmentDescription> >,class std::_Vector_val<struct std::_Simple_types<struct vk::AttachmentDescription> >,1><class std::allocator<struct vk::AttachmentDescription> const &>(struct std::_One_then_variadic_args_t,class std::allocator<struct vk::AttachmentDescription> const &) 0045fbf0 f i v2.obj
 0002:0000ec60       public: __thiscall std::_Wrap_alloc<class std::allocator<struct vk::AttachmentDescription> >::_Wrap_alloc<class std::allocator<struct vk::AttachmentDescription> ><class std::allocator<struct vk::AttachmentDescription> const &>(class std::allocator<struct vk::AttachmentDescription> const &) 0045fc60 f i v2.obj
 0002:0000ecd0       public: __thiscall std::_Vector_alloc<struct std::_Vec_base_types<struct vk::AttachmentDescription,class std::allocator<struct vk::AttachmentDescription> > >::_Vector_alloc<struct std::_Vec_base_types<struct vk::AttachmentDescription,class std::allocator<struct vk::AttachmentDescription> > ><class std::allocator<struct vk::AttachmentDescription> const &,void>(class std::allocator<struct vk::AttachmentDescription> const &) 0045fcd0 f i v2.obj
 0002:0000ed90       public: __thiscall std::_Compressed_pair<struct std::_Wrap_alloc<class std::allocator<struct vk::DescriptorPoolSize> >,class std::_Vector_val<struct std::_Simple_types<struct vk::DescriptorPoolSize> >,1>::_Compressed_pair<struct std::_Wrap_alloc<class std::allocator<struct vk::DescriptorPoolSize> >,class std::_Vector_val<struct std::_Simple_types<struct vk::DescriptorPoolSize> >,1><class std::allocator<struct vk::DescriptorPoolSize> const &>(struct std::_One_then_variadic_args_t,class std::allocator<struct vk::DescriptorPoolSize> const &) 0045fd90 f i v2.obj
 0002:0000ee00       public: __thiscall std::_Wrap_alloc<class std::allocator<struct vk::DescriptorPoolSize> >::_Wrap_alloc<class std::allocator<struct vk::DescriptorPoolSize> ><class std::allocator<struct vk::DescriptorPoolSize> const &>(class std::allocator<struct vk::DescriptorPoolSize> const &) 0045fe00 f i v2.obj
 0002:0000ee70       public: __thiscall std::_Vector_alloc<struct std::_Vec_base_types<struct vk::DescriptorPoolSize,class std::allocator<struct vk::DescriptorPoolSize> > >::_Vector_alloc<struct std::_Vec_base_types<struct vk::DescriptorPoolSize,class std::allocator<struct vk::DescriptorPoolSize> > ><class std::allocator<struct vk::DescriptorPoolSize> const &,void>(class std::allocator<struct vk::DescriptorPoolSize> const &) 0045fe70 f i v2.obj
 0002:0000ef30       public: __thiscall std::_Compressed_pair<struct std::_Wrap_alloc<class std::allocator<struct vk::DescriptorSetLayoutBinding> >,class std::_Vector_val<struct std::_Simple_types<struct vk::DescriptorSetLayoutBinding> >,1>::_Compressed_pair<struct std::_Wrap_alloc<class std::allocator<struct vk::DescriptorSetLayoutBinding> >,class std::_Vector_val<struct std::_Simple_types<struct vk::DescriptorSetLayoutBinding> >,1><class std::allocator<struct vk::DescriptorSetLayoutBinding> const &>(struct std::_One_then_variadic_args_t,class std::allocator<struct vk::DescriptorSetLayoutBinding> const &) 0045ff30 f i v2.obj
 0002:0000efa0       public: __thiscall std::_Wrap_alloc<class std::allocator<struct vk::DescriptorSetLayoutBinding> >::_Wrap_alloc<class std::allocator<struct vk::DescriptorSetLayoutBinding> ><class std::allocator<struct vk::DescriptorSetLayoutBinding> const &>(class std::allocator<struct vk::DescriptorSetLayoutBinding> const &) 0045ffa0 f i v2.obj
 0002:0000f010       public: __thiscall std::_Vector_alloc<struct std::_Vec_base_types<struct vk::DescriptorSetLayoutBinding,class std::allocator<struct vk::DescriptorSetLayoutBinding> > >::_Vector_alloc<struct std::_Vec_base_types<struct vk::DescriptorSetLayoutBinding,class std::allocator<struct vk::DescriptorSetLayoutBinding> > ><class std::allocator<struct vk::DescriptorSetLayoutBinding> const &,void>(class std::allocator<struct vk::DescriptorSetLayoutBinding> const &) 00460010 f i v2.obj
 0002:0000f0d0       public: __thiscall std::_Compressed_pair<struct std::_Wrap_alloc<class std::allocator<struct Vertex> >,class std::_Vector_val<struct std::_Simple_types<struct Vertex> >,1>::_Compressed_pair<struct std::_Wrap_alloc<class std::allocator<struct Vertex> >,class std::_Vector_val<struct std::_Simple_types<struct Vertex> >,1><class std::allocator<struct Vertex> const &>(struct std::_One_then_variadic_args_t,class std::allocator<struct Vertex> const &) 004600d0 f i v2.obj
 0002:0000f140       public: __thiscall std::_Wrap_alloc<class std::allocator<struct Vertex> >::_Wrap_alloc<class std::allocator<struct Vertex> ><class std::allocator<struct Vertex> const &>(class std::allocator<struct Vertex> const &) 00460140 f i v2.obj
 0002:0000f1b0       public: __thiscall std::_Vector_alloc<struct std::_Vec_base_types<struct Vertex,class std::allocator<struct Vertex> > >::_Vector_alloc<struct std::_Vec_base_types<struct Vertex,class std::allocator<struct Vertex> > ><class std::allocator<struct Vertex> const &,void>(class std::allocator<struct Vertex> const &) 004601b0 f i v2.obj
 0002:0000f270       public: __thiscall std::_Compressed_pair<struct std::_Wrap_alloc<class std::allocator<struct vk::VertexInputAttributeDescription> >,class std::_Vector_val<struct std::_Simple_types<struct vk::VertexInputAttributeDescription> >,1>::_Compressed_pair<struct std::_Wrap_alloc<class std::allocator<struct vk::VertexInputAttributeDescription> >,class std::_Vector_val<struct std::_Simple_types<struct vk::VertexInputAttributeDescription> >,1><class std::allocator<struct vk::VertexInputAttributeDescription> const &>(struct std::_One_then_variadic_args_t,class std::allocator<struct vk::VertexInputAttributeDescription> const &) 00460270 f i v2.obj
 0002:0000f2e0       public: __thiscall std::_Wrap_alloc<class std::allocator<struct vk::VertexInputAttributeDescription> >::_Wrap_alloc<class std::allocator<struct vk::VertexInputAttributeDescription> ><class std::allocator<struct vk::VertexInputAttributeDescription> const &>(class std::allocator<struct vk::VertexInputAttributeDescription> const &) 004602e0 f i v2.obj
 0002:0000f350       public: __thiscall std::_Vector_alloc<struct std::_Vec_base_types<struct vk::VertexInputAttributeDescription,class std::allocator<struct vk::VertexInputAttributeDescription> > >::_Vector_alloc<struct std::_Vec_base_types<struct vk::VertexInputAttributeDescription,class std::allocator<struct vk::VertexInputAttributeDescription> > ><class std::allocator<struct vk::VertexInputAttributeDescription> const &,void>(class std::allocator<struct vk::VertexInputAttributeDescription> const &) 00460350 f i v2.obj
 0002:0000f410       public: __thiscall std::_Compressed_pair<struct std::_Wrap_alloc<class std::allocator<struct VkLayerProperties> >,class std::_Vector_val<struct std::_Simple_types<struct VkLayerProperties> >,1>::_Compressed_pair<struct std::_Wrap_alloc<class std::allocator<struct VkLayerProperties> >,class std::_Vector_val<struct std::_Simple_types<struct VkLayerProperties> >,1><class std::allocator<struct VkLayerProperties> const &>(struct std::_One_then_variadic_args_t,class std::allocator<struct VkLayerProperties> const &) 00460410 f i v2.obj
 0002:0000f480       public: __thiscall std::_Wrap_alloc<class std::allocator<struct VkLayerProperties> >::_Wrap_alloc<class std::allocator<struct VkLayerProperties> ><class std::allocator<struct VkLayerProperties> const &>(class std::allocator<struct VkLayerProperties> const &) 00460480 f i v2.obj
 0002:0000f4f0       public: __thiscall std::_Vector_alloc<struct std::_Vec_base_types<struct VkLayerProperties,class std::allocator<struct VkLayerProperties> > >::_Vector_alloc<struct std::_Vec_base_types<struct VkLayerProperties,class std::allocator<struct VkLayerProperties> > ><class std::allocator<struct VkLayerProperties> const &,void>(class std::allocator<struct VkLayerProperties> const &) 004604f0 f i v2.obj
 0002:0000f5b0       public: __thiscall std::_Compressed_pair<struct std::_Wrap_alloc<class std::allocator<struct vk::WriteDescriptorSet> >,class std::_Vector_val<struct std::_Simple_types<struct vk::WriteDescriptorSet> >,1>::_Compressed_pair<struct std::_Wrap_alloc<class std::allocator<struct vk::WriteDescriptorSet> >,class std::_Vector_val<struct std::_Simple_types<struct vk::WriteDescriptorSet> >,1><class std::allocator<struct vk::WriteDescriptorSet> const &>(struct std::_One_then_variadic_args_t,class std::allocator<struct vk::WriteDescriptorSet> const &) 004605b0 f i v2.obj
 0002:0000f620       public: __thiscall std::_Wrap_alloc<class std::allocator<struct vk::WriteDescriptorSet> >::_Wrap_alloc<class std::allocator<struct vk::WriteDescriptorSet> ><class std::allocator<struct vk::WriteDescriptorSet> const &>(class std::allocator<struct vk::WriteDescriptorSet> const &) 00460620 f i v2.obj
 0002:0000f690       public: __thiscall std::_Vector_alloc<struct std::_Vec_base_types<struct vk::WriteDescriptorSet,class std::allocator<struct vk::WriteDescriptorSet> > >::_Vector_alloc<struct std::_Vec_base_types<struct vk::WriteDescriptorSet,class std::allocator<struct vk::WriteDescriptorSet> > ><class std::allocator<struct vk::WriteDescriptorSet> const &,void>(class std::allocator<struct vk::WriteDescriptorSet> const &) 00460690 f i v2.obj
 0002:0000f750       public: __thiscall std::_Compressed_pair<struct std::_Wrap_alloc<class std::allocator<class vk::CommandBuffer> >,class std::_Vector_val<struct std::_Simple_types<class vk::CommandBuffer> >,1>::_Compressed_pair<struct std::_Wrap_alloc<class std::allocator<class vk::CommandBuffer> >,class std::_Vector_val<struct std::_Simple_types<class vk::CommandBuffer> >,1><class std::allocator<class vk::CommandBuffer> const &>(struct std::_One_then_variadic_args_t,class std::allocator<class vk::CommandBuffer> const &) 00460750 f i v2.obj
 0002:0000f7c0       public: __thiscall std::_Wrap_alloc<class std::allocator<class vk::CommandBuffer> >::_Wrap_alloc<class std::allocator<class vk::CommandBuffer> ><class std::allocator<class vk::CommandBuffer> const &>(class std::allocator<class vk::CommandBuffer> const &) 004607c0 f i v2.obj
 0002:0000f830       public: __thiscall std::_Vector_alloc<struct std::_Vec_base_types<class vk::CommandBuffer,class std::allocator<class vk::CommandBuffer> > >::_Vector_alloc<struct std::_Vec_base_types<class vk::CommandBuffer,class std::allocator<class vk::CommandBuffer> > ><class std::allocator<class vk::CommandBuffer> const &,void>(class std::allocator<class vk::CommandBuffer> const &) 00460830 f i v2.obj
 0002:0000f8f0       public: __thiscall std::_Compressed_pair<struct std::_Wrap_alloc<class std::allocator<class vk::ImageView> >,class std::_Vector_val<struct std::_Simple_types<class vk::ImageView> >,1>::_Compressed_pair<struct std::_Wrap_alloc<class std::allocator<class vk::ImageView> >,class std::_Vector_val<struct std::_Simple_types<class vk::ImageView> >,1><class std::allocator<class vk::ImageView> const &>(struct std::_One_then_variadic_args_t,class std::allocator<class vk::ImageView> const &) 004608f0 f i v2.obj
 0002:0000f960       public: __thiscall std::_Wrap_alloc<class std::allocator<class vk::ImageView> >::_Wrap_alloc<class std::allocator<class vk::ImageView> ><class std::allocator<class vk::ImageView> const &>(class std::allocator<class vk::ImageView> const &) 00460960 f i v2.obj
 0002:0000f9d0       public: __thiscall std::_Vector_alloc<struct std::_Vec_base_types<class vk::ImageView,class std::allocator<class vk::ImageView> > >::_Vector_alloc<struct std::_Vec_base_types<class vk::ImageView,class std::allocator<class vk::ImageView> > ><class std::allocator<class vk::ImageView> const &,void>(class std::allocator<class vk::ImageView> const &) 004609d0 f i v2.obj
 0002:0000fa90       public: __thiscall std::allocator<struct std::_Container_proxy>::allocator<struct std::_Container_proxy><char>(class std::allocator<char> const &) 00460a90 f i v2.obj
 0002:0000fad0       public: __thiscall std::allocator<struct std::_Container_proxy>::allocator<struct std::_Container_proxy><unsigned short>(class std::allocator<unsigned short> const &) 00460ad0 f i v2.obj
 0002:0000fb10       public: __thiscall glm::tvec4<float,0>::tvec4<float,0><int,int,int,int>(int,int,int,int) 00460b10 f i v2.obj
 0002:0000fb90       public: __thiscall glm::tvec4<float,0>::tvec4<float,0><int,int,int,float>(int,int,int,float) 00460b90 f i v2.obj
 0002:0000fc10       public: __thiscall glm::tvec4<float,0>::tvec4<float,0><int,int,float,int>(int,int,float,int) 00460c10 f i v2.obj
 0002:0000fc90       public: __thiscall glm::tvec4<float,0>::tvec4<float,0><int,float,int,int>(int,float,int,int) 00460c90 f i v2.obj
 0002:0000fd10       public: __thiscall glm::tvec4<float,0>::tvec4<float,0><float,int,int,int>(float,int,int,int) 00460d10 f i v2.obj
 0002:0000fd90       public: __thiscall std::allocator<struct std::_Container_proxy>::allocator<struct std::_Container_proxy><char const *>(class std::allocator<char const *> const &) 00460d90 f i v2.obj
 0002:0000fdd0       public: __thiscall std::allocator<struct std::_Container_proxy>::allocator<struct std::_Container_proxy><union vk::ClearValue>(class std::allocator<union vk::ClearValue> const &) 00460dd0 f i v2.obj
 0002:0000fe10       public: __thiscall std::allocator<struct std::_Container_proxy>::allocator<struct std::_Container_proxy><struct std::_Tree_node<int,void *> >(class std::allocator<struct std::_Tree_node<int,void *> > const &) 00460e10 f i v2.obj
 0002:0000fe50       public: __thiscall std::allocator<struct std::_Container_proxy>::allocator<struct std::_Container_proxy><struct std::_Tree_node<class std::basic_string<char,struct std::char_traits<char>,class std::allocator<char> >,void *> >(class std::allocator<struct std::_Tree_node<class std::basic_string<char,struct std::char_traits<char>,class std::allocator<char> >,void *> > const &) 00460e50 f i v2.obj
 0002:0000fe90       public: __thiscall std::_Compressed_pair<struct std::_Wrap_alloc<class std::allocator<char> >,class std::_String_val<struct std::_Simple_types<char> >,1>::_Compressed_pair<struct std::_Wrap_alloc<class std::allocator<char> >,class std::_String_val<struct std::_Simple_types<char> >,1><struct std::_Wrap_alloc<class std::allocator<char> > >(struct std::_One_then_variadic_args_t,struct std::_Wrap_alloc<class std::allocator<char> > &&) 00460e90 f i v2.obj
 0002:0000ff00       public: __thiscall std::_Compressed_pair<struct std::_Wrap_alloc<class std::allocator<char> >,class std::_Vector_val<struct std::_Simple_types<char> >,1>::_Compressed_pair<struct std::_Wrap_alloc<class std::allocator<char> >,class std::_Vector_val<struct std::_Simple_types<char> >,1><struct std::_Wrap_alloc<class std::allocator<char> > >(struct std::_One_then_variadic_args_t,struct std::_Wrap_alloc<class std::allocator<char> > &&) 00460f00 f i v2.obj
 0002:0000ff70       public: __thiscall std::_String_alloc<struct std::_String_base_types<char,class std::allocator<char> > >::_String_alloc<struct std::_String_base_types<char,class std::allocator<char> > ><struct std::_Wrap_alloc<class std::allocator<char> >,void>(struct std::_Wrap_alloc<class std::allocator<char> > &&) 00460f70 f i v2.obj
 0002:00010030       public: __thiscall std::_Vector_alloc<struct std::_Vec_base_types<char,class std::allocator<char> > >::_Vector_alloc<struct std::_Vec_base_types<char,class std::allocator<char> > ><struct std::_Wrap_alloc<class std::allocator<char> >,void>(struct std::_Wrap_alloc<class std::allocator<char> > &&) 00461030 f i v2.obj
 0002:000100f0       public: __thiscall std::_Compressed_pair<struct std::_Wrap_alloc<class std::allocator<char const *> >,class std::_Vector_val<struct std::_Simple_types<char const *> >,1>::_Compressed_pair<struct std::_Wrap_alloc<class std::allocator<char const *> >,class std::_Vector_val<struct std::_Simple_types<char const *> >,1><struct std::_Wrap_alloc<class std::allocator<char const *> > >(struct std::_One_then_variadic_args_t,struct std::_Wrap_alloc<class std::allocator<char const *> > &&) 004610f0 f i v2.obj
 0002:00010160       public: __thiscall std::_Vector_alloc<struct std::_Vec_base_types<char const *,class std::allocator<char const *> > >::_Vector_alloc<struct std::_Vec_base_types<char const *,class std::allocator<char const *> > ><struct std::_Wrap_alloc<class std::allocator<char const *> >,void>(struct std::_Wrap_alloc<class std::allocator<char const *> > &&) 00461160 f i v2.obj
 0002:00010220       public: __thiscall std::_Compressed_pair<struct std::_Wrap_alloc<class std::allocator<struct vk::ExtensionProperties> >,class std::_Vector_val<struct std::_Simple_types<struct vk::ExtensionProperties> >,1>::_Compressed_pair<struct std::_Wrap_alloc<class std::allocator<struct vk::ExtensionProperties> >,class std::_Vector_val<struct std::_Simple_types<struct vk::ExtensionProperties> >,1><struct std::_Wrap_alloc<class std::allocator<struct vk::ExtensionProperties> > >(struct std::_One_then_variadic_args_t,struct std::_Wrap_alloc<class std::allocator<struct vk::ExtensionProperties> > &&) 00461220 f i v2.obj
 0002:00010290       public: __thiscall std::_Vector_alloc<struct std::_Vec_base_types<struct vk::ExtensionProperties,class std::allocator<struct vk::ExtensionProperties> > >::_Vector_alloc<struct std::_Vec_base_types<struct vk::ExtensionProperties,class std::allocator<struct vk::ExtensionProperties> > ><struct std::_Wrap_alloc<class std::allocator<struct vk::ExtensionProperties> >,void>(struct std::_Wrap_alloc<class std::allocator<struct vk::ExtensionProperties> > &&) 00461290 f i v2.obj
 0002:00010350       public: __thiscall std::_Compressed_pair<struct std::_Wrap_alloc<class std::allocator<struct vk::QueueFamilyProperties> >,class std::_Vector_val<struct std::_Simple_types<struct vk::QueueFamilyProperties> >,1>::_Compressed_pair<struct std::_Wrap_alloc<class std::allocator<struct vk::QueueFamilyProperties> >,class std::_Vector_val<struct std::_Simple_types<struct vk::QueueFamilyProperties> >,1><struct std::_Wrap_alloc<class std::allocator<struct vk::QueueFamilyProperties> > >(struct std::_One_then_variadic_args_t,struct std::_Wrap_alloc<class std::allocator<struct vk::QueueFamilyProperties> > &&) 00461350 f i v2.obj
 0002:000103c0       public: __thiscall std::_Vector_alloc<struct std::_Vec_base_types<struct vk::QueueFamilyProperties,class std::allocator<struct vk::QueueFamilyProperties> > >::_Vector_alloc<struct std::_Vec_base_types<struct vk::QueueFamilyProperties,class std::allocator<struct vk::QueueFamilyProperties> > ><struct std::_Wrap_alloc<class std::allocator<struct vk::QueueFamilyProperties> >,void>(struct std::_Wrap_alloc<class std::allocator<struct vk::QueueFamilyProperties> > &&) 004613c0 f i v2.obj
 0002:00010480       public: __thiscall std::_Compressed_pair<struct std::_Wrap_alloc<class std::allocator<struct vk::SurfaceFormatKHR> >,class std::_Vector_val<struct std::_Simple_types<struct vk::SurfaceFormatKHR> >,1>::_Compressed_pair<struct std::_Wrap_alloc<class std::allocator<struct vk::SurfaceFormatKHR> >,class std::_Vector_val<struct std::_Simple_types<struct vk::SurfaceFormatKHR> >,1><struct std::_Wrap_alloc<class std::allocator<struct vk::SurfaceFormatKHR> > >(struct std::_One_then_variadic_args_t,struct std::_Wrap_alloc<class std::allocator<struct vk::SurfaceFormatKHR> > &&) 00461480 f i v2.obj
 0002:000104f0       public: __thiscall std::_Vector_alloc<struct std::_Vec_base_types<struct vk::SurfaceFormatKHR,class std::allocator<struct vk::SurfaceFormatKHR> > >::_Vector_alloc<struct std::_Vec_base_types<struct vk::SurfaceFormatKHR,class std::allocator<struct vk::SurfaceFormatKHR> > ><struct std::_Wrap_alloc<class std::allocator<struct vk::SurfaceFormatKHR> >,void>(struct std::_Wrap_alloc<class std::allocator<struct vk::SurfaceFormatKHR> > &&) 004614f0 f i v2.obj
 0002:000105b0       public: __thiscall std::_Compressed_pair<struct std::_Wrap_alloc<class std::allocator<struct vk::VertexInputAttributeDescription> >,class std::_Vector_val<struct std::_Simple_types<struct vk::VertexInputAttributeDescription> >,1>::_Compressed_pair<struct std::_Wrap_alloc<class std::allocator<struct vk::VertexInputAttributeDescription> >,class std::_Vector_val<struct std::_Simple_types<struct vk::VertexInputAttributeDescription> >,1><struct std::_Wrap_alloc<class std::allocator<struct vk::VertexInputAttributeDescription> > >(struct std::_One_then_variadic_args_t,struct std::_Wrap_alloc<class std::allocator<struct vk::VertexInputAttributeDescription> > &&) 004615b0 f i v2.obj
 0002:00010620       public: __thiscall std::_Vector_alloc<struct std::_Vec_base_types<struct vk::VertexInputAttributeDescription,class std::allocator<struct vk::VertexInputAttributeDescription> > >::_Vector_alloc<struct std::_Vec_base_types<struct vk::VertexInputAttributeDescription,class std::allocator<struct vk::VertexInputAttributeDescription> > ><struct std::_Wrap_alloc<class std::allocator<struct vk::VertexInputAttributeDescription> >,void>(struct std::_Wrap_alloc<class std::allocator<struct vk::VertexInputAttributeDescription> > &&) 00461620 f i v2.obj
 0002:000106e0       public: __thiscall std::_Compressed_pair<struct std::_Wrap_alloc<class std::allocator<class vk::CommandBuffer> >,class std::_Vector_val<struct std::_Simple_types<class vk::CommandBuffer> >,1>::_Compressed_pair<struct std::_Wrap_alloc<class std::allocator<class vk::CommandBuffer> >,class std::_Vector_val<struct std::_Simple_types<class vk::CommandBuffer> >,1><struct std::_Wrap_alloc<class std::allocator<class vk::CommandBuffer> > >(struct std::_One_then_variadic_args_t,struct std::_Wrap_alloc<class std::allocator<class vk::CommandBuffer> > &&) 004616e0 f i v2.obj
 0002:00010750       public: __thiscall std::_Vector_alloc<struct std::_Vec_base_types<class vk::CommandBuffer,class std::allocator<class vk::CommandBuffer> > >::_Vector_alloc<struct std::_Vec_base_types<class vk::CommandBuffer,class std::allocator<class vk::CommandBuffer> > ><struct std::_Wrap_alloc<class std::allocator<class vk::CommandBuffer> >,void>(struct std::_Wrap_alloc<class std::allocator<class vk::CommandBuffer> > &&) 00461750 f i v2.obj
 0002:00010810       public: __thiscall std::_Compressed_pair<struct std::_Wrap_alloc<class std::allocator<class vk::Image> >,class std::_Vector_val<struct std::_Simple_types<class vk::Image> >,1>::_Compressed_pair<struct std::_Wrap_alloc<class std::allocator<class vk::Image> >,class std::_Vector_val<struct std::_Simple_types<class vk::Image> >,1><struct std::_Wrap_alloc<class std::allocator<class vk::Image> > >(struct std::_One_then_variadic_args_t,struct std::_Wrap_alloc<class std::allocator<class vk::Image> > &&) 00461810 f i v2.obj
 0002:00010880       public: __thiscall std::_Vector_alloc<struct std::_Vec_base_types<class vk::Image,class std::allocator<class vk::Image> > >::_Vector_alloc<struct std::_Vec_base_types<class vk::Image,class std::allocator<class vk::Image> > ><struct std::_Wrap_alloc<class std::allocator<class vk::Image> >,void>(struct std::_Wrap_alloc<class std::allocator<class vk::Image> > &&) 00461880 f i v2.obj
 0002:00010940       public: __thiscall std::_Compressed_pair<struct std::_Wrap_alloc<class std::allocator<class vk::PhysicalDevice> >,class std::_Vector_val<struct std::_Simple_types<class vk::PhysicalDevice> >,1>::_Compressed_pair<struct std::_Wrap_alloc<class std::allocator<class vk::PhysicalDevice> >,class std::_Vector_val<struct std::_Simple_types<class vk::PhysicalDevice> >,1><struct std::_Wrap_alloc<class std::allocator<class vk::PhysicalDevice> > >(struct std::_One_then_variadic_args_t,struct std::_Wrap_alloc<class std::allocator<class vk::PhysicalDevice> > &&) 00461940 f i v2.obj
 0002:000109b0       public: __thiscall std::_Vector_alloc<struct std::_Vec_base_types<class vk::PhysicalDevice,class std::allocator<class vk::PhysicalDevice> > >::_Vector_alloc<struct std::_Vec_base_types<class vk::PhysicalDevice,class std::allocator<class vk::PhysicalDevice> > ><struct std::_Wrap_alloc<class std::allocator<class vk::PhysicalDevice> >,void>(struct std::_Wrap_alloc<class std::allocator<class vk::PhysicalDevice> > &&) 004619b0 f i v2.obj
 0002:00010a70       public: __thiscall std::_Compressed_pair<struct std::_Wrap_alloc<class std::allocator<enum vk::PresentModeKHR> >,class std::_Vector_val<struct std::_Simple_types<enum vk::PresentModeKHR> >,1>::_Compressed_pair<struct std::_Wrap_alloc<class std::allocator<enum vk::PresentModeKHR> >,class std::_Vector_val<struct std::_Simple_types<enum vk::PresentModeKHR> >,1><struct std::_Wrap_alloc<class std::allocator<enum vk::PresentModeKHR> > >(struct std::_One_then_variadic_args_t,struct std::_Wrap_alloc<class std::allocator<enum vk::PresentModeKHR> > &&) 00461a70 f i v2.obj
 0002:00010ae0       public: __thiscall std::_Vector_alloc<struct std::_Vec_base_types<enum vk::PresentModeKHR,class std::allocator<enum vk::PresentModeKHR> > >::_Vector_alloc<struct std::_Vec_base_types<enum vk::PresentModeKHR,class std::allocator<enum vk::PresentModeKHR> > ><struct std::_Wrap_alloc<class std::allocator<enum vk::PresentModeKHR> >,void>(struct std::_Wrap_alloc<class std::allocator<enum vk::PresentModeKHR> > &&) 00461ae0 f i v2.obj
 0002:00010ba0       public: __thiscall std::_Any_tag::_Any_tag<struct std::integral_constant<bool,1> >(struct std::integral_constant<bool,1> &&) 00461ba0 f i v2.obj
 0002:00010be0       public: __thiscall std::allocator<struct std::_Container_proxy>::allocator<struct std::_Container_proxy><struct vk::AttachmentDescription>(class std::allocator<struct vk::AttachmentDescription> const &) 00461be0 f i v2.obj
 0002:00010c20       public: __thiscall std::allocator<struct std::_Container_proxy>::allocator<struct std::_Container_proxy><struct vk::DescriptorPoolSize>(class std::allocator<struct vk::DescriptorPoolSize> const &) 00461c20 f i v2.obj
 0002:00010c60       public: __thiscall std::allocator<struct std::_Container_proxy>::allocator<struct std::_Container_proxy><struct vk::DescriptorSetLayoutBinding>(class std::allocator<struct vk::DescriptorSetLayoutBinding> const &) 00461c60 f i v2.obj
 0002:00010ca0       public: __thiscall std::allocator<struct std::_Container_proxy>::allocator<struct std::_Container_proxy><struct vk::DeviceQueueCreateInfo>(class std::allocator<struct vk::DeviceQueueCreateInfo> const &) 00461ca0 f i v2.obj
 0002:00010ce0       public: __thiscall std::allocator<struct std::_Container_proxy>::allocator<struct std::_Container_proxy><struct vk::ExtensionProperties>(class std::allocator<struct vk::ExtensionProperties> const &) 00461ce0 f i v2.obj
 0002:00010d20       public: __thiscall std::allocator<struct std::_Container_proxy>::allocator<struct std::_Container_proxy><struct vk::QueueFamilyProperties>(class std::allocator<struct vk::QueueFamilyProperties> const &) 00461d20 f i v2.obj
 0002:00010d60       public: __thiscall std::allocator<struct std::_Container_proxy>::allocator<struct std::_Container_proxy><struct vk::SurfaceFormatKHR>(class std::allocator<struct vk::SurfaceFormatKHR> const &) 00461d60 f i v2.obj
 0002:00010da0       public: __thiscall std::allocator<struct std::_Container_proxy>::allocator<struct std::_Container_proxy><struct Vertex>(class std::allocator<struct Vertex> const &) 00461da0 f i v2.obj
 0002:00010de0       public: __thiscall std::allocator<struct std::_Container_proxy>::allocator<struct std::_Container_proxy><struct vk::VertexInputAttributeDescription>(class std::allocator<struct vk::VertexInputAttributeDescription> const &) 00461de0 f i v2.obj
 0002:00010e20       public: __thiscall std::allocator<struct std::_Container_proxy>::allocator<struct std::_Container_proxy><struct VkLayerProperties>(class std::allocator<struct VkLayerProperties> const &) 00461e20 f i v2.obj
 0002:00010e60       public: __thiscall std::allocator<struct std::_Container_proxy>::allocator<struct std::_Container_proxy><struct vk::WriteDescriptorSet>(class std::allocator<struct vk::WriteDescriptorSet> const &) 00461e60 f i v2.obj
 0002:00010ea0       public: __thiscall std::pair<class std::_Tree_const_iterator<class std::_Tree_val<struct std::_Tree_simple_types<int> > >,bool>::pair<class std::_Tree_const_iterator<class std::_Tree_val<struct std::_Tree_simple_types<int> > >,bool><class std::_Tree_const_iterator<class std::_Tree_val<struct std::_Tree_simple_types<int> > >,bool,void,0>(class std::_Tree_const_iterator<class std::_Tree_val<struct std::_Tree_simple_types<int> > > &&,bool &&) 00461ea0 f i v2.obj
 0002:00010f20       public: __thiscall std::pair<class std::_Tree_const_iterator<class std::_Tree_val<struct std::_Tree_simple_types<class std::basic_string<char,struct std::char_traits<char>,class std::allocator<char> > > > >,bool>::pair<class std::_Tree_const_iterator<class std::_Tree_val<struct std::_Tree_simple_types<class std::basic_string<char,struct std::char_traits<char>,class std::allocator<char> > > > >,bool><class std::_Tree_const_iterator<class std::_Tree_val<struct std::_Tree_simple_types<class std::basic_string<char,struct std::char_traits<char>,class std::allocator<char> > > > >,bool,void,0>(class std::_Tree_const_iterator<class std::_Tree_val<struct std::_Tree_simple_types<class std::basic_string<char,struct std::char_traits<char>,class std::allocator<char> > > > > &&,bool &&) 00461f20 f i v2.obj
 0002:00010fa0       public: __thiscall std::set<class std::basic_string<char,struct std::char_traits<char>,class std::allocator<char> >,struct std::less<class std::basic_string<char,struct std::char_traits<char>,class std::allocator<char> > >,class std::allocator<class std::basic_string<char,struct std::char_traits<char>,class std::allocator<char> > > >::set<class std::basic_string<char,struct std::char_traits<char>,class std::allocator<char> >,struct std::less<class std::basic_string<char,struct std::char_traits<char>,class std::allocator<char> > >,class std::allocator<class std::basic_string<char,struct std::char_traits<char>,class std::allocator<char> > > ><class std::_Vector_const_iterator<class std::_Vector_val<struct std::_Simple_types<char const *> > > >(class std::_Vector_const_iterator<class std::_Vector_val<struct std::_Simple_types<char const *> > >,class std::_Vector_const_iterator<class std::_Vector_val<struct std::_Simple_types<char const *> > >) 00461fa0 f i v2.obj
 0002:000110b0       public: __thiscall std::_Wrap_alloc<class std::allocator<char> >::_Wrap_alloc<class std::allocator<char> ><class std::allocator<char> >(class std::allocator<char> &&) 004620b0 f i v2.obj
 0002:00011120       public: __thiscall std::_Wrap_alloc<class std::allocator<struct vk::ExtensionProperties> >::_Wrap_alloc<class std::allocator<struct vk::ExtensionProperties> ><class std::allocator<struct vk::ExtensionProperties> >(class std::allocator<struct vk::ExtensionProperties> &&) 00462120 f i v2.obj
 0002:00011190       public: __thiscall std::_Wrap_alloc<class std::allocator<struct vk::SurfaceFormatKHR> >::_Wrap_alloc<class std::allocator<struct vk::SurfaceFormatKHR> ><class std::allocator<struct vk::SurfaceFormatKHR> >(class std::allocator<struct vk::SurfaceFormatKHR> &&) 00462190 f i v2.obj
 0002:00011200       public: __thiscall vk::ArrayProxy<struct vk::WriteDescriptorSet const >::ArrayProxy<struct vk::WriteDescriptorSet const ><class std::allocator<struct vk::WriteDescriptorSet> >(class std::vector<struct vk::WriteDescriptorSet,class std::allocator<struct vk::WriteDescriptorSet> > &) 00462200 f i v2.obj
 0002:00011270       public: __thiscall vk::ArrayProxy<class vk::CommandBuffer const >::ArrayProxy<class vk::CommandBuffer const ><class std::allocator<class vk::CommandBuffer> >(class std::vector<class vk::CommandBuffer,class std::allocator<class vk::CommandBuffer> > &) 00462270 f i v2.obj
 0002:000112e0       public: __thiscall std::_Wrap_alloc<class std::allocator<class vk::CommandBuffer> >::_Wrap_alloc<class std::allocator<class vk::CommandBuffer> ><class std::allocator<class vk::CommandBuffer> >(class std::allocator<class vk::CommandBuffer> &&) 004622e0 f i v2.obj
 0002:00011350       public: __thiscall std::_Wrap_alloc<class std::allocator<class vk::Image> >::_Wrap_alloc<class std::allocator<class vk::Image> ><class std::allocator<class vk::Image> >(class std::allocator<class vk::Image> &&) 00462350 f i v2.obj
 0002:000113c0       public: __thiscall std::_Wrap_alloc<class std::allocator<class vk::PhysicalDevice> >::_Wrap_alloc<class std::allocator<class vk::PhysicalDevice> ><class std::allocator<class vk::PhysicalDevice> >(class std::allocator<class vk::PhysicalDevice> &&) 004623c0 f i v2.obj
 0002:00011430       public: __thiscall std::_Wrap_alloc<class std::allocator<enum vk::PresentModeKHR> >::_Wrap_alloc<class std::allocator<enum vk::PresentModeKHR> ><class std::allocator<enum vk::PresentModeKHR> >(class std::allocator<enum vk::PresentModeKHR> &&) 00462430 f i v2.obj
 0002:000114a0       public: __thiscall std::allocator<struct std::_Container_proxy>::allocator<struct std::_Container_proxy><class vk::CommandBuffer>(class std::allocator<class vk::CommandBuffer> const &) 004624a0 f i v2.obj
 0002:000114e0       public: __thiscall std::allocator<struct std::_Container_proxy>::allocator<struct std::_Container_proxy><class vk::Framebuffer>(class std::allocator<class vk::Framebuffer> const &) 004624e0 f i v2.obj
 0002:00011520       public: __thiscall std::allocator<struct std::_Container_proxy>::allocator<struct std::_Container_proxy><class vk::Image>(class std::allocator<class vk::Image> const &) 00462520 f i v2.obj
 0002:00011560       public: __thiscall std::allocator<struct std::_Container_proxy>::allocator<struct std::_Container_proxy><class vk::ImageView>(class std::allocator<class vk::ImageView> const &) 00462560 f i v2.obj
 0002:000115a0       public: __thiscall std::allocator<struct std::_Container_proxy>::allocator<struct std::_Container_proxy><class vk::PhysicalDevice>(class std::allocator<class vk::PhysicalDevice> const &) 004625a0 f i v2.obj
 0002:000115e0       public: __thiscall std::allocator<struct std::_Container_proxy>::allocator<struct std::_Container_proxy><enum vk::PresentModeKHR>(class std::allocator<enum vk::PresentModeKHR> const &) 004625e0 f i v2.obj
 0002:00011620       public: __thiscall std::chrono::duration<__int64,struct std::ratio<1,1000000000> >::duration<__int64,struct std::ratio<1,1000000000> ><__int64,void>(__int64 const &) 00462620 f i v2.obj
 0002:00011670       public: __thiscall std::chrono::duration<__int64,struct std::ratio<1,1000> >::duration<__int64,struct std::ratio<1,1000> ><__int64,void>(__int64 const &) 00462670 f i v2.obj
 0002:000116c0       class std::basic_ostream<char,struct std::char_traits<char> > & __cdecl std::operator<<<struct std::char_traits<char> >(class std::basic_ostream<char,struct std::char_traits<char> > &,char) 004626c0 f i v2.obj
 0002:00011b10       public: union vk::ClearColorValue & __thiscall vk::ClearColorValue::setFloat32(class std::array<float,4>) 00462b10 f i v2.obj
 0002:00011b70       public: void __thiscall std::basic_string<char,struct std::char_traits<char>,class std::allocator<char> >::shrink_to_fit(void) 00462b70 f i v2.obj
 0002:00011c30       class std::basic_ostream<char,struct std::char_traits<char> > & __cdecl std::operator<<<struct std::char_traits<char> >(class std::basic_ostream<char,struct std::char_traits<char> > &,char const *) 00462c30 f i v2.obj
 0002:000120d0       private: void __thiscall VulkanTestV2::setupDebugCallback(void) 004630d0 f i v2.obj
 0002:000121f0       bool __cdecl std::operator==<char,char>(class std::allocator<char> const &,class std::allocator<char> const &) 004631f0 f i v2.obj
 0002:00012220       bool __cdecl std::operator==<char const *,char const *>(class std::allocator<char const *> const &,class std::allocator<char const *> const &) 00463220 f i v2.obj
 0002:00012250       bool __cdecl std::operator==<struct vk::SurfaceFormatKHR,struct vk::SurfaceFormatKHR>(class std::allocator<struct vk::SurfaceFormatKHR> const &,class std::allocator<struct vk::SurfaceFormatKHR> const &) 00463250 f i v2.obj
 0002:00012280       bool __cdecl std::operator==<class std::allocator<char>,class std::allocator<char> >(struct std::_Wrap_alloc<class std::allocator<char> > const &,struct std::_Wrap_alloc<class std::allocator<char> > const &) 00463280 f i v2.obj
 0002:000122e0       bool __cdecl std::operator==<class std::allocator<char const *>,class std::allocator<char const *> >(struct std::_Wrap_alloc<class std::allocator<char const *> > const &,struct std::_Wrap_alloc<class std::allocator<char const *> > const &) 004632e0 f i v2.obj
 0002:00012340       bool __cdecl std::operator==<class std::allocator<struct vk::SurfaceFormatKHR>,class std::allocator<struct vk::SurfaceFormatKHR> >(struct std::_Wrap_alloc<class std::allocator<struct vk::SurfaceFormatKHR> > const &,struct std::_Wrap_alloc<class std::allocator<struct vk::SurfaceFormatKHR> > const &) 00463340 f i v2.obj
 0002:000123a0       bool __cdecl std::operator==<class std::allocator<class vk::CommandBuffer>,class std::allocator<class vk::CommandBuffer> >(struct std::_Wrap_alloc<class std::allocator<class vk::CommandBuffer> > const &,struct std::_Wrap_alloc<class std::allocator<class vk::CommandBuffer> > const &) 004633a0 f i v2.obj
 0002:00012400       bool __cdecl std::operator==<class std::allocator<class vk::Image>,class std::allocator<class vk::Image> >(struct std::_Wrap_alloc<class std::allocator<class vk::Image> > const &,struct std::_Wrap_alloc<class std::allocator<class vk::Image> > const &) 00463400 f i v2.obj
 0002:00012460       bool __cdecl std::operator==<class std::allocator<enum vk::PresentModeKHR>,class std::allocator<enum vk::PresentModeKHR> >(struct std::_Wrap_alloc<class std::allocator<enum vk::PresentModeKHR> > const &,struct std::_Wrap_alloc<class std::allocator<enum vk::PresentModeKHR> > const &) 00463460 f i v2.obj
 0002:000124c0       bool __cdecl std::operator==<class vk::CommandBuffer,class vk::CommandBuffer>(class std::allocator<class vk::CommandBuffer> const &,class std::allocator<class vk::CommandBuffer> const &) 004634c0 f i v2.obj
 0002:000124f0       bool __cdecl std::operator==<class vk::Image,class vk::Image>(class std::allocator<class vk::Image> const &,class std::allocator<class vk::Image> const &) 004634f0 f i v2.obj
 0002:00012520       bool __cdecl std::operator==<enum vk::PresentModeKHR,enum vk::PresentModeKHR>(class std::allocator<enum vk::PresentModeKHR> const &,class std::allocator<enum vk::PresentModeKHR> const &) 00463520 f i v2.obj
 0002:00012550       bool __cdecl std::operator!=<class std::allocator<char>,class std::allocator<char> >(struct std::_Wrap_alloc<class std::allocator<char> > const &,struct std::_Wrap_alloc<class std::allocator<char> > const &) 00463550 f i v2.obj
 0002:000125d0       bool __cdecl std::operator!=<class std::allocator<char const *>,class std::allocator<char const *> >(struct std::_Wrap_alloc<class std::allocator<char const *> > const &,struct std::_Wrap_alloc<class std::allocator<char const *> > const &) 004635d0 f i v2.obj
 0002:00012650       bool __cdecl std::operator!=<class std::allocator<struct vk::SurfaceFormatKHR>,class std::allocator<struct vk::SurfaceFormatKHR> >(struct std::_Wrap_alloc<class std::allocator<struct vk::SurfaceFormatKHR> > const &,struct std::_Wrap_alloc<class std::allocator<struct vk::SurfaceFormatKHR> > const &) 00463650 f i v2.obj
 0002:000126d0       bool __cdecl std::operator!=<class std::allocator<class vk::CommandBuffer>,class std::allocator<class vk::CommandBuffer> >(struct std::_Wrap_alloc<class std::allocator<class vk::CommandBuffer> > const &,struct std::_Wrap_alloc<class std::allocator<class vk::CommandBuffer> > const &) 004636d0 f i v2.obj
 0002:00012750       bool __cdecl std::operator!=<class std::allocator<class vk::Image>,class std::allocator<class vk::Image> >(struct std::_Wrap_alloc<class std::allocator<class vk::Image> > const &,struct std::_Wrap_alloc<class std::allocator<class vk::Image> > const &) 00463750 f i v2.obj
 0002:000127d0       bool __cdecl std::operator!=<class std::allocator<enum vk::PresentModeKHR>,class std::allocator<enum vk::PresentModeKHR> >(struct std::_Wrap_alloc<class std::allocator<enum vk::PresentModeKHR> > const &,struct std::_Wrap_alloc<class std::allocator<enum vk::PresentModeKHR> > const &) 004637d0 f i v2.obj
 0002:00012850       struct glm::tvec3<float,0> __cdecl glm::operator*<float,0>(struct glm::tvec3<float,0> const &,struct glm::tvec3<float,0> const &) 00463850 f i v2.obj
 0002:000128f0       struct glm::tvec3<float,0> __cdecl glm::operator*<float,0>(struct glm::tvec3<float,0> const &,float) 004638f0 f i v2.obj
 0002:00012990       struct glm::tvec3<float,0> __cdecl glm::operator*<float,0>(float,struct glm::tvec3<float,0> const &) 00463990 f i v2.obj
 0002:00012a30       struct glm::tvec4<float,0> __cdecl glm::operator*<float,0>(struct glm::tvec4<float,0> const &,float) 00463a30 f i v2.obj
 0002:00012ae0       struct glm::tvec3<float,0> __cdecl glm::operator-<float,0>(struct glm::tvec3<float,0> const &,struct glm::tvec3<float,0> const &) 00463ae0 f i v2.obj
 0002:00012b80       class std::chrono::duration<__int64,struct std::ratio<1,1000000000> > __cdecl std::chrono::operator-<struct std::chrono::steady_clock,class std::chrono::duration<__int64,struct std::ratio<1,1000000000> >,class std::chrono::duration<__int64,struct std::ratio<1,1000000000> > >(class std::chrono::time_point<struct std::chrono::steady_clock,class std::chrono::duration<__int64,struct std::ratio<1,1000000000> > > const &,class std::chrono::time_point<struct std::chrono::steady_clock,class std::chrono::duration<__int64,struct std::ratio<1,1000000000> > > const &) 00463b80 f i v2.obj
 0002:00012c00       class std::chrono::duration<__int64,struct std::ratio<1,1000000000> > __cdecl std::chrono::operator-<__int64,struct std::ratio<1,1000000000>,__int64,struct std::ratio<1,1000000000> >(class std::chrono::duration<__int64,struct std::ratio<1,1000000000> > const &,class std::chrono::duration<__int64,struct std::ratio<1,1000000000> > const &) 00463c00 f i v2.obj
 0002:00012cc0       class std::basic_string<char,struct std::char_traits<char>,class std::allocator<char> > __cdecl std::operator+<char,struct std::char_traits<char>,class std::allocator<char> >(class std::basic_string<char,struct std::char_traits<char>,class std::allocator<char> > &&,class std::basic_string<char,struct std::char_traits<char>,class std::allocator<char> > const &) 00463cc0 f i v2.obj
 0002:00012d50       class std::basic_string<char,struct std::char_traits<char>,class std::allocator<char> > __cdecl std::operator+<char,struct std::char_traits<char>,class std::allocator<char> >(class std::basic_string<char,struct std::char_traits<char>,class std::allocator<char> > &&,char const * const) 00463d50 f i v2.obj
 0002:00012de0       class std::basic_string<char,struct std::char_traits<char>,class std::allocator<char> > __cdecl std::operator+<char,struct std::char_traits<char>,class std::allocator<char> >(char const * const,class std::basic_string<char,struct std::char_traits<char>,class std::allocator<char> > const &) 00463de0 f i v2.obj
 0002:00012f40       struct glm::tvec4<float,0> __cdecl glm::operator+<float,0>(struct glm::tvec4<float,0> const &,struct glm::tvec4<float,0> const &) 00463f40 f i v2.obj
 0002:00012ff0       bool __cdecl std::operator<<char,struct std::char_traits<char>,class std::allocator<char> >(class std::basic_string<char,struct std::char_traits<char>,class std::allocator<char> > const &,class std::basic_string<char,struct std::char_traits<char>,class std::allocator<char> > const &) 00463ff0 f i v2.obj
 0002:00013070       public: bool __thiscall std::less<void>::operator()<unsigned int const &,unsigned int const &>(unsigned int const &,unsigned int const &)const  00464070 f i v2.obj
 0002:000130e0       public: struct glm::tvec4<float,0> & __thiscall glm::tvec4<float,0>::operator*=<float>(float) 004640e0 f i v2.obj
 0002:00013180       public: struct glm::tvec4<float,0> & __thiscall glm::tvec4<float,0>::operator+=<float>(struct glm::tvec4<float,0> const &) 00464180 f i v2.obj
 0002:00013240       public: struct std::_Tree_node<int,void *> * __thiscall std::_Tree_comp_alloc<class std::_Tset_traits<int,struct std::less<int>,class std::allocator<int>,0> >::_Buynode<int const &>(int const &) 00464240 f i v2.obj
 0002:00013390       public: struct std::_Tree_node<class std::basic_string<char,struct std::char_traits<char>,class std::allocator<char> >,void *> * __thiscall std::_Tree_comp_alloc<class std::_Tset_traits<class std::basic_string<char,struct std::char_traits<char>,class std::allocator<char> >,struct std::less<class std::basic_string<char,struct std::char_traits<char>,class std::allocator<char> > >,class std::allocator<class std::basic_string<char,struct std::char_traits<char>,class std::allocator<char> > >,0> >::_Buynode<char const * const &>(char const * const &) 00464390 f i v2.obj
 0002:000134e0       protected: struct std::_Tree_node<int,void *> * __thiscall std::_Tree<class std::_Tset_traits<int,struct std::less<int>,class std::allocator<int>,0> >::_Buynode_if_nil<int &>(struct std::_Tree_node<int,void *> *,int &) 004644e0 f i v2.obj
 0002:00013520       protected: struct std::_Tree_node<class std::basic_string<char,struct std::char_traits<char>,class std::allocator<char> >,void *> * __thiscall std::_Tree<class std::_Tset_traits<class std::basic_string<char,struct std::char_traits<char>,class std::allocator<char> >,struct std::less<class std::basic_string<char,struct std::char_traits<char>,class std::allocator<char> > >,class std::allocator<class std::basic_string<char,struct std::char_traits<char>,class std::allocator<char> > >,0> >::_Buynode_if_nil<class std::basic_string<char,struct std::char_traits<char>,class std::allocator<char> > &>(struct std::_Tree_node<class std::basic_string<char,struct std::char_traits<char>,class std::allocator<char> >,void *> *,class std::basic_string<char,struct std::char_traits<char>,class std::allocator<char> > &) 00464520 f i v2.obj
 0002:00013560       char const * * __cdecl std::_Copy_memmove<char const * *,char const * *>(char const * *,char const * *,char const * *) 00464560 f i v2.obj
 0002:000135f0       struct vk::ExtensionProperties * __cdecl std::_Copy_memmove<struct vk::ExtensionProperties *,struct vk::ExtensionProperties *>(struct vk::ExtensionProperties *,struct vk::ExtensionProperties *,struct vk::ExtensionProperties *) 004645f0 f i v2.obj
 0002:00013680       struct vk::SurfaceFormatKHR * __cdecl std::_Copy_memmove<struct vk::SurfaceFormatKHR *,struct vk::SurfaceFormatKHR *>(struct vk::SurfaceFormatKHR *,struct vk::SurfaceFormatKHR *,struct vk::SurfaceFormatKHR *) 00464680 f i v2.obj
 0002:00013710       enum vk::PresentModeKHR * __cdecl std::_Copy_memmove<enum vk::PresentModeKHR *,enum vk::PresentModeKHR *>(enum vk::PresentModeKHR *,enum vk::PresentModeKHR *,enum vk::PresentModeKHR *) 00464710 f i v2.obj
 0002:000137a0       unsigned short * __cdecl std::_Copy_memmove<unsigned short const *,unsigned short *>(unsigned short const *,unsigned short const *,unsigned short *) 004647a0 f i v2.obj
 0002:00013830       char const * * __cdecl std::_Copy_memmove<char const * const *,char const * *>(char const * const *,char const * const *,char const * *) 00464830 f i v2.obj
 0002:000138c0       bool __cdecl std::_Debug_lt<unsigned int const &,unsigned int const &>(unsigned int const &,unsigned int const &,wchar_t const *,unsigned int) 004648c0 f i v2.obj
 0002:00013970       bool __cdecl std::_Debug_lt_pred<struct std::less<int> &,int const &,int const &>(struct std::less<int> &,int const &,int const &,wchar_t const *,unsigned int) 00464970 f i v2.obj
 0002:00013a80       bool __cdecl std::_Debug_lt_pred<struct std::less<class std::basic_string<char,struct std::char_traits<char>,class std::allocator<char> > > &,class std::basic_string<char,struct std::char_traits<char>,class std::allocator<char> > const &,class std::basic_string<char,struct std::char_traits<char>,class std::allocator<char> > const &>(struct std::less<class std::basic_string<char,struct std::char_traits<char>,class std::allocator<char> > > &,class std::basic_string<char,struct std::char_traits<char>,class std::allocator<char> > const &,class std::basic_string<char,struct std::char_traits<char>,class std::allocator<char> > const &,wchar_t const *,unsigned int) 00464a80 f i v2.obj
 0002:00013b90       bool __cdecl std::_Debug_lt_pred<struct std::less<class std::basic_string<char,struct std::char_traits<char>,class std::allocator<char> > > const &,class std::basic_string<char,struct std::char_traits<char>,class std::allocator<char> > const &,class std::basic_string<char,struct std::char_traits<char>,class std::allocator<char> > const &>(struct std::less<class std::basic_string<char,struct std::char_traits<char>,class std::allocator<char> > > const &,class std::basic_string<char,struct std::char_traits<char>,class std::allocator<char> > const &,class std::basic_string<char,struct std::char_traits<char>,class std::allocator<char> > const &,wchar_t const *,unsigned int) 00464b90 f i v2.obj
 0002:00013ca0       bool __cdecl std::_Debug_lt_pred<struct std::less<void>,unsigned int const &,unsigned int const &>(struct std::less<void> &&,unsigned int const &,unsigned int const &,wchar_t const *,unsigned int) 00464ca0 f i v2.obj
 0002:00013db0       void __cdecl std::_Debug_range2<int const *>(int const *,int const *,wchar_t const *,unsigned int,struct std::random_access_iterator_tag) 00464db0 f i v2.obj
 0002:00013e60       void __cdecl std::_Debug_range2<enum vk::Result const *>(enum vk::Result const *,enum vk::Result const *,wchar_t const *,unsigned int,struct std::random_access_iterator_tag) 00464e60 f i v2.obj
 0002:00013f10       void __cdecl std::_Debug_range2<class std::_Vector_const_iterator<class std::_Vector_val<struct std::_Simple_types<char const *> > > >(class std::_Vector_const_iterator<class std::_Vector_val<struct std::_Simple_types<char const *> > >,class std::_Vector_const_iterator<class std::_Vector_val<struct std::_Simple_types<char const *> > >,wchar_t const *,unsigned int,struct std::random_access_iterator_tag) 00464f10 f i v2.obj
 0002:00014020       void __cdecl std::_Debug_range<int const *>(int const *,int const *,wchar_t const *,unsigned int) 00465020 f i v2.obj
 0002:00014090       void __cdecl std::_Debug_range<enum vk::Result const *>(enum vk::Result const *,enum vk::Result const *,wchar_t const *,unsigned int) 00465090 f i v2.obj
 0002:00014100       void __cdecl std::_Debug_range<class std::_Vector_const_iterator<class std::_Vector_val<struct std::_Simple_types<char const *> > > >(class std::_Vector_const_iterator<class std::_Vector_val<struct std::_Simple_types<char const *> > >,class std::_Vector_const_iterator<class std::_Vector_val<struct std::_Simple_types<char const *> > >,wchar_t const *,unsigned int) 00465100 f i v2.obj
 0002:00014210       void __cdecl std::_Destroy_range1<class std::allocator<char>,char *>(char *,char *,struct std::_Wrap_alloc<class std::allocator<char> > &,struct std::integral_constant<bool,1>) 00465210 f i v2.obj
 0002:00014240       void __cdecl std::_Destroy_range1<class std::allocator<unsigned short>,unsigned short *>(unsigned short *,unsigned short *,struct std::_Wrap_alloc<class std::allocator<unsigned short> > &,struct std::integral_constant<bool,1>) 00465240 f i v2.obj
 0002:00014270       void __cdecl std::_Destroy_range1<class std::allocator<char const *>,char const * *>(char const * *,char const * *,struct std::_Wrap_alloc<class std::allocator<char const *> > &,struct std::integral_constant<bool,1>) 00465270 f i v2.obj
[...]
 0005:00000160       __imp_public: virtual __thiscall std::basic_streambuf<char,struct std::char_traits<char> >::~basic_streambuf<char,struct std::char_traits<char> >(void) 00516160     msvcprtd:MSVCP140D.dll
 0005:00000164       __imp_protected: __thiscall std::basic_streambuf<char,struct std::char_traits<char> >::basic_streambuf<char,struct std::char_traits<char> >(void) 00516164     msvcprtd:MSVCP140D.dll
 0005:00000168       __imp_public: __int64 __thiscall std::ios_base::width(__int64) 00516168     msvcprtd:MSVCP140D.dll
 0005:0000016c       __imp_public: __int64 __thiscall std::ios_base::width(void)const  0051616c     msvcprtd:MSVCP140D.dll
 0005:00000170       __imp_public: int __thiscall std::ios_base::flags(void)const  00516170     msvcprtd:MSVCP140D.dll
 0005:00000174       __imp_public: bool __thiscall std::ios_base::good(void)const  00516174     msvcprtd:MSVCP140D.dll
 0005:00000178       __imp_unsigned long __cdecl std::_Winerror_message(unsigned long,char *,unsigned long) 00516178     msvcprtd:MSVCP140D.dll
 0005:0000017c       __imp_int __cdecl std::_Winerror_map(int) 0051617c     msvcprtd:MSVCP140D.dll
 0005:00000180       __imp_char const * __cdecl std::_Syserror_map(int) 00516180     msvcprtd:MSVCP140D.dll
 0005:00000184       __imp_public: static unsigned int __cdecl std::codecvt<char,char,struct _Mbstatet>::_Getcat(class std::locale::facet const * *,class std::locale const *) 00516184     msvcprtd:MSVCP140D.dll
 0005:00000188       __imp_public: int __thiscall std::codecvt<char,char,struct _Mbstatet>::unshift(struct _Mbstatet &,char *,char *,char * &)const  00516188     msvcprtd:MSVCP140D.dll
 0005:0000018c       __imp_public: int __thiscall std::codecvt<char,char,struct _Mbstatet>::out(struct _Mbstatet &,char const *,char const *,char const * &,char *,char *,char * &)const  0051618c     msvcprtd:MSVCP140D.dll
 0005:00000190       __imp_public: int __thiscall std::codecvt<char,char,struct _Mbstatet>::in(struct _Mbstatet &,char const *,char const *,char const * &,char *,char *,char * &)const  00516190     msvcprtd:MSVCP140D.dll
 0005:00000194       __imp_public: bool __thiscall std::codecvt_base::always_noconv(void)const  00516194     msvcprtd:MSVCP140D.dll
 0005:00000198       __imp_class std::basic_ostream<char,struct std::char_traits<char> > std::cerr 00516198     msvcprtd:MSVCP140D.dll
 0005:0000019c       __imp_public: class std::basic_istream<char,struct std::char_traits<char> > & __thiscall std::basic_istream<char,struct std::char_traits<char> >::read(char *,__int64) 0051619c     msvcprtd:MSVCP140D.dll
 0005:000001a0       __imp_public: __thiscall std::_Lockit::_Lockit(int) 005161a0     msvcprtd:MSVCP140D.dll
 0005:000001a4       __imp_public: __thiscall std::_Lockit::~_Lockit(void) 005161a4     msvcprtd:MSVCP140D.dll
 0005:000001a8       __imp_bool __cdecl std::uncaught_exception(void) 005161a8     msvcprtd:MSVCP140D.dll
 0005:000001ac       __imp_void __cdecl std::_Debug_message(wchar_t const *,wchar_t const *,unsigned int) 005161ac     msvcprtd:MSVCP140D.dll
 0005:000001b0       __imp_void __cdecl std::_Xbad_alloc(void) 005161b0     msvcprtd:MSVCP140D.dll
 0005:000001b4       __imp_void __cdecl std::_Xlength_error(char const *) 005161b4     msvcprtd:MSVCP140D.dll
 0005:000001b8       __imp_void __cdecl std::_Xout_of_range(char const *) 005161b8     msvcprtd:MSVCP140D.dll
 0005:000001bc       __imp_public: __thiscall std::locale::id::operator unsigned int(void) 005161bc     msvcprtd:MSVCP140D.dll
 0005:000001c0       __imp_private: static class std::locale::_Locimp * __cdecl std::locale::_Getgloballocale(void) 005161c0     msvcprtd:MSVCP140D.dll
 0005:000001c4       \177MSVCP140D_NULL_THUNK_DATA 005161c4     msvcprtd:MSVCP140D.dll
 0005:00000220       __imp__SDL_GetWindowWMInfo 00516220     SDL2:SDL2.dll
 0005:00000224       __imp__SDL_Quit            00516224     SDL2:SDL2.dll
 0005:00000228       __imp__SDL_Init            00516228     SDL2:SDL2.dll
 0005:0000022c       __imp__SDL_Delay           0051622c     SDL2:SDL2.dll
 0005:00000230       __imp__SDL_PollEvent       00516230     SDL2:SDL2.dll
 0005:00000234       __imp__SDL_DestroyWindow   00516234     SDL2:SDL2.dll
 0005:00000238       __imp__SDL_GetWindowSize   00516238     SDL2:SDL2.dll
 0005:0000023c       __imp__SDL_CreateWindow    0051623c     SDL2:SDL2.dll
 0005:00000240       \177SDL2_NULL_THUNK_DATA   00516240     SDL2:SDL2.dll
 0005:00000270       __imp____vcrt_LoadLibraryExW 00516270     vcruntimed:VCRUNTIME140D.dll
 0005:00000274       __imp____vcrt_GetModuleHandleW 00516274     vcruntimed:VCRUNTIME140D.dll
 0005:00000278       __imp____vcrt_GetModuleFileNameW 00516278     vcruntimed:VCRUNTIME140D.dll
 0005:0000027c       __imp___except_handler4_common 0051627c     vcruntimed:VCRUNTIME140D.dll
 0005:00000280       __imp____std_type_info_destroy_list 00516280     vcruntimed:VCRUNTIME140D.dll
 0005:00000284       __imp____vcrt_InitializeCriticalSectionEx 00516284     vcruntimed:VCRUNTIME140D.dll
 0005:00000288       __imp____CxxFrameHandler3  00516288     vcruntimed:VCRUNTIME140D.dll
 0005:0000028c       __imp___CxxThrowException@8 0051628c     vcruntimed:VCRUNTIME140D.dll
 0005:00000290       __imp____std_exception_destroy 00516290     vcruntimed:VCRUNTIME140D.dll
 0005:00000294       __imp____std_exception_copy 00516294     vcruntimed:VCRUNTIME140D.dll
 0005:00000298       __imp__memset              00516298     vcruntimed:VCRUNTIME140D.dll
 0005:0000029c       __imp__memmove             0051629c     vcruntimed:VCRUNTIME140D.dll
 0005:000002a0       __imp__memcpy              005162a0     vcruntimed:VCRUNTIME140D.dll
 0005:000002a4       __imp__memcmp              005162a4     vcruntimed:VCRUNTIME140D.dll
 0005:000002a8       __imp___purecall           005162a8     vcruntimed:VCRUNTIME140D.dll
 0005:000002ac       \177VCRUNTIME140D_NULL_THUNK_DATA 005162ac     vcruntimed:VCRUNTIME140D.dll
 0005:000002e4       __imp___seh_filter_dll     005162e4     ucrtd:ucrtbased.dll
 0005:000002e8       __imp___callnewh           005162e8     ucrtd:ucrtbased.dll
 0005:000002ec       __imp____p__commode        005162ec     ucrtd:ucrtbased.dll
 0005:000002f0       __imp___set_new_mode       005162f0     ucrtd:ucrtbased.dll
 0005:000002f4       __imp___configthreadlocale 005162f4     ucrtd:ucrtbased.dll
 0005:000002f8       __imp___register_thread_local_exe_atexit_callback 005162f8     ucrtd:ucrtbased.dll
 0005:000002fc       __imp___c_exit             005162fc     ucrtd:ucrtbased.dll
 0005:00000300       __imp___cexit              00516300     ucrtd:ucrtbased.dll
 0005:00000304       __imp____p___argv          00516304     ucrtd:ucrtbased.dll
 0005:00000308       __imp____p___argc          00516308     ucrtd:ucrtbased.dll
 0005:0000030c       __imp___initialize_onexit_table 0051630c     ucrtd:ucrtbased.dll
 0005:00000310       __imp___exit               00516310     ucrtd:ucrtbased.dll
 0005:00000314       __imp__exit                00516314     ucrtd:ucrtbased.dll
 0005:00000318       __imp___initterm_e         00516318     ucrtd:ucrtbased.dll
 0005:0000031c       __imp___initterm           0051631c     ucrtd:ucrtbased.dll
 0005:00000320       __imp___get_initial_narrow_environment 00516320     ucrtd:ucrtbased.dll
 0005:00000324       __imp___initialize_narrow_environment 00516324     ucrtd:ucrtbased.dll
 0005:00000328       __imp___configure_narrow_argv 00516328     ucrtd:ucrtbased.dll
 0005:0000032c       __imp____setusermatherr    0051632c     ucrtd:ucrtbased.dll
 0005:00000330       __imp___set_app_type       00516330     ucrtd:ucrtbased.dll
 0005:00000334       __imp___seh_filter_exe     00516334     ucrtd:ucrtbased.dll
 0005:00000338       __imp___malloc_dbg         00516338     ucrtd:ucrtbased.dll
 0005:0000033c       __imp___free_dbg           0051633c     ucrtd:ucrtbased.dll
 0005:00000340       __imp___CrtDbgReportW      00516340     ucrtd:ucrtbased.dll
 0005:00000344       __imp___unlock_file        00516344     ucrtd:ucrtbased.dll
 0005:00000348       __imp___lock_file          00516348     ucrtd:ucrtbased.dll
 0005:0000034c       __imp__ungetc              0051634c     ucrtd:ucrtbased.dll
 0005:00000350       __imp__setvbuf             00516350     ucrtd:ucrtbased.dll
 0005:00000354       __imp__fwrite              00516354     ucrtd:ucrtbased.dll
 0005:00000358       __imp__ftell               00516358     ucrtd:ucrtbased.dll
 0005:0000035c       __imp___register_onexit_function 0051635c     ucrtd:ucrtbased.dll
 0005:00000360       __imp___execute_onexit_table 00516360     ucrtd:ucrtbased.dll
 0005:00000364       __imp___crt_atexit         00516364     ucrtd:ucrtbased.dll
 0005:00000368       __imp___crt_at_quick_exit  00516368     ucrtd:ucrtbased.dll
 0005:0000036c       __imp___CrtDbgReport       0051636c     ucrtd:ucrtbased.dll
 0005:00000370       __imp___except1            00516370     ucrtd:ucrtbased.dll
 0005:00000374       __imp___controlfp_s        00516374     ucrtd:ucrtbased.dll
 0005:00000378       __imp__terminate           00516378     ucrtd:ucrtbased.dll
 0005:0000037c       __imp__strcpy_s            0051637c     ucrtd:ucrtbased.dll
 0005:00000380       __imp__strcat_s            00516380     ucrtd:ucrtbased.dll
 0005:00000384       __imp____stdio_common_vsprintf_s 00516384     ucrtd:ucrtbased.dll
 0005:00000388       __imp___wmakepath_s        00516388     ucrtd:ucrtbased.dll
 0005:0000038c       __imp___wsplitpath_s       0051638c     ucrtd:ucrtbased.dll
 0005:00000390       __imp__wcscpy_s            00516390     ucrtd:ucrtbased.dll
 0005:00000394       __imp___set_fmode          00516394     ucrtd:ucrtbased.dll
 0005:00000398       __imp___invalid_parameter  00516398     ucrtd:ucrtbased.dll
 0005:0000039c       __imp___invalid_parameter_noinfo 0051639c     ucrtd:ucrtbased.dll
 0005:000003a0       __imp__free                005163a0     ucrtd:ucrtbased.dll
 0005:000003a4       __imp__malloc              005163a4     ucrtd:ucrtbased.dll
 0005:000003a8       __imp__realloc             005163a8     ucrtd:ucrtbased.dll
 0005:000003ac       __imp___errno              005163ac     ucrtd:ucrtbased.dll
 0005:000003b0       __imp__abs                 005163b0     ucrtd:ucrtbased.dll
 0005:000003b4       __imp___lrotl              005163b4     ucrtd:ucrtbased.dll
 0005:000003b8       __imp__strtol              005163b8     ucrtd:ucrtbased.dll
 0005:000003bc       __imp__cos                 005163bc     ucrtd:ucrtbased.dll
 0005:000003c0       __imp__pow                 005163c0     ucrtd:ucrtbased.dll
 0005:000003c4       __imp__sin                 005163c4     ucrtd:ucrtbased.dll
 0005:000003c8       __imp__sqrt                005163c8     ucrtd:ucrtbased.dll
 0005:000003cc       __imp__tan                 005163cc     ucrtd:ucrtbased.dll
 0005:000003d0       __imp__ldexp               005163d0     ucrtd:ucrtbased.dll
 0005:000003d4       __imp___wassert            005163d4     ucrtd:ucrtbased.dll
 0005:000003d8       __imp__strcmp              005163d8     ucrtd:ucrtbased.dll
 0005:000003dc       __imp__strlen              005163dc     ucrtd:ucrtbased.dll
 0005:000003e0       __imp__strncmp             005163e0     ucrtd:ucrtbased.dll
 0005:000003e4       __imp___get_stream_buffer_pointers 005163e4     ucrtd:ucrtbased.dll
 0005:000003e8       __imp__fopen_s             005163e8     ucrtd:ucrtbased.dll
 0005:000003ec       __imp__fclose              005163ec     ucrtd:ucrtbased.dll
 0005:000003f0       __imp__feof                005163f0     ucrtd:ucrtbased.dll
 0005:000003f4       __imp__fflush              005163f4     ucrtd:ucrtbased.dll
 0005:000003f8       __imp__fgetc               005163f8     ucrtd:ucrtbased.dll
 0005:000003fc       __imp__fgetpos             005163fc     ucrtd:ucrtbased.dll
 0005:00000400       __imp__fputc               00516400     ucrtd:ucrtbased.dll
 0005:00000404       __imp__fread               00516404     ucrtd:ucrtbased.dll
 0005:00000408       __imp__fsetpos             00516408     ucrtd:ucrtbased.dll
 0005:0000040c       __imp__fseek               0051640c     ucrtd:ucrtbased.dll
 0005:00000410       __imp___fseeki64           00516410     ucrtd:ucrtbased.dll
 0005:00000414       \177ucrtbased_NULL_THUNK_DATA 00516414     ucrtd:ucrtbased.dll
 0005:0000047c       __imp__vkCreateShaderModule@16 0051647c     vulkan-1:vulkan-1.dll
 0005:00000480       __imp__vkDestroyShaderModule@16 00516480     vulkan-1:vulkan-1.dll
 0005:00000484       __imp__vkCreateGraphicsPipelines@28 00516484     vulkan-1:vulkan-1.dll
 0005:00000488       __imp__vkDestroyPipeline@16 00516488     vulkan-1:vulkan-1.dll
 0005:0000048c       __imp__vkCreatePipelineLayout@16 0051648c     vulkan-1:vulkan-1.dll
 0005:00000490       __imp__vkDestroyPipelineLayout@16 00516490     vulkan-1:vulkan-1.dll
 0005:00000494       __imp__vkCreateSampler@16  00516494     vulkan-1:vulkan-1.dll
 0005:00000498       __imp__vkDestroySampler@16 00516498     vulkan-1:vulkan-1.dll
 0005:0000049c       __imp__vkCreateDescriptorSetLayout@16 0051649c     vulkan-1:vulkan-1.dll
 0005:000004a0       __imp__vkDestroyDescriptorSetLayout@16 005164a0     vulkan-1:vulkan-1.dll
 0005:000004a4       __imp__vkCreateDescriptorPool@16 005164a4     vulkan-1:vulkan-1.dll
 0005:000004a8       __imp__vkDestroyDescriptorPool@16 005164a8     vulkan-1:vulkan-1.dll
 0005:000004ac       __imp__vkAllocateDescriptorSets@12 005164ac     vulkan-1:vulkan-1.dll
 0005:000004b0       __imp__vkUpdateDescriptorSets@20 005164b0     vulkan-1:vulkan-1.dll
 0005:000004b4       __imp__vkCreateFramebuffer@16 005164b4     vulkan-1:vulkan-1.dll
 0005:000004b8       __imp__vkDestroyFramebuffer@16 005164b8     vulkan-1:vulkan-1.dll
 0005:000004bc       __imp__vkCreateRenderPass@16 005164bc     vulkan-1:vulkan-1.dll
 0005:000004c0       __imp__vkDestroyRenderPass@16 005164c0     vulkan-1:vulkan-1.dll
 0005:000004c4       __imp__vkCreateCommandPool@16 005164c4     vulkan-1:vulkan-1.dll
 0005:000004c8       __imp__vkDestroyCommandPool@16 005164c8     vulkan-1:vulkan-1.dll
 0005:000004cc       __imp__vkAllocateCommandBuffers@12 005164cc     vulkan-1:vulkan-1.dll
 0005:000004d0       __imp__vkFreeCommandBuffers@20 005164d0     vulkan-1:vulkan-1.dll
 0005:000004d4       __imp__vkBeginCommandBuffer@8 005164d4     vulkan-1:vulkan-1.dll
 0005:000004d8       __imp__vkEndCommandBuffer@4 005164d8     vulkan-1:vulkan-1.dll
 0005:000004dc       __imp__vkCmdBindPipeline@16 005164dc     vulkan-1:vulkan-1.dll
 0005:000004e0       __imp__vkCmdBindDescriptorSets@36 005164e0     vulkan-1:vulkan-1.dll
 0005:000004e4       __imp__vkCmdBindIndexBuffer@24 005164e4     vulkan-1:vulkan-1.dll
 0005:000004e8       __imp__vkCmdBindVertexBuffers@20 005164e8     vulkan-1:vulkan-1.dll
 0005:000004ec       __imp__vkCmdDrawIndexed@24 005164ec     vulkan-1:vulkan-1.dll
 0005:000004f0       __imp__vkCmdCopyBuffer@28  005164f0     vulkan-1:vulkan-1.dll
 0005:000004f4       __imp__vkCmdCopyBufferToImage@32 005164f4     vulkan-1:vulkan-1.dll
 0005:000004f8       __imp__vkCmdPipelineBarrier@40 005164f8     vulkan-1:vulkan-1.dll
 0005:000004fc       __imp__vkCmdBeginRenderPass@12 005164fc     vulkan-1:vulkan-1.dll
 0005:00000500       __imp__vkCmdEndRenderPass@4 00516500     vulkan-1:vulkan-1.dll
 0005:00000504       __imp__vkDestroySurfaceKHR@16 00516504     vulkan-1:vulkan-1.dll
 0005:00000508       __imp__vkGetPhysicalDeviceSurfaceSupportKHR@20 00516508     vulkan-1:vulkan-1.dll
 0005:0000050c       __imp__vkGetPhysicalDeviceSurfaceCapabilitiesKHR@16 0051650c     vulkan-1:vulkan-1.dll
 0005:00000510       __imp__vkGetPhysicalDeviceSurfaceFormatsKHR@20 00516510     vulkan-1:vulkan-1.dll
 0005:00000514       __imp__vkGetPhysicalDeviceSurfacePresentModesKHR@20 00516514     vulkan-1:vulkan-1.dll
 0005:00000518       __imp__vkCreateSwapchainKHR@16 00516518     vulkan-1:vulkan-1.dll
 0005:0000051c       __imp__vkDestroySwapchainKHR@16 0051651c     vulkan-1:vulkan-1.dll
 0005:00000520       __imp__vkGetSwapchainImagesKHR@20 00516520     vulkan-1:vulkan-1.dll
 0005:00000524       __imp__vkAcquireNextImageKHR@40 00516524     vulkan-1:vulkan-1.dll
 0005:00000528       __imp__vkQueuePresentKHR@8 00516528     vulkan-1:vulkan-1.dll
 0005:0000052c       __imp__vkCreateWin32SurfaceKHR@16 0051652c     vulkan-1:vulkan-1.dll
 0005:00000530       __imp__vkDestroyImageView@16 00516530     vulkan-1:vulkan-1.dll
 0005:00000534       __imp__vkCreateImageView@16 00516534     vulkan-1:vulkan-1.dll
 0005:00000538       __imp__vkDestroyImage@16   00516538     vulkan-1:vulkan-1.dll
 0005:0000053c       __imp__vkCreateImage@16    0051653c     vulkan-1:vulkan-1.dll
 0005:00000540       __imp__vkDestroyBuffer@16  00516540     vulkan-1:vulkan-1.dll
 0005:00000544       __imp__vkCreateBuffer@16   00516544     vulkan-1:vulkan-1.dll
 0005:00000548       __imp__vkDestroySemaphore@16 00516548     vulkan-1:vulkan-1.dll
 0005:0000054c       __imp__vkCreateSemaphore@16 0051654c     vulkan-1:vulkan-1.dll
 0005:00000550       __imp__vkGetImageMemoryRequirements@16 00516550     vulkan-1:vulkan-1.dll
 0005:00000554       __imp__vkGetBufferMemoryRequirements@16 00516554     vulkan-1:vulkan-1.dll
 0005:00000558       __imp__vkBindImageMemory@28 00516558     vulkan-1:vulkan-1.dll
 0005:0000055c       __imp__vkBindBufferMemory@28 0051655c     vulkan-1:vulkan-1.dll
 0005:00000560       __imp__vkUnmapMemory@12    00516560     vulkan-1:vulkan-1.dll
 0005:00000564       __imp__vkMapMemory@36      00516564     vulkan-1:vulkan-1.dll
 0005:00000568       __imp__vkFreeMemory@16     00516568     vulkan-1:vulkan-1.dll
 0005:0000056c       __imp__vkAllocateMemory@16 0051656c     vulkan-1:vulkan-1.dll
 0005:00000570       __imp__vkDeviceWaitIdle@4  00516570     vulkan-1:vulkan-1.dll
 0005:00000574       __imp__vkQueueWaitIdle@4   00516574     vulkan-1:vulkan-1.dll
 0005:00000578       __imp__vkQueueSubmit@20    00516578     vulkan-1:vulkan-1.dll
 0005:0000057c       __imp__vkGetDeviceQueue@16 0051657c     vulkan-1:vulkan-1.dll
 0005:00000580       __imp__vkEnumerateInstanceLayerProperties@8 00516580     vulkan-1:vulkan-1.dll
 0005:00000584       __imp__vkEnumerateDeviceExtensionProperties@16 00516584     vulkan-1:vulkan-1.dll
 0005:00000588       __imp__vkDestroyDevice@8   00516588     vulkan-1:vulkan-1.dll
 0005:0000058c       __imp__vkCreateDevice@16   0051658c     vulkan-1:vulkan-1.dll
 0005:00000590       __imp__vkGetInstanceProcAddr@8 00516590     vulkan-1:vulkan-1.dll
 0005:00000594       __imp__vkGetPhysicalDeviceMemoryProperties@8 00516594     vulkan-1:vulkan-1.dll
 0005:00000598       __imp__vkGetPhysicalDeviceQueueFamilyProperties@12 00516598     vulkan-1:vulkan-1.dll
 0005:0000059c       __imp__vkGetPhysicalDeviceFeatures@8 0051659c     vulkan-1:vulkan-1.dll
 0005:000005a0       __imp__vkEnumeratePhysicalDevices@12 005165a0     vulkan-1:vulkan-1.dll
 0005:000005a4       __imp__vkDestroyInstance@8 005165a4     vulkan-1:vulkan-1.dll
 0005:000005a8       __imp__vkCreateInstance@12 005165a8     vulkan-1:vulkan-1.dll
 0005:000005ac       \177vulkan-1_NULL_THUNK_DATA 005165ac     vulkan-1:vulkan-1.dll
 0005:00000614       __IMPORT_DESCRIPTOR_vulkan-1 00516614     vulkan-1:vulkan-1.dll
 0005:00000628       __IMPORT_DESCRIPTOR_SDL2   00516628     SDL2:SDL2.dll
 0005:0000063c       __IMPORT_DESCRIPTOR_KERNEL32 0051663c     kernel32:KERNEL32.dll
 0005:00000650       __IMPORT_DESCRIPTOR_MSVCP140D 00516650     msvcprtd:MSVCP140D.dll
 0005:00000664       __IMPORT_DESCRIPTOR_VCRUNTIME140D 00516664     vcruntimed:VCRUNTIME140D.dll
 0005:00000678       __IMPORT_DESCRIPTOR_ucrtbased 00516678     ucrtd:ucrtbased.dll
 0005:0000068c       __NULL_IMPORT_DESCRIPTOR   0051668c     vulkan-1:vulkan-1.dll
 0006:00000000       __tls_start                00519000     MSVCRTD:tlssup.obj
 0006:00000104       __Init_thread_epoch        00519104     MSVCRTD:thread_safe_statics.obj
 0006:00000208       __tls_end                  00519208     MSVCRTD:tlssup.obj
 0007:00000000       ___guard_check_icall_fptr  0051a000     MSVCRTD:guard_support.obj
